Analyzing HRoptimisticDev-flutterflow...                        

warning - The value of the local variable 'formatResult' isn't used - complete_fix.dart:29:9 - unused_local_variable
   info - 'withOpacity' is deprecated and shouldn't be used. Use .withValues() to avoid precision loss - lib\core\presentation\widgets\loading_overlay.dart:22:42 - deprecated_member_use
   info - 'withOpacity' is deprecated and shouldn't be used. Use .withValues() to avoid precision loss - lib\core\theme\app_theme.dart:8:40 - deprecated_member_use
warning - The value of the field '_future' isn't used - lib\core\utils\easy_debounce.dart:35:17 - unused_field
   info - 'withOpacity' is deprecated and shouldn't be used. Use .withValues() to avoid precision loss - lib\core\widgets\app_button_tabbar.dart:51:83 - deprecated_member_use
   info - 'withOpacity' is deprecated and shouldn't be used. Use .withValues() to avoid precision loss - lib\core\widgets\custom_button_tabbar.dart:45:37 - deprecated_member_use
   info - 'withOpacity' is deprecated and shouldn't be used. Use .withValues() to avoid precision loss - lib\core\widgets\custom_icon_button.dart:59:67 - deprecated_member_use
   info - 'withOpacity' is deprecated and shouldn't be used. Use .withValues() to avoid precision loss - lib\core\widgets\loading_overlay.dart:20:33 - deprecated_member_use
   info - 'WillPopScope' is deprecated and shouldn't be used. Use PopScope instead. The Android predictive back feature will not work with WillPopScope. This feature was deprecated after v3.12.0-1.0.pre - lib\features\auth\presentation\pages\login_page.dart:37:16 - deprecated_member_use
   info - 'withOpacity' is deprecated and shouldn't be used. Use .withValues() to avoid precision loss - lib\features\auth\presentation\pages\pin_code\pin_code_page.dart:158:74 - deprecated_member_use
   info - 'withOpacity' is deprecated and shouldn't be used. Use .withValues() to avoid precision loss - lib\features\check_in_check_out\presentation\widgets\attendance_stats_card.dart:104:26 - deprecated_member_use
warning - The operand can't be 'null', so the condition is always 'true' - lib\features\home\presentation\widgets\announcement_list.dart:120:55 - unnecessary_null_comparison
   info - 'withOpacity' is deprecated and shouldn't be used. Use .withValues() to avoid precision loss - lib\features\home\presentation\widgets\attendance_card.dart:26:36 - deprecated_member_use
   info - 'withOpacity' is deprecated and shouldn't be used. Use .withValues() to avoid precision loss - lib\features\home\presentation\widgets\attendance_card_v2.dart:26:36 - deprecated_member_use
   info - 'withOpacity' is deprecated and shouldn't be used. Use .withValues() to avoid precision loss - lib\features\onsite\presentation\widgets\onsite_list_item.dart:97:22 - deprecated_member_use
   info - 'withOpacity' is deprecated and shouldn't be used. Use .withValues() to avoid precision loss - lib\features\overtime\presentation\screens\overtime_request_details_screen.dart:106:26 - deprecated_member_use
   info - 'withOpacity' is deprecated and shouldn't be used. Use .withValues() to avoid precision loss - lib\features\overtime\presentation\widgets\overtime_request_card.dart:114:22 - deprecated_member_use
   info - 'withOpacity' is deprecated and shouldn't be used. Use .withValues() to avoid precision loss - lib\features\overtime\presentation\widgets\overtime_type_chip.dart:35:22 - deprecated_member_use
   info - 'plusCircle' is deprecated and shouldn't be used. Use "circlePlus" instead - lib\leave\leave_page\leave_page_widget.dart:143:36 - deprecated_member_use
  error - Undefined class 'CookieAndPrivacyPolicyModel' - lib\my_info\cookie_and_privacy_policy\cookie_and_privacy_policy_widget.dart:24:8 - undefined_class
  error - The method 'CookieAndPrivacyPolicyModel' isn't defined for the type '_CookieAndPrivacyPolicyWidgetState' - lib\my_info\cookie_and_privacy_policy\cookie_and_privacy_policy_widget.dart:31:41 - undefined_method
  error - The getter 'primaryBackground' isn't defined for the type 'ColorScheme' - lib\my_info\cookie_and_privacy_policy\cookie_and_privacy_policy_widget.dart:52:56 - undefined_getter
  error - The getter 'primaryBackground' isn't defined for the type 'ColorScheme' - lib\my_info\cookie_and_privacy_policy\cookie_and_privacy_policy_widget.dart:54:58 - undefined_getter
  error - Undefined name 'FFLocalizations' - lib\my_info\cookie_and_privacy_policy\cookie_and_privacy_policy_widget.dart:72:13 - undefined_identifier
  error - The getter '$1' isn't defined for the type 'TextTheme' - lib\my_info\cookie_and_privacy_policy\cookie_and_privacy_policy_widget.dart:75:48 - undefined_getter
  error - The getter 'headlineMedium' isn't defined for the type 'BuildContext' - lib\my_info\cookie_and_privacy_policy\cookie_and_privacy_policy_widget.dart:78:33 - undefined_getter
  error - The getter 'headlineMedium' isn't defined for the type 'BuildContext' - lib\my_info\cookie_and_privacy_policy\cookie_and_privacy_policy_widget.dart:80:33 - undefined_getter
  error - The getter 'headlineMedium' isn't defined for the type 'BuildContext' - lib\my_info\cookie_and_privacy_policy\cookie_and_privacy_policy_widget.dart:86:31 - undefined_getter
  error - The getter 'headlineMedium' isn't defined for the type 'BuildContext' - lib\my_info\cookie_and_privacy_policy\cookie_and_privacy_policy_widget.dart:88:31 - undefined_getter
  error - The getter 'secondaryBackground' isn't defined for the type 'ColorScheme' - lib\my_info\cookie_and_privacy_policy\cookie_and_privacy_policy_widget.dart:103:54 - undefined_getter
  error - The getter 'secondaryBackground' isn't defined for the type 'ColorScheme' - lib\my_info\cookie_and_privacy_policy\cookie_and_privacy_policy_widget.dart:118:61 - undefined_getter
  error - Undefined name 'FFLocalizations' - lib\my_info\cookie_and_privacy_policy\cookie_and_privacy_policy_widget.dart:133:37 - undefined_identifier
  error - Undefined name 'FFLocalizations' - lib\my_info\cookie_and_privacy_policy\cookie_and_privacy_policy_widget.dart:173:41 - undefined_identifier
  error - Undefined name 'FFLocalizations' - lib\my_info\cookie_and_privacy_policy\cookie_and_privacy_policy_widget.dart:199:41 - undefined_identifier
  error - Undefined name 'FFLocalizations' - lib\my_info\cookie_and_privacy_policy\cookie_and_privacy_policy_widget.dart:241:43 - undefined_identifier
  error - Undefined name 'FFLocalizations' - lib\my_info\cookie_and_privacy_policy\cookie_and_privacy_policy_widget.dart:271:45 - undefined_identifier
  error - Undefined name 'FFLocalizations' - lib\my_info\cookie_and_privacy_policy\cookie_and_privacy_policy_widget.dart:302:45 - undefined_identifier
  error - The method 'launchURL' isn't defined for the type '_CookieAndPrivacyPolicyWidgetState' - lib\my_info\cookie_and_privacy_policy\cookie_and_privacy_policy_widget.dart:340:53 - undefined_method
  error - Undefined name 'FFLocalizations' - lib\my_info\cookie_and_privacy_policy\cookie_and_privacy_policy_widget.dart:344:47 - undefined_identifier
  error - Undefined name 'FFLocalizations' - lib\my_info\cookie_and_privacy_policy\cookie_and_privacy_policy_widget.dart:373:41 - undefined_identifier
  error - Undefined name 'FFLocalizations' - lib\my_info\cookie_and_privacy_policy\cookie_and_privacy_policy_widget.dart:415:43 - undefined_identifier
  error - Undefined name 'FFLocalizations' - lib\my_info\cookie_and_privacy_policy\cookie_and_privacy_policy_widget.dart:445:45 - undefined_identifier
  error - The method 'launchURL' isn't defined for the type '_CookieAndPrivacyPolicyWidgetState' - lib\my_info\cookie_and_privacy_policy\cookie_and_privacy_policy_widget.dart:483:53 - undefined_method
  error - Undefined name 'FFLocalizations' - lib\my_info\cookie_and_privacy_policy\cookie_and_privacy_policy_widget.dart:487:47 - undefined_identifier
  error - Undefined name 'FFLocalizations' - lib\my_info\cookie_and_privacy_policy\cookie_and_privacy_policy_widget.dart:520:43 - undefined_identifier
  error - Target of URI doesn't exist: 'package:webviewx_plus/webviewx_plus.dart' - lib\my_info\forget_password\forget_password_widget.dart:13:8 - uri_does_not_exist
  error - Undefined name 'GetCompanyCall' - lib\my_info\forget_password\forget_password_widget.dart:44:42 - undefined_identifier
  error - The getter 'routeName' isn't defined for the type 'LoginPageWidget' - lib\my_info\forget_password\forget_password_widget.dart:102:77 - undefined_getter
  error - Undefined name 'FFLocalizations' - lib\my_info\forget_password\forget_password_widget.dart:110:27 - undefined_identifier
  error - The named parameter 'fontSize' isn't defined - lib\my_info\forget_password\forget_password_widget.dart:120:33 - undefined_named_parameter
  error - The named parameter 'letterSpacing' isn't defined - lib\my_info\forget_password\forget_password_widget.dart:121:33 - undefined_named_parameter
  error - The named parameter 'fontWeight' isn't defined - lib\my_info\forget_password\forget_password_widget.dart:122:33 - undefined_named_parameter
  error - The named parameter 'fontStyle' isn't defined - lib\my_info\forget_password\forget_password_widget.dart:124:33 - undefined_named_parameter
  error - Expected an identifier - lib\my_info\forget_password\forget_password_widget.dart:128:23 - missing_identifier
  error - Expected to find ']' - lib\my_info\forget_password\forget_password_widget.dart:128:23 - expected_token
  error - Undefined name 'FFLocalizations' - lib\my_info\forget_password\forget_password_widget.dart:155:19 - undefined_identifier
  error - The named parameter 'color' isn't defined - lib\my_info\forget_password\forget_password_widget.dart:164:25 - undefined_named_parameter
  error - The named parameter 'fontSize' isn't defined - lib\my_info\forget_password\forget_password_widget.dart:165:25 - undefined_named_parameter
  error - The named parameter 'letterSpacing' isn't defined - lib\my_info\forget_password\forget_password_widget.dart:166:25 - undefined_named_parameter
  error - The named parameter 'fontWeight' isn't defined - lib\my_info\forget_password\forget_password_widget.dart:167:25 - undefined_named_parameter
  error - The named parameter 'fontStyle' isn't defined - lib\my_info\forget_password\forget_password_widget.dart:169:25 - undefined_named_parameter
  error - The property 'fontStyle' can't be unconditionally accessed because the receiver can be 'null' - lib\my_info\forget_password\forget_password_widget.dart:170:70 - unchecked_use_of_nullable_value
  error - Expected to find ']' - lib\my_info\forget_password\forget_password_widget.dart:173:15 - expected_token
  error - Too many positional arguments: 0 expected, but 1 found - lib\my_info\forget_password\forget_password_widget.dart:174:15 - extra_positional_arguments_could_be_named
  error - Undefined name 'FFLocalizations' - lib\my_info\forget_password\forget_password_widget.dart:177:19 - undefined_identifier
  error - The property 'fontWeight' can't be unconditionally accessed because the receiver can be 'null' - lib\my_info\forget_password\forget_password_widget.dart:183:69 - unchecked_use_of_nullable_value
  error - The property 'fontStyle' can't be unconditionally accessed because the receiver can be 'null' - lib\my_info\forget_password\forget_password_widget.dart:185:69 - unchecked_use_of_nullable_value
  error - The named parameter 'letterSpacing' isn't defined - lib\my_info\forget_password\forget_password_widget.dart:187:25 - undefined_named_parameter
  error - The named parameter 'fontWeight' isn't defined - lib\my_info\forget_password\forget_password_widget.dart:188:25 - undefined_named_parameter
  error - The property 'fontWeight' can't be unconditionally accessed because the receiver can be 'null' - lib\my_info\forget_password\forget_password_widget.dart:189:67 - unchecked_use_of_nullable_value
  error - The named parameter 'fontStyle' isn't defined - lib\my_info\forget_password\forget_password_widget.dart:190:25 - undefined_named_parameter
  error - The property 'fontStyle' can't be unconditionally accessed because the receiver can be 'null' - lib\my_info\forget_password\forget_password_widget.dart:191:67 - unchecked_use_of_nullable_value
  error - Too many positional arguments: 0 expected, but 1 found - lib\my_info\forget_password\forget_password_widget.dart:195:15 - extra_positional_arguments_could_be_named
  error - The named parameter 'letterSpacing' isn't defined - lib\my_info\forget_password\forget_password_widget.dart:224:39 - undefined_named_parameter
  error - The named parameter 'fontWeight' isn't defined - lib\my_info\forget_password\forget_password_widget.dart:225:39 - undefined_named_parameter
  error - The named parameter 'fontStyle' isn't defined - lib\my_info\forget_password\forget_password_widget.dart:227:39 - undefined_named_parameter
  error - The named parameter 'hintText' isn't defined - lib\my_info\forget_password\forget_password_widget.dart:230:33 - undefined_named_parameter
  error - Undefined name 'FFLocalizations' - lib\my_info\forget_password\forget_password_widget.dart:230:43 - undefined_identifier
  error - The named parameter 'hintStyle' isn't defined - lib\my_info\forget_password\forget_password_widget.dart:233:33 - undefined_named_parameter
  error - The named parameter 'letterSpacing' isn't defined - lib\my_info\forget_password\forget_password_widget.dart:240:39 - undefined_named_parameter
  error - The named parameter 'fontWeight' isn't defined - lib\my_info\forget_password\forget_password_widget.dart:241:39 - undefined_named_parameter
  error - The named parameter 'fontStyle' isn't defined - lib\my_info\forget_password\forget_password_widget.dart:243:39 - undefined_named_parameter
  error - The named parameter 'enabledBorder' isn't defined - lib\my_info\forget_password\forget_password_widget.dart:246:33 - undefined_named_parameter
  error - The named parameter 'focusedBorder' isn't defined - lib\my_info\forget_password\forget_password_widget.dart:247:33 - undefined_named_parameter
  error - The named parameter 'errorBorder' isn't defined - lib\my_info\forget_password\forget_password_widget.dart:248:33 - undefined_named_parameter
  error - The named parameter 'focusedErrorBorder' isn't defined - lib\my_info\forget_password\forget_password_widget.dart:249:33 - undefined_named_parameter
  error - The named parameter 'contentPadding' isn't defined - lib\my_info\forget_password\forget_password_widget.dart:250:33 - undefined_named_parameter
  error - Undefined name 'style' - lib\my_info\forget_password\forget_password_widget.dart:253:31 - undefined_identifier
  error - Expected to find ')' - lib\my_info\forget_password\forget_password_widget.dart:253:36 - expected_token
  error - Expected to find ']' - lib\my_info\forget_password\forget_password_widget.dart:253:36 - expected_token
  error - The named parameter 'validator' isn't defined - lib\my_info\forget_password\forget_password_widget.dart:267:31 - undefined_named_parameter
  error - The method 'asValidator' can't be unconditionally invoked because the receiver can be 'null' - lib\my_info\forget_password\forget_password_widget.dart:269:36 - unchecked_use_of_nullable_value
  error - Expected to find ']' - lib\my_info\forget_password\forget_password_widget.dart:271:27 - expected_token
  error - Expected an identifier - lib\my_info\forget_password\forget_password_widget.dart:272:25 - missing_identifier
  error - Expected to find ')' - lib\my_info\forget_password\forget_password_widget.dart:272:25 - expected_token
  error - Too many positional arguments: 0 expected, but 2 found - lib\my_info\forget_password\forget_password_widget.dart:275:21 - extra_positional_arguments_could_be_named
  error - The named parameter 'letterSpacing' isn't defined - lib\my_info\forget_password\forget_password_widget.dart:300:37 - undefined_named_parameter
  error - The named parameter 'fontWeight' isn't defined - lib\my_info\forget_password\forget_password_widget.dart:301:37 - undefined_named_parameter
  error - The named parameter 'fontStyle' isn't defined - lib\my_info\forget_password\forget_password_widget.dart:303:37 - undefined_named_parameter
  error - The named parameter 'hintText' isn't defined - lib\my_info\forget_password\forget_password_widget.dart:306:31 - undefined_named_parameter
  error - Undefined name 'FFLocalizations' - lib\my_info\forget_password\forget_password_widget.dart:306:41 - undefined_identifier
  error - The named parameter 'hintStyle' isn't defined - lib\my_info\forget_password\forget_password_widget.dart:309:31 - undefined_named_parameter
  error - The named parameter 'letterSpacing' isn't defined - lib\my_info\forget_password\forget_password_widget.dart:316:37 - undefined_named_parameter
  error - The named parameter 'fontWeight' isn't defined - lib\my_info\forget_password\forget_password_widget.dart:317:37 - undefined_named_parameter
  error - The named parameter 'fontStyle' isn't defined - lib\my_info\forget_password\forget_password_widget.dart:319:37 - undefined_named_parameter
  error - The named parameter 'enabledBorder' isn't defined - lib\my_info\forget_password\forget_password_widget.dart:322:31 - undefined_named_parameter
  error - The named parameter 'focusedBorder' isn't defined - lib\my_info\forget_password\forget_password_widget.dart:323:31 - undefined_named_parameter
  error - The named parameter 'errorBorder' isn't defined - lib\my_info\forget_password\forget_password_widget.dart:324:31 - undefined_named_parameter
  error - The named parameter 'focusedErrorBorder' isn't defined - lib\my_info\forget_password\forget_password_widget.dart:325:31 - undefined_named_parameter
  error - The named parameter 'contentPadding' isn't defined - lib\my_info\forget_password\forget_password_widget.dart:326:31 - undefined_named_parameter
  error - Undefined name 'style' - lib\my_info\forget_password\forget_password_widget.dart:329:29 - undefined_identifier
  error - Expected to find ')' - lib\my_info\forget_password\forget_password_widget.dart:329:34 - expected_token
  error - Expected to find ']' - lib\my_info\forget_password\forget_password_widget.dart:329:34 - expected_token
  error - The named parameter 'textAlign' isn't defined - lib\my_info\forget_password\forget_password_widget.dart:343:29 - undefined_named_parameter
  error - The named parameter 'validator' isn't defined - lib\my_info\forget_password\forget_password_widget.dart:344:29 - undefined_named_parameter
  error - The method 'asValidator' can't be unconditionally invoked because the receiver can be 'null' - lib\my_info\forget_password\forget_password_widget.dart:345:34 - unchecked_use_of_nullable_value
  error - Expected to find ';' - lib\my_info\forget_password\forget_password_widget.dart:346:27 - expected_token
warning - Dead code - lib\my_info\forget_password\forget_password_widget.dart:346:28 - dead_code
  error - Expected an identifier - lib\my_info\forget_password\forget_password_widget.dart:346:28 - missing_identifier
  error - Expected to find ';' - lib\my_info\forget_password\forget_password_widget.dart:346:28 - expected_token
  error - Unexpected text ';' - lib\my_info\forget_password\forget_password_widget.dart:346:28 - unexpected_token
  error - Expected an identifier - lib\my_info\forget_password\forget_password_widget.dart:347:25 - missing_identifier
  error - Expected to find ';' - lib\my_info\forget_password\forget_password_widget.dart:347:25 - expected_token
  error - Unexpected text ';' - lib\my_info\forget_password\forget_password_widget.dart:347:25 - unexpected_token
  error - Expected an identifier - lib\my_info\forget_password\forget_password_widget.dart:347:26 - missing_identifier
  error - Expected to find ';' - lib\my_info\forget_password\forget_password_widget.dart:347:26 - expected_token
  error - Unexpected text ';' - lib\my_info\forget_password\forget_password_widget.dart:347:26 - unexpected_token
  error - Expected an identifier - lib\my_info\forget_password\forget_password_widget.dart:348:23 - missing_identifier
  error - Expected to find ';' - lib\my_info\forget_password\forget_password_widget.dart:348:23 - expected_token
  error - Unexpected text ';' - lib\my_info\forget_password\forget_password_widget.dart:348:23 - unexpected_token
  error - Expected an identifier - lib\my_info\forget_password\forget_password_widget.dart:348:24 - missing_identifier
  error - Expected to find ';' - lib\my_info\forget_password\forget_password_widget.dart:348:24 - expected_token
  error - Unexpected text ';' - lib\my_info\forget_password\forget_password_widget.dart:348:24 - unexpected_token
  error - Expected an identifier - lib\my_info\forget_password\forget_password_widget.dart:349:21 - missing_identifier
  error - Expected to find ';' - lib\my_info\forget_password\forget_password_widget.dart:349:21 - expected_token
  error - Unexpected text ';' - lib\my_info\forget_password\forget_password_widget.dart:349:21 - unexpected_token
  error - Expected an identifier - lib\my_info\forget_password\forget_password_widget.dart:349:22 - missing_identifier
  error - Unexpected text ';' - lib\my_info\forget_password\forget_password_widget.dart:349:22 - unexpected_token
  error - Expected to find ';' - lib\my_info\forget_password\forget_password_widget.dart:353:21 - expected_token
  error - Expected an identifier - lib\my_info\forget_password\forget_password_widget.dart:353:22 - missing_identifier
  error - Unexpected text ';' - lib\my_info\forget_password\forget_password_widget.dart:353:22 - unexpected_token
  error - The property 'text' can't be unconditionally accessed because the receiver can be 'null' - lib\my_info\forget_password\forget_password_widget.dart:361:67 - unchecked_use_of_nullable_value
  error - The property 'text' can't be unconditionally accessed because the receiver can be 'null' - lib\my_info\forget_password\forget_password_widget.dart:363:64 - unchecked_use_of_nullable_value
  error - The function 'getCompanyIDFunction' isn't defined - lib\my_info\forget_password\forget_password_widget.dart:364:60 - undefined_function
  error - Too many positional arguments: 2 expected, but 3 found - lib\my_info\forget_password\forget_password_widget.dart:369:37 - extra_positional_arguments
  error - The property 'text' can't be unconditionally accessed because the receiver can be 'null' - lib\my_info\forget_password\forget_password_widget.dart:371:68 - unchecked_use_of_nullable_value
  error - Undefined name 'GetUserbyCompanyIdCall' - lib\my_info\forget_password\forget_password_widget.dart:374:41 - undefined_identifier
  error - The function 'getUserIDFunction' isn't defined - lib\my_info\forget_password\forget_password_widget.dart:381:59 - undefined_function
  error - Too many positional arguments: 2 expected, but 3 found - lib\my_info\forget_password\forget_password_widget.dart:387:39 - extra_positional_arguments
  error - The property 'text' can't be unconditionally accessed because the receiver can be 'null' - lib\my_info\forget_password\forget_password_widget.dart:389:67 - unchecked_use_of_nullable_value
  error - Undefined name 'ForgotPasswordCall' - lib\my_info\forget_password\forget_password_widget.dart:392:43 - undefined_identifier
  error - The property 'text' can't be unconditionally accessed because the receiver can be 'null' - lib\my_info\forget_password\forget_password_widget.dart:394:72 - unchecked_use_of_nullable_value
  error - The method 'WebViewAware' isn't defined for the type '_ForgetPasswordWidgetState' - lib\my_info\forget_password\forget_password_widget.dart:403:46 - undefined_method
  error - The method 'WebViewAware' isn't defined for the type '_ForgetPasswordWidgetState' - lib\my_info\forget_password\forget_password_widget.dart:428:42 - undefined_method
  error - Undefined name 'FFLocalizations' - lib\my_info\forget_password\forget_password_widget.dart:448:33 - undefined_identifier
  error - The argument for the named parameter 'color' was already specified - lib\my_info\forget_password\forget_password_widget.dart:466:35 - duplicate_named_argument
  error - The named parameter 'letterSpacing' isn't defined - lib\my_info\forget_password\forget_password_widget.dart:467:35 - undefined_named_parameter
  error - The named parameter 'fontWeight' isn't defined - lib\my_info\forget_password\forget_password_widget.dart:468:35 - undefined_named_parameter
  error - The named parameter 'fontStyle' isn't defined - lib\my_info\forget_password\forget_password_widget.dart:470:35 - undefined_named_parameter
  error - The named parameter 'elevation' isn't defined - lib\my_info\forget_password\forget_password_widget.dart:473:29 - undefined_named_parameter
  error - The named parameter 'borderSide' isn't defined - lib\my_info\forget_password\forget_password_widget.dart:474:29 - undefined_named_parameter
  error - The named parameter 'borderRadius' isn't defined - lib\my_info\forget_password\forget_password_widget.dart:478:29 - undefined_named_parameter
  error - Expected to find ';' - lib\my_info\forget_password\forget_password_widget.dart:486:23 - expected_token
  error - Expected an identifier - lib\my_info\forget_password\forget_password_widget.dart:486:24 - missing_identifier
  error - Expected to find ';' - lib\my_info\forget_password\forget_password_widget.dart:486:24 - expected_token
  error - Unexpected text ';' - lib\my_info\forget_password\forget_password_widget.dart:486:24 - unexpected_token
  error - Expected an identifier - lib\my_info\forget_password\forget_password_widget.dart:487:21 - missing_identifier
  error - Expected to find ';' - lib\my_info\forget_password\forget_password_widget.dart:487:21 - expected_token
  error - Unexpected text ';' - lib\my_info\forget_password\forget_password_widget.dart:487:21 - unexpected_token
  error - Expected an identifier - lib\my_info\forget_password\forget_password_widget.dart:487:22 - missing_identifier
  error - Unexpected text ';' - lib\my_info\forget_password\forget_password_widget.dart:487:22 - unexpected_token
  error - The getter 'routeName' isn't defined for the type 'LoginPageWidget' - lib\my_info\forget_password\forget_password_widget.dart:495:77 - undefined_getter
  error - Undefined name 'FFLocalizations' - lib\my_info\forget_password\forget_password_widget.dart:497:33 - undefined_identifier
  error - The argument for the named parameter 'color' was already specified - lib\my_info\forget_password\forget_password_widget.dart:514:35 - duplicate_named_argument
  error - The named parameter 'fontSize' isn't defined - lib\my_info\forget_password\forget_password_widget.dart:515:35 - undefined_named_parameter
  error - The named parameter 'letterSpacing' isn't defined - lib\my_info\forget_password\forget_password_widget.dart:516:35 - undefined_named_parameter
  error - The named parameter 'fontWeight' isn't defined - lib\my_info\forget_password\forget_password_widget.dart:517:35 - undefined_named_parameter
  error - The named parameter 'fontStyle' isn't defined - lib\my_info\forget_password\forget_password_widget.dart:518:35 - undefined_named_parameter
  error - The named parameter 'decoration' isn't defined - lib\my_info\forget_password\forget_password_widget.dart:520:35 - undefined_named_parameter
  error - The named parameter 'elevation' isn't defined - lib\my_info\forget_password\forget_password_widget.dart:522:29 - undefined_named_parameter
  error - The named parameter 'borderSide' isn't defined - lib\my_info\forget_password\forget_password_widget.dart:523:29 - undefined_named_parameter
  error - Expected to find ';' - lib\my_info\forget_password\forget_password_widget.dart:529:23 - expected_token
  error - Expected an identifier - lib\my_info\forget_password\forget_password_widget.dart:529:24 - missing_identifier
  error - Expected to find ';' - lib\my_info\forget_password\forget_password_widget.dart:529:24 - expected_token
  error - Unexpected text ';' - lib\my_info\forget_password\forget_password_widget.dart:529:24 - unexpected_token
  error - Expected an identifier - lib\my_info\forget_password\forget_password_widget.dart:530:21 - missing_identifier
  error - Expected to find ';' - lib\my_info\forget_password\forget_password_widget.dart:530:21 - expected_token
  error - Unexpected text ';' - lib\my_info\forget_password\forget_password_widget.dart:530:21 - unexpected_token
  error - Expected an identifier - lib\my_info\forget_password\forget_password_widget.dart:530:22 - missing_identifier
  error - Expected to find ';' - lib\my_info\forget_password\forget_password_widget.dart:530:22 - expected_token
  error - Unexpected text ';' - lib\my_info\forget_password\forget_password_widget.dart:530:22 - unexpected_token
  error - Expected an identifier - lib\my_info\forget_password\forget_password_widget.dart:531:19 - missing_identifier
  error - Expected to find ';' - lib\my_info\forget_password\forget_password_widget.dart:531:19 - expected_token
  error - Unexpected text ';' - lib\my_info\forget_password\forget_password_widget.dart:531:19 - unexpected_token
  error - Expected an identifier - lib\my_info\forget_password\forget_password_widget.dart:531:20 - missing_identifier
  error - Expected to find ';' - lib\my_info\forget_password\forget_password_widget.dart:531:20 - expected_token
  error - Unexpected text ';' - lib\my_info\forget_password\forget_password_widget.dart:531:20 - unexpected_token
  error - Expected an identifier - lib\my_info\forget_password\forget_password_widget.dart:532:17 - missing_identifier
  error - Expected to find ';' - lib\my_info\forget_password\forget_password_widget.dart:532:17 - expected_token
  error - Unexpected text ';' - lib\my_info\forget_password\forget_password_widget.dart:532:17 - unexpected_token
  error - Expected an identifier - lib\my_info\forget_password\forget_password_widget.dart:532:18 - missing_identifier
  error - Expected to find ';' - lib\my_info\forget_password\forget_password_widget.dart:532:18 - expected_token
  error - Unexpected text ';' - lib\my_info\forget_password\forget_password_widget.dart:532:18 - unexpected_token
  error - Expected an identifier - lib\my_info\forget_password\forget_password_widget.dart:533:15 - missing_identifier
  error - Expected to find ';' - lib\my_info\forget_password\forget_password_widget.dart:533:15 - expected_token
  error - Unexpected text ';' - lib\my_info\forget_password\forget_password_widget.dart:533:15 - unexpected_token
  error - Expected an identifier - lib\my_info\forget_password\forget_password_widget.dart:533:16 - missing_identifier
  error - Expected to find ';' - lib\my_info\forget_password\forget_password_widget.dart:533:16 - expected_token
  error - Unexpected text ';' - lib\my_info\forget_password\forget_password_widget.dart:533:16 - unexpected_token
  error - Expected an identifier - lib\my_info\forget_password\forget_password_widget.dart:534:13 - missing_identifier
  error - Expected to find ';' - lib\my_info\forget_password\forget_password_widget.dart:534:13 - expected_token
  error - Unexpected text ';' - lib\my_info\forget_password\forget_password_widget.dart:534:13 - unexpected_token
  error - Expected an identifier - lib\my_info\forget_password\forget_password_widget.dart:534:14 - missing_identifier
  error - Expected to find ';' - lib\my_info\forget_password\forget_password_widget.dart:534:14 - expected_token
  error - Unexpected text ';' - lib\my_info\forget_password\forget_password_widget.dart:534:14 - unexpected_token
  error - Expected an identifier - lib\my_info\forget_password\forget_password_widget.dart:535:11 - missing_identifier
  error - Expected to find ';' - lib\my_info\forget_password\forget_password_widget.dart:535:11 - expected_token
  error - Unexpected text ';' - lib\my_info\forget_password\forget_password_widget.dart:535:11 - unexpected_token
  error - Expected an identifier - lib\my_info\forget_password\forget_password_widget.dart:535:12 - missing_identifier
  error - Expected to find ';' - lib\my_info\forget_password\forget_password_widget.dart:535:12 - expected_token
  error - Unexpected text ';' - lib\my_info\forget_password\forget_password_widget.dart:535:12 - unexpected_token
  error - Expected an identifier - lib\my_info\forget_password\forget_password_widget.dart:536:9 - missing_identifier
  error - Expected to find ';' - lib\my_info\forget_password\forget_password_widget.dart:536:9 - expected_token
  error - Unexpected text ';' - lib\my_info\forget_password\forget_password_widget.dart:536:9 - unexpected_token
  error - Expected an identifier - lib\my_info\forget_password\forget_password_widget.dart:536:10 - missing_identifier
  error - Expected to find ';' - lib\my_info\forget_password\forget_password_widget.dart:536:10 - expected_token
  error - Unexpected text ';' - lib\my_info\forget_password\forget_password_widget.dart:536:10 - unexpected_token
  error - Expected an identifier - lib\my_info\forget_password\forget_password_widget.dart:537:7 - missing_identifier
  error - Expected to find ';' - lib\my_info\forget_password\forget_password_widget.dart:537:7 - expected_token
  error - Unexpected text ';' - lib\my_info\forget_password\forget_password_widget.dart:537:7 - unexpected_token
  error - Expected an identifier - lib\my_info\forget_password\forget_password_widget.dart:537:8 - missing_identifier
  error - Expected to find ';' - lib\my_info\forget_password\forget_password_widget.dart:537:8 - expected_token
  error - Unexpected text ';' - lib\my_info\forget_password\forget_password_widget.dart:537:8 - unexpected_token
  error - Expected an identifier - lib\my_info\forget_password\forget_password_widget.dart:538:5 - missing_identifier
  error - Unexpected text ';' - lib\my_info\forget_password\forget_password_widget.dart:538:5 - unexpected_token
  error - The method 'AppState' isn't defined for the type '_MyInfoWidgetState' - lib\my_info\my_info\my_info_widget.dart:52:5 - undefined_method
  error - The getter '$1' isn't defined for the type 'TextTheme' - lib\my_info\my_info\my_info_widget.dart:84:48 - undefined_getter
  error - The property 'fontStyle' can't be unconditionally accessed because the receiver can be 'null' - lib\my_info\my_info\my_info_widget.dart:87:55 - unchecked_use_of_nullable_value
  error - The property 'fontStyle' can't be unconditionally accessed because the receiver can be 'null' - lib\my_info\my_info\my_info_widget.dart:93:53 - unchecked_use_of_nullable_value
  error - The method 'AppState' isn't defined for the type '_MyInfoWidgetState' - lib\my_info\my_info\my_info_widget.dart:156:43 - undefined_method
  error - The method 'AppState' isn't defined for the type '_MyInfoWidgetState' - lib\my_info\my_info\my_info_widget.dart:175:55 - undefined_method
  error - The method 'AppState' isn't defined for the type '_MyInfoWidgetState' - lib\my_info\my_info\my_info_widget.dart:176:55 - undefined_method
  error - The method 'AppState' isn't defined for the type '_MyInfoWidgetState' - lib\my_info\my_info\my_info_widget.dart:177:55 - undefined_method
  error - The method 'AppState' isn't defined for the type '_MyInfoWidgetState' - lib\my_info\my_info\my_info_widget.dart:178:55 - undefined_method
  error - The getter 'fontFamily' isn't defined for the type 'ThemeData' - lib\my_info\my_info\my_info_widget.dart:189:82 - undefined_getter
  error - The method 'AppState' isn't defined for the type '_MyInfoWidgetState' - lib\my_info\my_info\my_info_widget.dart:210:45 - undefined_method
  error - The getter 'fontFamily' isn't defined for the type 'ThemeData' - lib\my_info\my_info\my_info_widget.dart:219:82 - undefined_getter
  error - The argument type 'SizedBox' can't be assigned to the parameter type 'Align'.  - lib\my_info\my_info\my_info_widget.dart:234:48 - argument_type_not_assignable
  error - The named parameter 'extra' isn't defined - lib\my_info\my_info\my_info_widget.dart:250:39 - undefined_named_parameter
  error - Undefined name 'kTransitionInfoKey' - lib\my_info\my_info\my_info_widget.dart:251:41 - undefined_identifier
  error - The method 'TransitionInfo' isn't defined for the type '_MyInfoWidgetState' - lib\my_info\my_info\my_info_widget.dart:251:61 - undefined_method
  error - Undefined name 'PageTransitionType' - lib\my_info\my_info\my_info_widget.dart:254:47 - undefined_identifier
  error - The getter 'fontFamily' isn't defined for the type 'ThemeData' - lib\my_info\my_info\my_info_widget.dart:306:70 - undefined_getter
  error - The getter 'fontFamily' isn't defined for the type 'ThemeData' - lib\my_info\my_info\my_info_widget.dart:359:80 - undefined_getter
  error - The getter 'fontFamily' isn't defined for the type 'ThemeData' - lib\my_info\my_info\my_info_widget.dart:446:82 - undefined_getter
  error - The method 'WebViewAware' isn't defined for the type '_MyInfoWidgetState' - lib\my_info\my_info\my_info_widget.dart:487:56 - undefined_method
  error - The method 'AppState' isn't defined for the type '_MyInfoWidgetState' - lib\my_info\my_info\my_info_widget.dart:505:47 - undefined_method
  error - The getter 'fontFamily' isn't defined for the type 'ThemeData' - lib\my_info\my_info\my_info_widget.dart:522:81 - undefined_getter
  error - The method 'AppState' isn't defined for the type '_MyInfoWidgetState' - lib\my_info\my_info\my_info_widget.dart:567:33 - undefined_method
  error - The method 'AppState' isn't defined for the type '_MyInfoWidgetState' - lib\my_info\my_info\my_info_widget.dart:568:33 - undefined_method
  error - Undefined name 'PinCodeWidget' - lib\my_info\my_info\my_info_widget.dart:572:48 - undefined_identifier
  error - The getter 'fontFamily' isn't defined for the type 'ThemeData' - lib\my_info\my_info\my_info_widget.dart:614:82 - undefined_getter
  error - Undefined name 'PinCodeWidget' - lib\my_info\my_info\my_info_widget.dart:640:54 - undefined_identifier
  error - The getter 'fontFamily' isn't defined for the type 'ThemeData' - lib\my_info\my_info\my_info_widget.dart:708:82 - undefined_getter
  error - The getter 'fontFamily' isn't defined for the type 'ThemeData' - lib\my_info\my_info\my_info_widget.dart:783:68 - undefined_getter
  error - The getter 'fontFamily' isn't defined for the type 'ThemeData' - lib\my_info\my_info\my_info_widget.dart:846:82 - undefined_getter
  error - The getter 'fontFamily' isn't defined for the type 'ThemeData' - lib\my_info\my_info\my_info_widget.dart:932:80 - undefined_getter
  error - The getter 'fontFamily' isn't defined for the type 'ThemeData' - lib\my_info\my_info\my_info_widget.dart:962:75 - undefined_getter
  error - The getter 'fontFamily' isn't defined for the type 'ThemeData' - lib\my_info\my_info\my_info_widget.dart:1017:68 - undefined_getter
  error - The method 'AppState' isn't defined for the type '_MyInfoWidgetState' - lib\my_info\my_info\my_info_widget.dart:1037:33 - undefined_method
  error - The method 'AppState' isn't defined for the type '_MyInfoWidgetState' - lib\my_info\my_info\my_info_widget.dart:1038:33 - undefined_method
  error - The method 'AppState' isn't defined for the type '_MyInfoWidgetState' - lib\my_info\my_info\my_info_widget.dart:1040:33 - undefined_method
  error - The method 'AppState' isn't defined for the type '_MyInfoWidgetState' - lib\my_info\my_info\my_info_widget.dart:1041:33 - undefined_method
  error - The method 'AppState' isn't defined for the type '_MyInfoWidgetState' - lib\my_info\my_info\my_info_widget.dart:1043:33 - undefined_method
  error - The method 'AppState' isn't defined for the type '_MyInfoWidgetState' - lib\my_info\my_info\my_info_widget.dart:1044:33 - undefined_method
  error - The method 'AppState' isn't defined for the type '_MyInfoWidgetState' - lib\my_info\my_info\my_info_widget.dart:1046:33 - undefined_method
  error - The method 'AppState' isn't defined for the type '_MyInfoWidgetState' - lib\my_info\my_info\my_info_widget.dart:1047:33 - undefined_method
  error - The method 'AppState' isn't defined for the type '_MyInfoWidgetState' - lib\my_info\my_info\my_info_widget.dart:1048:33 - undefined_method
  error - The method 'AppState' isn't defined for the type '_MyInfoWidgetState' - lib\my_info\my_info\my_info_widget.dart:1049:33 - undefined_method
  error - The method 'AppState' isn't defined for the type '_MyInfoWidgetState' - lib\my_info\my_info\my_info_widget.dart:1050:33 - undefined_method
  error - The method 'AppState' isn't defined for the type '_MyInfoWidgetState' - lib\my_info\my_info\my_info_widget.dart:1051:33 - undefined_method
  error - The method 'AppState' isn't defined for the type '_MyInfoWidgetState' - lib\my_info\my_info\my_info_widget.dart:1053:33 - undefined_method
  error - The method 'AppState' isn't defined for the type '_MyInfoWidgetState' - lib\my_info\my_info\my_info_widget.dart:1054:33 - undefined_method
  error - The method 'AppState' isn't defined for the type '_MyInfoWidgetState' - lib\my_info\my_info\my_info_widget.dart:1056:33 - undefined_method
  error - The method 'AppState' isn't defined for the type '_MyInfoWidgetState' - lib\my_info\my_info\my_info_widget.dart:1057:33 - undefined_method
  error - The method 'AppState' isn't defined for the type '_MyInfoWidgetState' - lib\my_info\my_info\my_info_widget.dart:1059:33 - undefined_method
  error - The method 'AppState' isn't defined for the type '_MyInfoWidgetState' - lib\my_info\my_info\my_info_widget.dart:1060:33 - undefined_method
  error - The method 'AppState' isn't defined for the type '_MyInfoWidgetState' - lib\my_info\my_info\my_info_widget.dart:1062:33 - undefined_method
  error - The method 'AppState' isn't defined for the type '_MyInfoWidgetState' - lib\my_info\my_info\my_info_widget.dart:1063:33 - undefined_method
  error - The method 'AppState' isn't defined for the type '_MyInfoWidgetState' - lib\my_info\my_info\my_info_widget.dart:1065:33 - undefined_method
  error - The method 'AppState' isn't defined for the type '_MyInfoWidgetState' - lib\my_info\my_info\my_info_widget.dart:1066:33 - undefined_method
  error - Undefined name 'GoRouter' - lib\my_info\my_info\my_info_widget.dart:1069:33 - undefined_identifier
  error - Undefined name 'GoRouter' - lib\my_info\my_info\my_info_widget.dart:1071:33 - undefined_identifier
  error - The method 'goNamedAuth' isn't defined for the type 'BuildContext' - lib\my_info\my_info\my_info_widget.dart:1073:41 - undefined_method
  error - The getter 'routeName' isn't defined for the type 'LoginPageWidget' - lib\my_info\my_info\my_info_widget.dart:1074:53 - undefined_getter
  error - The getter 'fontFamily' isn't defined for the type 'ThemeData' - lib\my_info\my_info\my_info_widget.dart:1116:82 - undefined_getter
  error - The method 'AppState' isn't defined for the type '_OnSiteWidgetState' - lib\on_site\on_site\on_site_widget.dart:52:21 - undefined_method
  error - The method 'AppState' isn't defined for the type '_OnSiteWidgetState' - lib\on_site\on_site\on_site_widget.dart:53:20 - undefined_method
  error - The method 'AppState' isn't defined for the type '_OnSiteWidgetState' - lib\on_site\on_site\on_site_widget.dart:54:16 - undefined_method
  error - The method 'AppState' isn't defined for the type '_OnSiteWidgetState' - lib\on_site\on_site\on_site_widget.dart:89:21 - undefined_method
  error - The method 'AppState' isn't defined for the type '_OnSiteWidgetState' - lib\on_site\on_site\on_site_widget.dart:90:20 - undefined_method
  error - The method 'AppState' isn't defined for the type '_OnSiteWidgetState' - lib\on_site\on_site\on_site_widget.dart:91:16 - undefined_method
warning - The value of the local variable 'onSiteGetTimeAttendanceListMobileResponse' isn't used - lib\on_site\on_site\on_site_widget.dart:111:15 - unused_local_variable
  error - The method 'AppState' isn't defined for the type '_OnSiteWidgetState' - lib\on_site\on_site\on_site_widget.dart:136:19 - undefined_method
  error - The method 'AppState' isn't defined for the type '_OnSiteWidgetState' - lib\on_site\on_site\on_site_widget.dart:137:19 - undefined_method
  error - The named parameter 'color' isn't defined - lib\on_site\on_site\on_site_widget.dart:157:23 - undefined_named_parameter
  error - The named parameter 'fontSize' isn't defined - lib\on_site\on_site\on_site_widget.dart:158:23 - undefined_named_parameter
  error - The named parameter 'letterSpacing' isn't defined - lib\on_site\on_site\on_site_widget.dart:159:23 - undefined_named_parameter
  error - The named parameter 'fontWeight' isn't defined - lib\on_site\on_site\on_site_widget.dart:160:23 - undefined_named_parameter
  error - The named parameter 'fontStyle' isn't defined - lib\on_site\on_site\on_site_widget.dart:164:23 - undefined_named_parameter
  error - The property 'fontStyle' can't be unconditionally accessed because the receiver can be 'null' - lib\on_site\on_site\on_site_widget.dart:164:77 - unchecked_use_of_nullable_value
  error - The named parameter 'actions' isn't defined - lib\on_site\on_site\on_site_widget.dart:167:15 - undefined_named_parameter
  error - The named parameter 'centerTitle' isn't defined - lib\on_site\on_site\on_site_widget.dart:168:15 - undefined_named_parameter
  error - The named parameter 'elevation' isn't defined - lib\on_site\on_site\on_site_widget.dart:169:15 - undefined_named_parameter
  error - The named parameter 'body' isn't defined - lib\on_site\on_site\on_site_widget.dart:171:13 - undefined_named_parameter
  error - The method 'AppState' isn't defined for the type '_OnSiteWidgetState' - lib\on_site\on_site\on_site_widget.dart:183:27 - undefined_method
  error - This requires the 'dot-shorthands' language feature to be enabled - lib\on_site\on_site\on_site_widget.dart:188:55 - experiment_not_enabled
  error - Too many positional arguments: 1 expected, but 2 found - lib\on_site\on_site\on_site_widget.dart:188:56 - extra_positional_arguments_could_be_named
  error - Undefined name 'withoutNulls' - lib\on_site\on_site\on_site_widget.dart:188:56 - undefined_identifier
  error - The argument for the named parameter 'color' was already specified - lib\on_site\on_site\on_site_widget.dart:212:33 - duplicate_named_argument
  error - The named parameter 'letterSpacing' isn't defined - lib\on_site\on_site\on_site_widget.dart:213:33 - undefined_named_parameter
  error - The named parameter 'fontWeight' isn't defined - lib\on_site\on_site\on_site_widget.dart:214:33 - undefined_named_parameter
  error - The named parameter 'fontStyle' isn't defined - lib\on_site\on_site\on_site_widget.dart:218:33 - undefined_named_parameter
  error - The named parameter 'elevation' isn't defined - lib\on_site\on_site\on_site_widget.dart:223:27 - undefined_named_parameter
  error - The named parameter 'borderSide' isn't defined - lib\on_site\on_site\on_site_widget.dart:224:27 - undefined_named_parameter
  error - The named parameter 'borderRadius' isn't defined - lib\on_site\on_site\on_site_widget.dart:228:27 - undefined_named_parameter
  error - Expected to find ']' - lib\on_site\on_site\on_site_widget.dart:232:19 - expected_token
  error - The named parameter 'letterSpacing' isn't defined - lib\on_site\on_site\on_site_widget.dart:263:33 - undefined_named_parameter
  error - The named parameter 'fontWeight' isn't defined - lib\on_site\on_site\on_site_widget.dart:264:33 - undefined_named_parameter
  error - The named parameter 'fontStyle' isn't defined - lib\on_site\on_site\on_site_widget.dart:265:33 - undefined_named_parameter
  error - Expected to find ']' - lib\on_site\on_site\on_site_widget.dart:271:23 - expected_token
  error - Expected an identifier - lib\on_site\on_site\on_site_widget.dart:272:21 - missing_identifier
  error - Expected to find ')' - lib\on_site\on_site\on_site_widget.dart:272:21 - expected_token
  error - Too many positional arguments: 0 expected, but 1 found - lib\on_site\on_site\on_site_widget.dart:274:19 - extra_positional_arguments_could_be_named
  error - The named parameter 'controller' is required, but there's no corresponding argument - lib\on_site\on_site\on_site_widget.dart:279:34 - missing_required_argument
  error - The named parameter 'tabs' is required, but there's no corresponding argument - lib\on_site\on_site\on_site_widget.dart:279:34 - missing_required_argument
  error - The named parameter 'useToggleButtonStyle' isn't defined - lib\on_site\on_site\on_site_widget.dart:280:29 - undefined_named_parameter
  error - The named parameter 'letterSpacing' isn't defined - lib\on_site\on_site\on_site_widget.dart:294:35 - undefined_named_parameter
  error - The named parameter 'fontWeight' isn't defined - lib\on_site\on_site\on_site_widget.dart:295:35 - undefined_named_parameter
  error - The named parameter 'fontStyle' isn't defined - lib\on_site\on_site\on_site_widget.dart:299:35 - undefined_named_parameter
  error - The named parameter 'unselectedLabelStyle' isn't defined - lib\on_site\on_site\on_site_widget.dart:304:29 - undefined_named_parameter
  error - The named parameter 'labelColor' isn't defined - lib\on_site\on_site\on_site_widget.dart:305:29 - undefined_named_parameter
  error - The named parameter 'unselectedLabelColor' isn't defined - lib\on_site\on_site\on_site_widget.dart:307:29 - undefined_named_parameter
  error - The named parameter 'backgroundColor' isn't defined - lib\on_site\on_site\on_site_widget.dart:309:29 - undefined_named_parameter
  error - The named parameter 'unselectedBackgroundColor' isn't defined - lib\on_site\on_site\on_site_widget.dart:310:29 - undefined_named_parameter
  error - The named parameter 'borderColor' isn't defined - lib\on_site\on_site\on_site_widget.dart:312:29 - undefined_named_parameter
  error - The named parameter 'unselectedBorderColor' isn't defined - lib\on_site\on_site\on_site_widget.dart:313:29 - undefined_named_parameter
  error - The named parameter 'borderWidth' isn't defined - lib\on_site\on_site\on_site_widget.dart:315:29 - undefined_named_parameter
  error - The named parameter 'borderRadius' isn't defined - lib\on_site\on_site\on_site_widget.dart:316:29 - undefined_named_parameter
  error - The named parameter 'elevation' isn't defined - lib\on_site\on_site\on_site_widget.dart:317:29 - undefined_named_parameter
  error - The named parameter 'buttonMargin' isn't defined - lib\on_site\on_site\on_site_widget.dart:318:29 - undefined_named_parameter
  error - The named parameter 'padding' isn't defined - lib\on_site\on_site\on_site_widget.dart:320:29 - undefined_named_parameter
  error - The named parameter 'tabs' isn't defined - lib\on_site\on_site\on_site_widget.dart:321:29 - undefined_named_parameter
  error - The named parameter 'controller' isn't defined - lib\on_site\on_site\on_site_widget.dart:333:29 - undefined_named_parameter
  error - The named parameter 'onTap' isn't defined - lib\on_site\on_site\on_site_widget.dart:334:29 - undefined_named_parameter
  error - Expected to find ']' - lib\on_site\on_site\on_site_widget.dart:338:25 - expected_token
  error - The function 'filterEntriesForDay' isn't defined - lib\on_site\on_site\on_site_widget.dart:349:48 - undefined_function
  error - The function 'changeTimeEntriesDateFormate' isn't defined - lib\on_site\on_site\on_site_widget.dart:382:60 - undefined_function
  error - The argument type 'TextStyle' can't be assigned to the parameter type 'String?'.  - lib\on_site\on_site\on_site_widget.dart:393:77 - argument_type_not_assignable
  error - The named parameter 'location' isn't defined - lib\on_site\on_site\on_site_widget.dart:429:49 - undefined_named_parameter
  error - The named parameter 'checkIn' isn't defined - lib\on_site\on_site\on_site_widget.dart:433:49 - undefined_named_parameter
  error - The named parameter 'checkOut' isn't defined - lib\on_site\on_site\on_site_widget.dart:437:49 - undefined_named_parameter
  error - The named parameter 'checkInAndOuttype' isn't defined - lib\on_site\on_site\on_site_widget.dart:441:49 - undefined_named_parameter
  error - The named parameter 'choutlocstion' isn't defined - lib\on_site\on_site\on_site_widget.dart:445:49 - undefined_named_parameter
  error - The named parameter 'note' isn't defined - lib\on_site\on_site\on_site_widget.dart:449:49 - undefined_named_parameter
  error - The named parameter 'photo' isn't defined - lib\on_site\on_site\on_site_widget.dart:453:49 - undefined_named_parameter
  error - The function 'filterEntriesForThisWeek' isn't defined - lib\on_site\on_site\on_site_widget.dart:469:44 - undefined_function
  error - The function 'changeTimeEntriesDateFormate' isn't defined - lib\on_site\on_site\on_site_widget.dart:502:56 - undefined_function
  error - The named parameter 'color' isn't defined - lib\on_site\on_site\on_site_widget.dart:524:55 - undefined_named_parameter
  error - The named parameter 'letterSpacing' isn't defined - lib\on_site\on_site\on_site_widget.dart:527:55 - undefined_named_parameter
  error - The named parameter 'fontWeight' isn't defined - lib\on_site\on_site\on_site_widget.dart:528:55 - undefined_named_parameter
  error - The named parameter 'fontStyle' isn't defined - lib\on_site\on_site\on_site_widget.dart:533:55 - undefined_named_parameter
  error - Expected to find ';' - lib\on_site\on_site\on_site_widget.dart:541:43 - expected_token
  error - Expected to find ']' - lib\on_site\on_site\on_site_widget.dart:541:43 - expected_token
warning - Dead code - lib\on_site\on_site\on_site_widget.dart:541:44 - dead_code
  error - Expected an identifier - lib\on_site\on_site\on_site_widget.dart:541:44 - missing_identifier
  error - Unexpected text ';' - lib\on_site\on_site\on_site_widget.dart:541:44 - unexpected_token
  error - The named parameter 'location' isn't defined - lib\on_site\on_site\on_site_widget.dart:545:45 - undefined_named_parameter
  error - The named parameter 'checkIn' isn't defined - lib\on_site\on_site\on_site_widget.dart:549:45 - undefined_named_parameter
  error - The named parameter 'checkOut' isn't defined - lib\on_site\on_site\on_site_widget.dart:553:45 - undefined_named_parameter
  error - The named parameter 'checkInAndOuttype' isn't defined - lib\on_site\on_site\on_site_widget.dart:557:45 - undefined_named_parameter
  error - The named parameter 'choutlocstion' isn't defined - lib\on_site\on_site\on_site_widget.dart:561:45 - undefined_named_parameter
  error - The named parameter 'note' isn't defined - lib\on_site\on_site\on_site_widget.dart:565:45 - undefined_named_parameter
  error - The named parameter 'photo' isn't defined - lib\on_site\on_site\on_site_widget.dart:569:45 - undefined_named_parameter
  error - Expected to find ';' - lib\on_site\on_site\on_site_widget.dart:573:43 - expected_token
  error - Expected an identifier - lib\on_site\on_site\on_site_widget.dart:573:44 - missing_identifier
  error - Expected to find ';' - lib\on_site\on_site\on_site_widget.dart:573:44 - expected_token
  error - Unexpected text ';' - lib\on_site\on_site\on_site_widget.dart:573:44 - unexpected_token
  error - Expected an identifier - lib\on_site\on_site\on_site_widget.dart:574:41 - missing_identifier
  error - Expected to find ';' - lib\on_site\on_site\on_site_widget.dart:574:41 - expected_token
  error - Unexpected text ';' - lib\on_site\on_site\on_site_widget.dart:574:41 - unexpected_token
  error - Expected an identifier - lib\on_site\on_site\on_site_widget.dart:574:42 - missing_identifier
  error - Expected to find ';' - lib\on_site\on_site\on_site_widget.dart:574:42 - expected_token
  error - Unexpected text ';' - lib\on_site\on_site\on_site_widget.dart:574:42 - unexpected_token
  error - Expected an identifier - lib\on_site\on_site\on_site_widget.dart:575:39 - missing_identifier
  error - Unexpected text ';' - lib\on_site\on_site\on_site_widget.dart:575:39 - unexpected_token
  error - Expected an identifier - lib\on_site\on_site\on_site_widget.dart:583:23 - missing_identifier
  error - Expected to find ')' - lib\on_site\on_site\on_site_widget.dart:583:23 - expected_token
  error - Expected to find ';' - lib\on_site\on_site\on_site_widget.dart:585:19 - expected_token
warning - Dead code - lib\on_site\on_site\on_site_widget.dart:585:20 - dead_code
  error - Expected an identifier - lib\on_site\on_site\on_site_widget.dart:585:20 - missing_identifier
  error - Expected to find ';' - lib\on_site\on_site\on_site_widget.dart:585:20 - expected_token
  error - Unexpected text ';' - lib\on_site\on_site\on_site_widget.dart:585:20 - unexpected_token
  error - Expected an identifier - lib\on_site\on_site\on_site_widget.dart:586:17 - missing_identifier
  error - Expected to find ';' - lib\on_site\on_site\on_site_widget.dart:586:17 - expected_token
  error - Unexpected text ';' - lib\on_site\on_site\on_site_widget.dart:586:17 - unexpected_token
  error - Expected an identifier - lib\on_site\on_site\on_site_widget.dart:586:18 - missing_identifier
  error - Unexpected text ';' - lib\on_site\on_site\on_site_widget.dart:586:18 - unexpected_token
  error - Expected to find ';' - lib\on_site\on_site\on_site_widget.dart:587:15 - expected_token
  error - Expected to find '}' - lib\on_site\on_site\on_site_widget.dart:587:15 - expected_token
warning - Dead code - lib\on_site\on_site\on_site_widget.dart:587:16 - dead_code
  error - Expected an identifier - lib\on_site\on_site\on_site_widget.dart:587:16 - missing_identifier
  error - Expected to find ';' - lib\on_site\on_site\on_site_widget.dart:587:16 - expected_token
  error - Unexpected text ';' - lib\on_site\on_site\on_site_widget.dart:587:16 - unexpected_token
  error - Expected an identifier - lib\on_site\on_site\on_site_widget.dart:588:13 - missing_identifier
  error - Expected to find ';' - lib\on_site\on_site\on_site_widget.dart:588:13 - expected_token
  error - Unexpected text ';' - lib\on_site\on_site\on_site_widget.dart:588:13 - unexpected_token
  error - Expected an identifier - lib\on_site\on_site\on_site_widget.dart:588:14 - missing_identifier
  error - Expected to find ';' - lib\on_site\on_site\on_site_widget.dart:588:14 - expected_token
  error - Unexpected text ';' - lib\on_site\on_site\on_site_widget.dart:588:14 - unexpected_token
  error - Expected an identifier - lib\on_site\on_site\on_site_widget.dart:589:11 - missing_identifier
  error - Expected to find ';' - lib\on_site\on_site\on_site_widget.dart:589:11 - expected_token
  error - Unexpected text ';' - lib\on_site\on_site\on_site_widget.dart:589:11 - unexpected_token
  error - Expected an identifier - lib\on_site\on_site\on_site_widget.dart:589:12 - missing_identifier
  error - Expected to find ';' - lib\on_site\on_site\on_site_widget.dart:589:12 - expected_token
  error - Unexpected text ';' - lib\on_site\on_site\on_site_widget.dart:589:12 - unexpected_token
  error - Expected an identifier - lib\on_site\on_site\on_site_widget.dart:590:9 - missing_identifier
  error - Unexpected text ';' - lib\on_site\on_site\on_site_widget.dart:590:9 - unexpected_token
  error - Expected a class member - lib\on_site\on_site\on_site_widget.dart:591:8 - expected_class_member
  error - Expected a class member - lib\on_site\on_site\on_site_widget.dart:592:5 - expected_class_member
  error - Expected a class member - lib\on_site\on_site\on_site_widget.dart:592:6 - expected_class_member
  error - Expected a method, getter, setter or operator declaration - lib\on_site\on_site\on_site_widget.dart:594:1 - expected_executable
  error - Target of URI doesn't exist: '../../../core/widgets/app_button/app_button_type.dart' - lib\on_site\on_site_detail\on_site_detail_widget.dart:6:8 - uri_does_not_exist
  error - Target of URI doesn't exist: '/flutter_flow/flutter_flow_theme.dart' - lib\on_site\on_site_detail\on_site_detail_widget.dart:10:8 - uri_does_not_exist
  error - Target of URI doesn't exist: '/flutter_flow/flutter_flow_util.dart' - lib\on_site\on_site_detail\on_site_detail_widget.dart:11:8 - uri_does_not_exist
  error - Target of URI doesn't exist: '../../../core/localizations/app_localizations.dart' - lib\on_site\on_site_detail\on_site_detail_widget.dart:12:8 - uri_does_not_exist
  error - Target of URI doesn't exist: '/flutter_flow/flutter_flow_widgets.dart' - lib\on_site\on_site_detail\on_site_detail_widget.dart:13:8 - uri_does_not_exist
  error - The method 'AppState' isn't defined for the type '_OnSiteDetailWidgetState' - lib\on_site\on_site_detail\on_site_detail_widget.dart:62:5 - undefined_method
  error - A member named 'secondaryBackground' is defined in 'extension ColorSchemeExtension on ColorScheme' and 'extension AppColorScheme on ColorScheme', and neither is more specific - lib\on_site\on_site_detail\on_site_detail_widget.dart:73:58 - ambiguous_extension_member_access
  error - The getter '$1' isn't defined for the type 'TextTheme' - lib\on_site\on_site_detail\on_site_detail_widget.dart:93:48 - undefined_getter
  error - The property 'fontWeight' can't be unconditionally accessed because the receiver can be 'null' - lib\on_site\on_site_detail\on_site_detail_widget.dart:95:48 - unchecked_use_of_nullable_value
  error - The property 'fontStyle' can't be unconditionally accessed because the receiver can be 'null' - lib\on_site\on_site_detail\on_site_detail_widget.dart:97:48 - unchecked_use_of_nullable_value
  error - The named parameter 'color' isn't defined - lib\on_site\on_site_detail\on_site_detail_widget.dart:99:19 - undefined_named_parameter
  error - The named parameter 'fontSize' isn't defined - lib\on_site\on_site_detail\on_site_detail_widget.dart:100:19 - undefined_named_parameter
  error - The named parameter 'letterSpacing' isn't defined - lib\on_site\on_site_detail\on_site_detail_widget.dart:101:19 - undefined_named_parameter
  error - The named parameter 'fontWeight' isn't defined - lib\on_site\on_site_detail\on_site_detail_widget.dart:102:19 - undefined_named_parameter
  error - The property 'fontWeight' can't be unconditionally accessed because the receiver can be 'null' - lib\on_site\on_site_detail\on_site_detail_widget.dart:103:46 - unchecked_use_of_nullable_value
  error - The named parameter 'fontStyle' isn't defined - lib\on_site\on_site_detail\on_site_detail_widget.dart:104:19 - undefined_named_parameter
  error - The property 'fontStyle' can't be unconditionally accessed because the receiver can be 'null' - lib\on_site\on_site_detail\on_site_detail_widget.dart:105:46 - unchecked_use_of_nullable_value
  error - The named parameter 'actions' isn't defined - lib\on_site\on_site_detail\on_site_detail_widget.dart:108:11 - undefined_named_parameter
  error - The named parameter 'centerTitle' isn't defined - lib\on_site\on_site_detail\on_site_detail_widget.dart:109:11 - undefined_named_parameter
  error - The named parameter 'elevation' isn't defined - lib\on_site\on_site_detail\on_site_detail_widget.dart:110:11 - undefined_named_parameter
  error - The named parameter 'body' isn't defined - lib\on_site\on_site_detail\on_site_detail_widget.dart:112:9 - undefined_named_parameter
  error - The method 'FFButtonWidget' isn't defined for the type '_OnSiteDetailWidgetState' - lib\on_site\on_site_detail\on_site_detail_widget.dart:122:26 - undefined_method
  error - Undefined name 'FlutterFlowTheme' - lib\on_site\on_site_detail\on_site_detail_widget.dart:135:34 - undefined_identifier
  error - The getter '$1' isn't defined for the type 'TextTheme' - lib\on_site\on_site_detail\on_site_detail_widget.dart:172:58 - undefined_getter
  error - Undefined name 'FlutterFlowTheme' - lib\on_site\on_site_detail\on_site_detail_widget.dart:174:42 - undefined_identifier
  error - The named parameter 'letterSpacing' isn't defined - lib\on_site\on_site_detail\on_site_detail_widget.dart:178:29 - undefined_named_parameter
  error - The named parameter 'fontWeight' isn't defined - lib\on_site\on_site_detail\on_site_detail_widget.dart:179:29 - undefined_named_parameter
  error - The named parameter 'fontStyle' isn't defined - lib\on_site\on_site_detail\on_site_detail_widget.dart:180:29 - undefined_named_parameter
  error - Undefined name 'FlutterFlowTheme' - lib\on_site\on_site_detail\on_site_detail_widget.dart:180:40 - undefined_identifier
  error - Expected to find ']' - lib\on_site\on_site_detail\on_site_detail_widget.dart:185:19 - expected_token
  error - Too many positional arguments: 0 expected, but 1 found - lib\on_site\on_site_detail\on_site_detail_widget.dart:188:15 - extra_positional_arguments_could_be_named
  error - The method 'FlutterFlowButtonTabBar' isn't defined for the type '_OnSiteDetailWidgetState' - lib\on_site\on_site_detail\on_site_detail_widget.dart:193:30 - undefined_method
  error - The getter '$1' isn't defined for the type 'TextTheme' - lib\on_site\on_site_detail\on_site_detail_widget.dart:196:57 - undefined_getter
  error - Undefined name 'FlutterFlowTheme' - lib\on_site\on_site_detail\on_site_detail_widget.dart:197:95 - undefined_identifier
  error - Undefined name 'FlutterFlowTheme' - lib\on_site\on_site_detail\on_site_detail_widget.dart:200:48 - undefined_identifier
  error - Undefined name 'FlutterFlowTheme' - lib\on_site\on_site_detail\on_site_detail_widget.dart:205:47 - undefined_identifier
  error - Undefined name 'FlutterFlowTheme' - lib\on_site\on_site_detail\on_site_detail_widget.dart:208:46 - undefined_identifier
  error - The named parameter 'unselectedLabelStyle' isn't defined - lib\on_site\on_site_detail\on_site_detail_widget.dart:212:25 - undefined_named_parameter
  error - The named parameter 'labelColor' isn't defined - lib\on_site\on_site_detail\on_site_detail_widget.dart:213:25 - undefined_named_parameter
  error - The named parameter 'unselectedLabelColor' isn't defined - lib\on_site\on_site_detail\on_site_detail_widget.dart:214:25 - undefined_named_parameter
  error - The named parameter 'backgroundColor' isn't defined - lib\on_site\on_site_detail\on_site_detail_widget.dart:216:25 - undefined_named_parameter
  error - The named parameter 'unselectedBackgroundColor' isn't defined - lib\on_site\on_site_detail\on_site_detail_widget.dart:217:25 - undefined_named_parameter
  error - A member named 'secondaryBackground' is defined in 'extension ColorSchemeExtension on ColorScheme' and 'extension AppColorScheme on ColorScheme', and neither is more specific - lib\on_site\on_site_detail\on_site_detail_widget.dart:218:59 - ambiguous_extension_member_access
  error - The named parameter 'borderColor' isn't defined - lib\on_site\on_site_detail\on_site_detail_widget.dart:219:25 - undefined_named_parameter
  error - The named parameter 'unselectedBorderColor' isn't defined - lib\on_site\on_site_detail\on_site_detail_widget.dart:220:25 - undefined_named_parameter
  error - The named parameter 'borderWidth' isn't defined - lib\on_site\on_site_detail\on_site_detail_widget.dart:222:25 - undefined_named_parameter
  error - The named parameter 'borderRadius' isn't defined - lib\on_site\on_site_detail\on_site_detail_widget.dart:223:25 - undefined_named_parameter
  error - The named parameter 'elevation' isn't defined - lib\on_site\on_site_detail\on_site_detail_widget.dart:224:25 - undefined_named_parameter
  error - The named parameter 'buttonMargin' isn't defined - lib\on_site\on_site_detail\on_site_detail_widget.dart:225:25 - undefined_named_parameter
  error - The named parameter 'padding' isn't defined - lib\on_site\on_site_detail\on_site_detail_widget.dart:227:25 - undefined_named_parameter
  error - The named parameter 'tabs' isn't defined - lib\on_site\on_site_detail\on_site_detail_widget.dart:228:25 - undefined_named_parameter
  error - The named parameter 'controller' isn't defined - lib\on_site\on_site_detail\on_site_detail_widget.dart:240:25 - undefined_named_parameter
  error - The named parameter 'onTap' isn't defined - lib\on_site\on_site_detail\on_site_detail_widget.dart:241:25 - undefined_named_parameter
  error - Expected to find ']' - lib\on_site\on_site_detail\on_site_detail_widget.dart:245:21 - expected_token
  error - Undefined name 'FlutterFlowTheme' - lib\on_site\on_site_detail\on_site_detail_widget.dart:262:44 - undefined_identifier
  error - Undefined name 'FlutterFlowTheme' - lib\on_site\on_site_detail\on_site_detail_widget.dart:266:49 - undefined_identifier
  error - Undefined name 'FlutterFlowTheme' - lib\on_site\on_site_detail\on_site_detail_widget.dart:270:49 - undefined_identifier
  error - The named parameter 'color' isn't defined - lib\on_site\on_site_detail\on_site_detail_widget.dart:274:43 - undefined_named_parameter
  error - The named parameter 'letterSpacing' isn't defined - lib\on_site\on_site_detail\on_site_detail_widget.dart:275:43 - undefined_named_parameter
  error - The named parameter 'fontWeight' isn't defined - lib\on_site\on_site_detail\on_site_detail_widget.dart:276:43 - undefined_named_parameter
  error - Undefined name 'FlutterFlowTheme' - lib\on_site\on_site_detail\on_site_detail_widget.dart:277:47 - undefined_identifier
  error - The named parameter 'fontStyle' isn't defined - lib\on_site\on_site_detail\on_site_detail_widget.dart:280:43 - undefined_named_parameter
  error - Undefined name 'FlutterFlowTheme' - lib\on_site\on_site_detail\on_site_detail_widget.dart:281:47 - undefined_identifier
  error - Expected to find ']' - lib\on_site\on_site_detail\on_site_detail_widget.dart:287:31 - expected_token
  error - Undefined name 'FlutterFlowTheme' - lib\on_site\on_site_detail\on_site_detail_widget.dart:302:50 - undefined_identifier
  error - Undefined name 'FlutterFlowTheme' - lib\on_site\on_site_detail\on_site_detail_widget.dart:326:64 - undefined_identifier
  error - Undefined name 'FlutterFlowTheme' - lib\on_site\on_site_detail\on_site_detail_widget.dart:378:76 - undefined_identifier
  error - Undefined name 'FlutterFlowTheme' - lib\on_site\on_site_detail\on_site_detail_widget.dart:390:74 - undefined_identifier
  error - Undefined name 'FlutterFlowTheme' - lib\on_site\on_site_detail\on_site_detail_widget.dart:396:87 - undefined_identifier
  error - Undefined name 'FlutterFlowTheme' - lib\on_site\on_site_detail\on_site_detail_widget.dart:399:86 - undefined_identifier
  error - Undefined name 'FlutterFlowTheme' - lib\on_site\on_site_detail\on_site_detail_widget.dart:403:80 - undefined_identifier
  error - Undefined name 'FlutterFlowTheme' - lib\on_site\on_site_detail\on_site_detail_widget.dart:407:85 - undefined_identifier
  error - Undefined name 'FlutterFlowTheme' - lib\on_site\on_site_detail\on_site_detail_widget.dart:410:84 - undefined_identifier
  error - Undefined name 'FlutterFlowTheme' - lib\on_site\on_site_detail\on_site_detail_widget.dart:420:76 - undefined_identifier
  error - The method 'AppState' isn't defined for the type '_OnSiteDetailWidgetState' - lib\on_site\on_site_detail\on_site_detail_widget.dart:425:69 - undefined_method
  error - The method 'AppState' isn't defined for the type '_OnSiteDetailWidgetState' - lib\on_site\on_site_detail\on_site_detail_widget.dart:443:71 - undefined_method
  error - Undefined name 'FlutterFlowTheme' - lib\on_site\on_site_detail\on_site_detail_widget.dart:453:78 - undefined_identifier
  error - The method 'AppState' isn't defined for the type '_OnSiteDetailWidgetState' - lib\on_site\on_site_detail\on_site_detail_widget.dart:460:69 - undefined_method
  error - The method 'AppState' isn't defined for the type '_OnSiteDetailWidgetState' - lib\on_site\on_site_detail\on_site_detail_widget.dart:478:71 - undefined_method
  error - Undefined name 'FlutterFlowTheme' - lib\on_site\on_site_detail\on_site_detail_widget.dart:488:78 - undefined_identifier
  error - The getter '$1' isn't defined for the type 'TextTheme' - lib\on_site\on_site_detail\on_site_detail_widget.dart:554:118 - undefined_getter
  error - The property 'fontWeight' can't be unconditionally accessed because the receiver can be 'null' - lib\on_site\on_site_detail\on_site_detail_widget.dart:555:188 - unchecked_use_of_nullable_value
  error - The property 'fontStyle' can't be unconditionally accessed because the receiver can be 'null' - lib\on_site\on_site_detail\on_site_detail_widget.dart:556:141 - unchecked_use_of_nullable_value
  error - The named parameter 'color' isn't defined - lib\on_site\on_site_detail\on_site_detail_widget.dart:558:89 - undefined_named_parameter
  error - The named parameter 'letterSpacing' isn't defined - lib\on_site\on_site_detail\on_site_detail_widget.dart:559:89 - undefined_named_parameter
  error - The named parameter 'fontWeight' isn't defined - lib\on_site\on_site_detail\on_site_detail_widget.dart:560:89 - undefined_named_parameter
  error - The property 'fontWeight' can't be unconditionally accessed because the receiver can be 'null' - lib\on_site\on_site_detail\on_site_detail_widget.dart:560:140 - unchecked_use_of_nullable_value
  error - The named parameter 'fontStyle' isn't defined - lib\on_site\on_site_detail\on_site_detail_widget.dart:561:89 - undefined_named_parameter
  error - The property 'fontStyle' can't be unconditionally accessed because the receiver can be 'null' - lib\on_site\on_site_detail\on_site_detail_widget.dart:561:139 - unchecked_use_of_nullable_value
  error - Expected to find ']' - lib\on_site\on_site_detail\on_site_detail_widget.dart:564:79 - expected_token
  error - Too many positional arguments: 0 expected, but 2 found - lib\on_site\on_site_detail\on_site_detail_widget.dart:565:79 - extra_positional_arguments_could_be_named
  error - The getter '$1' isn't defined for the type 'TextTheme' - lib\on_site\on_site_detail\on_site_detail_widget.dart:578:118 - undefined_getter
  error - The property 'fontWeight' can't be unconditionally accessed because the receiver can be 'null' - lib\on_site\on_site_detail\on_site_detail_widget.dart:579:188 - unchecked_use_of_nullable_value
  error - The property 'fontStyle' can't be unconditionally accessed because the receiver can be 'null' - lib\on_site\on_site_detail\on_site_detail_widget.dart:580:141 - unchecked_use_of_nullable_value
  error - The named parameter 'letterSpacing' isn't defined - lib\on_site\on_site_detail\on_site_detail_widget.dart:582:89 - undefined_named_parameter
  error - The named parameter 'fontWeight' isn't defined - lib\on_site\on_site_detail\on_site_detail_widget.dart:583:89 - undefined_named_parameter
  error - The property 'fontWeight' can't be unconditionally accessed because the receiver can be 'null' - lib\on_site\on_site_detail\on_site_detail_widget.dart:583:140 - unchecked_use_of_nullable_value
  error - The named parameter 'fontStyle' isn't defined - lib\on_site\on_site_detail\on_site_detail_widget.dart:584:89 - undefined_named_parameter
  error - The property 'fontStyle' can't be unconditionally accessed because the receiver can be 'null' - lib\on_site\on_site_detail\on_site_detail_widget.dart:584:139 - unchecked_use_of_nullable_value
  error - Expected to find ')' - lib\on_site\on_site_detail\on_site_detail_widget.dart:588:77 - expected_token
  error - Expected to find ']' - lib\on_site\on_site_detail\on_site_detail_widget.dart:597:59 - expected_token
  error - Too many positional arguments: 0 expected, but 1 found - lib\on_site\on_site_detail\on_site_detail_widget.dart:598:59 - extra_positional_arguments_could_be_named
  error - A member named 'secondaryBackground' is defined in 'extension ColorSchemeExtension on ColorScheme' and 'extension AppColorScheme on ColorScheme', and neither is more specific - lib\on_site\on_site_detail\on_site_detail_widget.dart:641:116 - ambiguous_extension_member_access
  error - The getter '$1' isn't defined for the type 'TextTheme' - lib\on_site\on_site_detail\on_site_detail_widget.dart:649:114 - undefined_getter
  error - The property 'fontWeight' can't be unconditionally accessed because the receiver can be 'null' - lib\on_site\on_site_detail\on_site_detail_widget.dart:650:184 - unchecked_use_of_nullable_value
  error - The property 'fontStyle' can't be unconditionally accessed because the receiver can be 'null' - lib\on_site\on_site_detail\on_site_detail_widget.dart:651:137 - unchecked_use_of_nullable_value
  error - The named parameter 'color' isn't defined - lib\on_site\on_site_detail\on_site_detail_widget.dart:653:85 - undefined_named_parameter
  error - The named parameter 'letterSpacing' isn't defined - lib\on_site\on_site_detail\on_site_detail_widget.dart:654:85 - undefined_named_parameter
  error - The named parameter 'fontWeight' isn't defined - lib\on_site\on_site_detail\on_site_detail_widget.dart:655:85 - undefined_named_parameter
  error - The property 'fontWeight' can't be unconditionally accessed because the receiver can be 'null' - lib\on_site\on_site_detail\on_site_detail_widget.dart:655:136 - unchecked_use_of_nullable_value
  error - The named parameter 'fontStyle' isn't defined - lib\on_site\on_site_detail\on_site_detail_widget.dart:656:85 - undefined_named_parameter
  error - The property 'fontStyle' can't be unconditionally accessed because the receiver can be 'null' - lib\on_site\on_site_detail\on_site_detail_widget.dart:656:135 - unchecked_use_of_nullable_value
  error - Expected to find ']' - lib\on_site\on_site_detail\on_site_detail_widget.dart:659:75 - expected_token
  error - Too many positional arguments: 0 expected, but 2 found - lib\on_site\on_site_detail\on_site_detail_widget.dart:660:75 - extra_positional_arguments_could_be_named
  error - A member named 'secondaryBackground' is defined in 'extension ColorSchemeExtension on ColorScheme' and 'extension AppColorScheme on ColorScheme', and neither is more specific - lib\on_site\on_site_detail\on_site_detail_widget.dart:667:116 - ambiguous_extension_member_access
  error - A member named 'secondaryBackground' is defined in 'extension ColorSchemeExtension on ColorScheme' and 'extension AppColorScheme on ColorScheme', and neither is more specific - lib\on_site\on_site_detail\on_site_detail_widget.dart:677:116 - ambiguous_extension_member_access
  error - The getter '$1' isn't defined for the type 'TextTheme' - lib\on_site\on_site_detail\on_site_detail_widget.dart:685:114 - undefined_getter
  error - The property 'fontWeight' can't be unconditionally accessed because the receiver can be 'null' - lib\on_site\on_site_detail\on_site_detail_widget.dart:686:184 - unchecked_use_of_nullable_value
  error - The property 'fontStyle' can't be unconditionally accessed because the receiver can be 'null' - lib\on_site\on_site_detail\on_site_detail_widget.dart:687:137 - unchecked_use_of_nullable_value
  error - The named parameter 'color' isn't defined - lib\on_site\on_site_detail\on_site_detail_widget.dart:689:85 - undefined_named_parameter
  error - The named parameter 'letterSpacing' isn't defined - lib\on_site\on_site_detail\on_site_detail_widget.dart:690:85 - undefined_named_parameter
  error - The named parameter 'fontWeight' isn't defined - lib\on_site\on_site_detail\on_site_detail_widget.dart:691:85 - undefined_named_parameter
  error - The property 'fontWeight' can't be unconditionally accessed because the receiver can be 'null' - lib\on_site\on_site_detail\on_site_detail_widget.dart:691:136 - unchecked_use_of_nullable_value
  error - The named parameter 'fontStyle' isn't defined - lib\on_site\on_site_detail\on_site_detail_widget.dart:692:85 - undefined_named_parameter
  error - The property 'fontStyle' can't be unconditionally accessed because the receiver can be 'null' - lib\on_site\on_site_detail\on_site_detail_widget.dart:692:135 - unchecked_use_of_nullable_value
  error - Expected to find ')' - lib\on_site\on_site_detail\on_site_detail_widget.dart:696:73 - expected_token
  error - Expected to find ')' - lib\on_site\on_site_detail\on_site_detail_widget.dart:700:65 - expected_token
  error - Expected an identifier - lib\on_site\on_site_detail\on_site_detail_widget.dart:713:59 - missing_identifier
  error - Expected to find ')' - lib\on_site\on_site_detail\on_site_detail_widget.dart:713:59 - expected_token
  error - Expected to find ',' - lib\on_site\on_site_detail\on_site_detail_widget.dart:713:59 - expected_token
  error - The method 'AppState' isn't defined for the type '_OnSiteDetailWidgetState' - lib\on_site\on_site_detail\on_site_detail_widget.dart:713:63 - undefined_method
  error - A member named 'secondaryBackground' is defined in 'extension ColorSchemeExtension on ColorScheme' and 'extension AppColorScheme on ColorScheme', and neither is more specific - lib\on_site\on_site_detail\on_site_detail_widget.dart:766:116 - ambiguous_extension_member_access
  error - The getter '$1' isn't defined for the type 'TextTheme' - lib\on_site\on_site_detail\on_site_detail_widget.dart:776:116 - undefined_getter
  error - The property 'fontWeight' can't be unconditionally accessed because the receiver can be 'null' - lib\on_site\on_site_detail\on_site_detail_widget.dart:777:186 - unchecked_use_of_nullable_value
  error - The property 'fontStyle' can't be unconditionally accessed because the receiver can be 'null' - lib\on_site\on_site_detail\on_site_detail_widget.dart:778:139 - unchecked_use_of_nullable_value
  error - The named parameter 'color' isn't defined - lib\on_site\on_site_detail\on_site_detail_widget.dart:780:87 - undefined_named_parameter
  error - The named parameter 'fontSize' isn't defined - lib\on_site\on_site_detail\on_site_detail_widget.dart:781:87 - undefined_named_parameter
  error - The named parameter 'letterSpacing' isn't defined - lib\on_site\on_site_detail\on_site_detail_widget.dart:782:87 - undefined_named_parameter
  error - The named parameter 'fontWeight' isn't defined - lib\on_site\on_site_detail\on_site_detail_widget.dart:783:87 - undefined_named_parameter
  error - The property 'fontWeight' can't be unconditionally accessed because the receiver can be 'null' - lib\on_site\on_site_detail\on_site_detail_widget.dart:783:138 - unchecked_use_of_nullable_value
  error - The named parameter 'fontStyle' isn't defined - lib\on_site\on_site_detail\on_site_detail_widget.dart:784:87 - undefined_named_parameter
  error - The property 'fontStyle' can't be unconditionally accessed because the receiver can be 'null' - lib\on_site\on_site_detail\on_site_detail_widget.dart:784:137 - unchecked_use_of_nullable_value
  error - Expected to find ']' - lib\on_site\on_site_detail\on_site_detail_widget.dart:788:75 - expected_token
  error - Too many positional arguments: 0 expected, but 1 found - lib\on_site\on_site_detail\on_site_detail_widget.dart:793:67 - extra_positional_arguments_could_be_named
  error - A member named 'secondaryBackground' is defined in 'extension ColorSchemeExtension on ColorScheme' and 'extension AppColorScheme on ColorScheme', and neither is more specific - lib\on_site\on_site_detail\on_site_detail_widget.dart:830:116 - ambiguous_extension_member_access
  error - The getter '$1' isn't defined for the type 'TextTheme' - lib\on_site\on_site_detail\on_site_detail_widget.dart:840:116 - undefined_getter
  error - The property 'fontWeight' can't be unconditionally accessed because the receiver can be 'null' - lib\on_site\on_site_detail\on_site_detail_widget.dart:841:186 - unchecked_use_of_nullable_value
  error - The property 'fontStyle' can't be unconditionally accessed because the receiver can be 'null' - lib\on_site\on_site_detail\on_site_detail_widget.dart:842:139 - unchecked_use_of_nullable_value
  error - The named parameter 'color' isn't defined - lib\on_site\on_site_detail\on_site_detail_widget.dart:844:87 - undefined_named_parameter
  error - The named parameter 'fontSize' isn't defined - lib\on_site\on_site_detail\on_site_detail_widget.dart:845:87 - undefined_named_parameter
  error - The named parameter 'letterSpacing' isn't defined - lib\on_site\on_site_detail\on_site_detail_widget.dart:846:87 - undefined_named_parameter
  error - The named parameter 'fontWeight' isn't defined - lib\on_site\on_site_detail\on_site_detail_widget.dart:847:87 - undefined_named_parameter
  error - The property 'fontWeight' can't be unconditionally accessed because the receiver can be 'null' - lib\on_site\on_site_detail\on_site_detail_widget.dart:847:138 - unchecked_use_of_nullable_value
  error - The named parameter 'fontStyle' isn't defined - lib\on_site\on_site_detail\on_site_detail_widget.dart:848:87 - undefined_named_parameter
  error - The property 'fontStyle' can't be unconditionally accessed because the receiver can be 'null' - lib\on_site\on_site_detail\on_site_detail_widget.dart:848:137 - unchecked_use_of_nullable_value
  error - Expected to find ']' - lib\on_site\on_site_detail\on_site_detail_widget.dart:852:75 - expected_token
  error - Expected to find ')' - lib\on_site\on_site_detail\on_site_detail_widget.dart:855:69 - expected_token
  error - Expected an identifier - lib\on_site\on_site_detail\on_site_detail_widget.dart:860:59 - missing_identifier
  error - Expected to find ')' - lib\on_site\on_site_detail\on_site_detail_widget.dart:860:59 - expected_token
  error - Expected to find ']' - lib\on_site\on_site_detail\on_site_detail_widget.dart:906:67 - expected_token
  error - Expected an identifier - lib\on_site\on_site_detail\on_site_detail_widget.dart:937:59 - missing_identifier
  error - Expected to find ')' - lib\on_site\on_site_detail\on_site_detail_widget.dart:937:59 - expected_token
  error - Expected to find ']' - lib\on_site\on_site_detail\on_site_detail_widget.dart:983:67 - expected_token
  error - Expected to find ';' - lib\on_site\on_site_detail\on_site_detail_widget.dart:1010:61 - expected_token
warning - Dead code - lib\on_site\on_site_detail\on_site_detail_widget.dart:1010:62 - dead_code
  error - Expected an identifier - lib\on_site\on_site_detail\on_site_detail_widget.dart:1010:62 - missing_identifier
  error - Expected to find ';' - lib\on_site\on_site_detail\on_site_detail_widget.dart:1010:62 - expected_token
  error - Unexpected text ';' - lib\on_site\on_site_detail\on_site_detail_widget.dart:1010:62 - unexpected_token
  error - Expected an identifier - lib\on_site\on_site_detail\on_site_detail_widget.dart:1011:57 - missing_identifier
  error - Expected to find ';' - lib\on_site\on_site_detail\on_site_detail_widget.dart:1011:57 - expected_token
  error - Unexpected text ';' - lib\on_site\on_site_detail\on_site_detail_widget.dart:1011:57 - unexpected_token
  error - Expected an identifier - lib\on_site\on_site_detail\on_site_detail_widget.dart:1011:58 - missing_identifier
  error - Expected to find ';' - lib\on_site\on_site_detail\on_site_detail_widget.dart:1011:58 - expected_token
  error - Unexpected text ';' - lib\on_site\on_site_detail\on_site_detail_widget.dart:1011:58 - unexpected_token
  error - Expected an identifier - lib\on_site\on_site_detail\on_site_detail_widget.dart:1012:55 - missing_identifier
  error - Expected to find ';' - lib\on_site\on_site_detail\on_site_detail_widget.dart:1012:55 - expected_token
  error - Unexpected text ';' - lib\on_site\on_site_detail\on_site_detail_widget.dart:1012:55 - unexpected_token
  error - Expected an identifier - lib\on_site\on_site_detail\on_site_detail_widget.dart:1012:56 - missing_identifier
  error - Expected to find ';' - lib\on_site\on_site_detail\on_site_detail_widget.dart:1012:56 - expected_token
  error - Unexpected text ';' - lib\on_site\on_site_detail\on_site_detail_widget.dart:1012:56 - unexpected_token
  error - Expected an identifier - lib\on_site\on_site_detail\on_site_detail_widget.dart:1013:53 - missing_identifier
  error - Expected to find ';' - lib\on_site\on_site_detail\on_site_detail_widget.dart:1013:53 - expected_token
  error - Unexpected text ';' - lib\on_site\on_site_detail\on_site_detail_widget.dart:1013:53 - unexpected_token
  error - Expected an identifier - lib\on_site\on_site_detail\on_site_detail_widget.dart:1013:54 - missing_identifier
  error - Expected to find ';' - lib\on_site\on_site_detail\on_site_detail_widget.dart:1013:54 - expected_token
  error - Unexpected text ';' - lib\on_site\on_site_detail\on_site_detail_widget.dart:1013:54 - unexpected_token
  error - Expected an identifier - lib\on_site\on_site_detail\on_site_detail_widget.dart:1014:51 - missing_identifier
  error - Expected to find ';' - lib\on_site\on_site_detail\on_site_detail_widget.dart:1014:51 - expected_token
  error - Unexpected text ';' - lib\on_site\on_site_detail\on_site_detail_widget.dart:1014:51 - unexpected_token
  error - Expected an identifier - lib\on_site\on_site_detail\on_site_detail_widget.dart:1014:52 - missing_identifier
  error - Expected to find ';' - lib\on_site\on_site_detail\on_site_detail_widget.dart:1014:52 - expected_token
  error - Unexpected text ';' - lib\on_site\on_site_detail\on_site_detail_widget.dart:1014:52 - unexpected_token
  error - Expected an identifier - lib\on_site\on_site_detail\on_site_detail_widget.dart:1015:49 - missing_identifier
  error - Expected to find ';' - lib\on_site\on_site_detail\on_site_detail_widget.dart:1015:49 - expected_token
  error - Unexpected text ';' - lib\on_site\on_site_detail\on_site_detail_widget.dart:1015:49 - unexpected_token
  error - Expected an identifier - lib\on_site\on_site_detail\on_site_detail_widget.dart:1015:50 - missing_identifier
  error - Expected to find ';' - lib\on_site\on_site_detail\on_site_detail_widget.dart:1015:50 - expected_token
  error - Unexpected text ';' - lib\on_site\on_site_detail\on_site_detail_widget.dart:1015:50 - unexpected_token
  error - Expected an identifier - lib\on_site\on_site_detail\on_site_detail_widget.dart:1016:47 - missing_identifier
  error - Expected to find ';' - lib\on_site\on_site_detail\on_site_detail_widget.dart:1016:47 - expected_token
  error - Unexpected text ';' - lib\on_site\on_site_detail\on_site_detail_widget.dart:1016:47 - unexpected_token
  error - Expected an identifier - lib\on_site\on_site_detail\on_site_detail_widget.dart:1016:48 - missing_identifier
  error - Expected to find ';' - lib\on_site\on_site_detail\on_site_detail_widget.dart:1016:48 - expected_token
  error - Unexpected text ';' - lib\on_site\on_site_detail\on_site_detail_widget.dart:1016:48 - unexpected_token
  error - Expected an identifier - lib\on_site\on_site_detail\on_site_detail_widget.dart:1017:45 - missing_identifier
  error - Expected to find ';' - lib\on_site\on_site_detail\on_site_detail_widget.dart:1017:45 - expected_token
  error - Unexpected text ';' - lib\on_site\on_site_detail\on_site_detail_widget.dart:1017:45 - unexpected_token
  error - Expected an identifier - lib\on_site\on_site_detail\on_site_detail_widget.dart:1017:46 - missing_identifier
  error - Expected to find ';' - lib\on_site\on_site_detail\on_site_detail_widget.dart:1017:46 - expected_token
  error - Unexpected text ';' - lib\on_site\on_site_detail\on_site_detail_widget.dart:1017:46 - unexpected_token
  error - Expected an identifier - lib\on_site\on_site_detail\on_site_detail_widget.dart:1018:43 - missing_identifier
  error - Expected to find ';' - lib\on_site\on_site_detail\on_site_detail_widget.dart:1018:43 - expected_token
  error - Unexpected text ';' - lib\on_site\on_site_detail\on_site_detail_widget.dart:1018:43 - unexpected_token
  error - Expected an identifier - lib\on_site\on_site_detail\on_site_detail_widget.dart:1018:44 - missing_identifier
  error - Expected to find ';' - lib\on_site\on_site_detail\on_site_detail_widget.dart:1018:44 - expected_token
  error - Unexpected text ';' - lib\on_site\on_site_detail\on_site_detail_widget.dart:1018:44 - unexpected_token
  error - Expected an identifier - lib\on_site\on_site_detail\on_site_detail_widget.dart:1019:41 - missing_identifier
  error - Expected to find ';' - lib\on_site\on_site_detail\on_site_detail_widget.dart:1019:41 - expected_token
  error - Unexpected text ';' - lib\on_site\on_site_detail\on_site_detail_widget.dart:1019:41 - unexpected_token
  error - Expected an identifier - lib\on_site\on_site_detail\on_site_detail_widget.dart:1019:42 - missing_identifier
  error - Expected to find ';' - lib\on_site\on_site_detail\on_site_detail_widget.dart:1019:42 - expected_token
  error - Unexpected text ';' - lib\on_site\on_site_detail\on_site_detail_widget.dart:1019:42 - unexpected_token
  error - Expected an identifier - lib\on_site\on_site_detail\on_site_detail_widget.dart:1020:39 - missing_identifier
  error - Expected to find ';' - lib\on_site\on_site_detail\on_site_detail_widget.dart:1020:39 - expected_token
  error - Unexpected text ';' - lib\on_site\on_site_detail\on_site_detail_widget.dart:1020:39 - unexpected_token
  error - Expected an identifier - lib\on_site\on_site_detail\on_site_detail_widget.dart:1020:40 - missing_identifier
  error - Expected to find ';' - lib\on_site\on_site_detail\on_site_detail_widget.dart:1020:40 - expected_token
  error - Unexpected text ';' - lib\on_site\on_site_detail\on_site_detail_widget.dart:1020:40 - unexpected_token
  error - Expected an identifier - lib\on_site\on_site_detail\on_site_detail_widget.dart:1021:37 - missing_identifier
  error - Expected to find ';' - lib\on_site\on_site_detail\on_site_detail_widget.dart:1021:37 - expected_token
  error - Unexpected text ';' - lib\on_site\on_site_detail\on_site_detail_widget.dart:1021:37 - unexpected_token
  error - Expected an identifier - lib\on_site\on_site_detail\on_site_detail_widget.dart:1021:38 - missing_identifier
  error - Expected to find ';' - lib\on_site\on_site_detail\on_site_detail_widget.dart:1021:38 - expected_token
  error - Unexpected text ';' - lib\on_site\on_site_detail\on_site_detail_widget.dart:1021:38 - unexpected_token
  error - Expected an identifier - lib\on_site\on_site_detail\on_site_detail_widget.dart:1022:35 - missing_identifier
  error - Expected to find ';' - lib\on_site\on_site_detail\on_site_detail_widget.dart:1022:35 - expected_token
  error - Unexpected text ';' - lib\on_site\on_site_detail\on_site_detail_widget.dart:1022:35 - unexpected_token
  error - Expected an identifier - lib\on_site\on_site_detail\on_site_detail_widget.dart:1022:36 - missing_identifier
  error - Unexpected text ';' - lib\on_site\on_site_detail\on_site_detail_widget.dart:1022:36 - unexpected_token
  error - Undefined name 'FlutterFlowTheme' - lib\on_site\on_site_detail\on_site_detail_widget.dart:1032:50 - undefined_identifier
  error - Undefined name 'FlutterFlowTheme' - lib\on_site\on_site_detail\on_site_detail_widget.dart:1054:64 - undefined_identifier
  error - Undefined name 'FlutterFlowTheme' - lib\on_site\on_site_detail\on_site_detail_widget.dart:1094:72 - undefined_identifier
  error - Undefined name 'FlutterFlowTheme' - lib\on_site\on_site_detail\on_site_detail_widget.dart:1106:70 - undefined_identifier
  error - Undefined name 'FlutterFlowTheme' - lib\on_site\on_site_detail\on_site_detail_widget.dart:1112:83 - undefined_identifier
  error - Undefined name 'FlutterFlowTheme' - lib\on_site\on_site_detail\on_site_detail_widget.dart:1116:82 - undefined_identifier
  error - Undefined name 'FlutterFlowTheme' - lib\on_site\on_site_detail\on_site_detail_widget.dart:1121:76 - undefined_identifier
  error - Undefined name 'FlutterFlowTheme' - lib\on_site\on_site_detail\on_site_detail_widget.dart:1126:81 - undefined_identifier
  error - Undefined name 'FlutterFlowTheme' - lib\on_site\on_site_detail\on_site_detail_widget.dart:1130:80 - undefined_identifier
  error - Undefined name 'FlutterFlowTheme' - lib\on_site\on_site_detail\on_site_detail_widget.dart:1141:72 - undefined_identifier
  error - Undefined name 'FlutterFlowTheme' - lib\on_site\on_site_detail\on_site_detail_widget.dart:1149:70 - undefined_identifier
  error - The getter '$1' isn't defined for the type 'TextTheme' - lib\on_site\on_site_detail\on_site_detail_widget.dart:1216:114 - undefined_getter
  error - The property 'fontWeight' can't be unconditionally accessed because the receiver can be 'null' - lib\on_site\on_site_detail\on_site_detail_widget.dart:1217:184 - unchecked_use_of_nullable_value
  error - The property 'fontStyle' can't be unconditionally accessed because the receiver can be 'null' - lib\on_site\on_site_detail\on_site_detail_widget.dart:1218:137 - unchecked_use_of_nullable_value
  error - The named parameter 'color' isn't defined - lib\on_site\on_site_detail\on_site_detail_widget.dart:1220:85 - undefined_named_parameter
  error - The named parameter 'letterSpacing' isn't defined - lib\on_site\on_site_detail\on_site_detail_widget.dart:1221:85 - undefined_named_parameter
  error - The named parameter 'fontWeight' isn't defined - lib\on_site\on_site_detail\on_site_detail_widget.dart:1222:85 - undefined_named_parameter
  error - The property 'fontWeight' can't be unconditionally accessed because the receiver can be 'null' - lib\on_site\on_site_detail\on_site_detail_widget.dart:1222:136 - unchecked_use_of_nullable_value
  error - The named parameter 'fontStyle' isn't defined - lib\on_site\on_site_detail\on_site_detail_widget.dart:1223:85 - undefined_named_parameter
  error - The property 'fontStyle' can't be unconditionally accessed because the receiver can be 'null' - lib\on_site\on_site_detail\on_site_detail_widget.dart:1223:135 - unchecked_use_of_nullable_value
  error - Expected to find ']' - lib\on_site\on_site_detail\on_site_detail_widget.dart:1226:75 - expected_token
  error - Too many positional arguments: 0 expected, but 2 found - lib\on_site\on_site_detail\on_site_detail_widget.dart:1227:75 - extra_positional_arguments_could_be_named
  error - The getter '$1' isn't defined for the type 'TextTheme' - lib\on_site\on_site_detail\on_site_detail_widget.dart:1248:114 - undefined_getter
  error - The property 'fontWeight' can't be unconditionally accessed because the receiver can be 'null' - lib\on_site\on_site_detail\on_site_detail_widget.dart:1249:184 - unchecked_use_of_nullable_value
  error - The property 'fontStyle' can't be unconditionally accessed because the receiver can be 'null' - lib\on_site\on_site_detail\on_site_detail_widget.dart:1250:137 - unchecked_use_of_nullable_value
  error - The named parameter 'color' isn't defined - lib\on_site\on_site_detail\on_site_detail_widget.dart:1252:85 - undefined_named_parameter
  error - The named parameter 'letterSpacing' isn't defined - lib\on_site\on_site_detail\on_site_detail_widget.dart:1253:85 - undefined_named_parameter
  error - The named parameter 'fontWeight' isn't defined - lib\on_site\on_site_detail\on_site_detail_widget.dart:1254:85 - undefined_named_parameter
  error - The property 'fontWeight' can't be unconditionally accessed because the receiver can be 'null' - lib\on_site\on_site_detail\on_site_detail_widget.dart:1254:136 - unchecked_use_of_nullable_value
  error - The named parameter 'fontStyle' isn't defined - lib\on_site\on_site_detail\on_site_detail_widget.dart:1255:85 - undefined_named_parameter
  error - The property 'fontStyle' can't be unconditionally accessed because the receiver can be 'null' - lib\on_site\on_site_detail\on_site_detail_widget.dart:1255:135 - unchecked_use_of_nullable_value
  error - Expected to find ')' - lib\on_site\on_site_detail\on_site_detail_widget.dart:1259:73 - expected_token
  error - Expected to find ']' - lib\on_site\on_site_detail\on_site_detail_widget.dart:1266:59 - expected_token
  error - Expected to find ']' - lib\on_site\on_site_detail\on_site_detail_widget.dart:1268:55 - expected_token
  error - Undefined name 'FlutterFlowTheme' - lib\on_site\on_site_detail\on_site_detail_widget.dart:1318:82 - undefined_identifier
  error - The property 'fontWeight' can't be unconditionally accessed because the receiver can be 'null' - lib\on_site\on_site_detail\on_site_detail_widget.dart:1321:180 - unchecked_use_of_nullable_value
  error - The property 'fontStyle' can't be unconditionally accessed because the receiver can be 'null' - lib\on_site\on_site_detail\on_site_detail_widget.dart:1322:133 - unchecked_use_of_nullable_value
  error - The named parameter 'color' isn't defined - lib\on_site\on_site_detail\on_site_detail_widget.dart:1324:81 - undefined_named_parameter
  error - The named parameter 'letterSpacing' isn't defined - lib\on_site\on_site_detail\on_site_detail_widget.dart:1325:81 - undefined_named_parameter
  error - The named parameter 'fontWeight' isn't defined - lib\on_site\on_site_detail\on_site_detail_widget.dart:1326:81 - undefined_named_parameter
  error - The property 'fontWeight' can't be unconditionally accessed because the receiver can be 'null' - lib\on_site\on_site_detail\on_site_detail_widget.dart:1326:132 - unchecked_use_of_nullable_value
  error - The named parameter 'fontStyle' isn't defined - lib\on_site\on_site_detail\on_site_detail_widget.dart:1327:81 - undefined_named_parameter
  error - The property 'fontStyle' can't be unconditionally accessed because the receiver can be 'null' - lib\on_site\on_site_detail\on_site_detail_widget.dart:1327:131 - unchecked_use_of_nullable_value
  error - Expected to find ']' - lib\on_site\on_site_detail\on_site_detail_widget.dart:1330:71 - expected_token
  error - Too many positional arguments: 0 expected, but 2 found - lib\on_site\on_site_detail\on_site_detail_widget.dart:1331:71 - extra_positional_arguments_could_be_named
  error - A member named 'secondaryBackground' is defined in 'extension ColorSchemeExtension on ColorScheme' and 'extension AppColorScheme on ColorScheme', and neither is more specific - lib\on_site\on_site_detail\on_site_detail_widget.dart:1339:109 - ambiguous_extension_member_access
  error - Undefined name 'FlutterFlowTheme' - lib\on_site\on_site_detail\on_site_detail_widget.dart:1347:80 - undefined_identifier
  error - The property 'fontWeight' can't be unconditionally accessed because the receiver can be 'null' - lib\on_site\on_site_detail\on_site_detail_widget.dart:1350:178 - unchecked_use_of_nullable_value
  error - The property 'fontStyle' can't be unconditionally accessed because the receiver can be 'null' - lib\on_site\on_site_detail\on_site_detail_widget.dart:1351:131 - unchecked_use_of_nullable_value
  error - The named parameter 'color' isn't defined - lib\on_site\on_site_detail\on_site_detail_widget.dart:1353:79 - undefined_named_parameter
  error - The named parameter 'letterSpacing' isn't defined - lib\on_site\on_site_detail\on_site_detail_widget.dart:1354:79 - undefined_named_parameter
  error - The named parameter 'fontWeight' isn't defined - lib\on_site\on_site_detail\on_site_detail_widget.dart:1355:79 - undefined_named_parameter
  error - The property 'fontWeight' can't be unconditionally accessed because the receiver can be 'null' - lib\on_site\on_site_detail\on_site_detail_widget.dart:1355:130 - unchecked_use_of_nullable_value
  error - The named parameter 'fontStyle' isn't defined - lib\on_site\on_site_detail\on_site_detail_widget.dart:1356:79 - undefined_named_parameter
  error - The property 'fontStyle' can't be unconditionally accessed because the receiver can be 'null' - lib\on_site\on_site_detail\on_site_detail_widget.dart:1356:129 - unchecked_use_of_nullable_value
  error - Expected to find ')' - lib\on_site\on_site_detail\on_site_detail_widget.dart:1359:69 - expected_token
  error - Expected an identifier - lib\on_site\on_site_detail\on_site_detail_widget.dart:1363:61 - missing_identifier
  error - Expected to find ')' - lib\on_site\on_site_detail\on_site_detail_widget.dart:1363:61 - expected_token
  error - Expected to find ';' - lib\on_site\on_site_detail\on_site_detail_widget.dart:1366:55 - expected_token
  error - Expected an identifier - lib\on_site\on_site_detail\on_site_detail_widget.dart:1366:56 - missing_identifier
  error - Unexpected text ';' - lib\on_site\on_site_detail\on_site_detail_widget.dart:1366:56 - unexpected_token
  error - The named parameter 'options' is required, but there's no corresponding argument - lib\on_site\on_site_detail\on_site_detail_widget.dart:1375:64 - missing_required_argument
  error - The getter 'routeName' isn't defined for the type 'CheckOutWidget' - lib\on_site\on_site_detail\on_site_detail_widget.dart:1378:78 - undefined_getter
  error - The named parameter 'queryParameters' isn't defined - lib\on_site\on_site_detail\on_site_detail_widget.dart:1379:63 - undefined_named_parameter
  error - The method 'AppState' isn't defined for the type '_OnSiteDetailWidgetState' - lib\on_site\on_site_detail\on_site_detail_widget.dart:1381:67 - undefined_method
  error - The getter 'l10n' isn't defined for the type 'BuildContext' - lib\on_site\on_site_detail\on_site_detail_widget.dart:1387:73 - undefined_getter
  error - The named parameter 'buttonType' isn't defined - lib\on_site\on_site_detail\on_site_detail_widget.dart:1388:59 - undefined_named_parameter
  error - Undefined name 'AppButtonType' - lib\on_site\on_site_detail\on_site_detail_widget.dart:1388:71 - undefined_identifier
  error - The named parameter 'backgroundColor' isn't defined - lib\on_site\on_site_detail\on_site_detail_widget.dart:1389:59 - undefined_named_parameter
  error - The named parameter 'height' isn't defined - lib\on_site\on_site_detail\on_site_detail_widget.dart:1390:59 - undefined_named_parameter
  error - The named parameter 'padding' isn't defined - lib\on_site\on_site_detail\on_site_detail_widget.dart:1391:59 - undefined_named_parameter
  error - The named parameter 'elevation' isn't defined - lib\on_site\on_site_detail\on_site_detail_widget.dart:1392:59 - undefined_named_parameter
  error - The named parameter 'borderRadius' isn't defined - lib\on_site\on_site_detail\on_site_detail_widget.dart:1393:59 - undefined_named_parameter
  error - The named parameter 'textStyle' isn't defined - lib\on_site\on_site_detail\on_site_detail_widget.dart:1394:59 - undefined_named_parameter
  error - Expected to find ';' - lib\on_site\on_site_detail\on_site_detail_widget.dart:1400:55 - expected_token
  error - Expected an identifier - lib\on_site\on_site_detail\on_site_detail_widget.dart:1400:56 - missing_identifier
  error - Expected to find ';' - lib\on_site\on_site_detail\on_site_detail_widget.dart:1400:56 - expected_token
  error - Unexpected text ';' - lib\on_site\on_site_detail\on_site_detail_widget.dart:1400:56 - unexpected_token
  error - Expected an identifier - lib\on_site\on_site_detail\on_site_detail_widget.dart:1401:53 - missing_identifier
  error - Expected to find ';' - lib\on_site\on_site_detail\on_site_detail_widget.dart:1401:53 - expected_token
  error - Unexpected text ';' - lib\on_site\on_site_detail\on_site_detail_widget.dart:1401:53 - unexpected_token
  error - Expected an identifier - lib\on_site\on_site_detail\on_site_detail_widget.dart:1401:54 - missing_identifier
  error - Expected to find ';' - lib\on_site\on_site_detail\on_site_detail_widget.dart:1401:54 - expected_token
  error - Unexpected text ';' - lib\on_site\on_site_detail\on_site_detail_widget.dart:1401:54 - unexpected_token
  error - Expected an identifier - lib\on_site\on_site_detail\on_site_detail_widget.dart:1402:51 - missing_identifier
  error - Expected to find ';' - lib\on_site\on_site_detail\on_site_detail_widget.dart:1402:51 - expected_token
  error - Unexpected text ';' - lib\on_site\on_site_detail\on_site_detail_widget.dart:1402:51 - unexpected_token
  error - Expected an identifier - lib\on_site\on_site_detail\on_site_detail_widget.dart:1402:52 - missing_identifier
  error - Expected to find ';' - lib\on_site\on_site_detail\on_site_detail_widget.dart:1402:52 - expected_token
  error - Unexpected text ';' - lib\on_site\on_site_detail\on_site_detail_widget.dart:1402:52 - unexpected_token
  error - Expected an identifier - lib\on_site\on_site_detail\on_site_detail_widget.dart:1403:49 - missing_identifier
  error - Expected to find ';' - lib\on_site\on_site_detail\on_site_detail_widget.dart:1403:49 - expected_token
  error - Unexpected text ';' - lib\on_site\on_site_detail\on_site_detail_widget.dart:1403:49 - unexpected_token
  error - Expected an identifier - lib\on_site\on_site_detail\on_site_detail_widget.dart:1403:50 - missing_identifier
  error - Expected to find ';' - lib\on_site\on_site_detail\on_site_detail_widget.dart:1403:50 - expected_token
  error - Unexpected text ';' - lib\on_site\on_site_detail\on_site_detail_widget.dart:1403:50 - unexpected_token
  error - Expected an identifier - lib\on_site\on_site_detail\on_site_detail_widget.dart:1404:47 - missing_identifier
  error - Expected to find ';' - lib\on_site\on_site_detail\on_site_detail_widget.dart:1404:47 - expected_token
  error - Unexpected text ';' - lib\on_site\on_site_detail\on_site_detail_widget.dart:1404:47 - unexpected_token
  error - Expected an identifier - lib\on_site\on_site_detail\on_site_detail_widget.dart:1404:48 - missing_identifier
  error - Expected to find ';' - lib\on_site\on_site_detail\on_site_detail_widget.dart:1404:48 - expected_token
  error - Unexpected text ';' - lib\on_site\on_site_detail\on_site_detail_widget.dart:1404:48 - unexpected_token
  error - Expected an identifier - lib\on_site\on_site_detail\on_site_detail_widget.dart:1405:45 - missing_identifier
  error - Expected to find ';' - lib\on_site\on_site_detail\on_site_detail_widget.dart:1405:45 - expected_token
  error - Unexpected text ';' - lib\on_site\on_site_detail\on_site_detail_widget.dart:1405:45 - unexpected_token
  error - Expected an identifier - lib\on_site\on_site_detail\on_site_detail_widget.dart:1405:46 - missing_identifier
  error - Expected to find ';' - lib\on_site\on_site_detail\on_site_detail_widget.dart:1405:46 - expected_token
  error - Unexpected text ';' - lib\on_site\on_site_detail\on_site_detail_widget.dart:1405:46 - unexpected_token
  error - Expected an identifier - lib\on_site\on_site_detail\on_site_detail_widget.dart:1406:43 - missing_identifier
  error - Expected to find ';' - lib\on_site\on_site_detail\on_site_detail_widget.dart:1406:43 - expected_token
  error - Unexpected text ';' - lib\on_site\on_site_detail\on_site_detail_widget.dart:1406:43 - unexpected_token
  error - Expected an identifier - lib\on_site\on_site_detail\on_site_detail_widget.dart:1406:44 - missing_identifier
  error - Expected to find ';' - lib\on_site\on_site_detail\on_site_detail_widget.dart:1406:44 - expected_token
  error - Unexpected text ';' - lib\on_site\on_site_detail\on_site_detail_widget.dart:1406:44 - unexpected_token
  error - Expected an identifier - lib\on_site\on_site_detail\on_site_detail_widget.dart:1407:41 - missing_identifier
  error - Expected to find ';' - lib\on_site\on_site_detail\on_site_detail_widget.dart:1407:41 - expected_token
  error - Unexpected text ';' - lib\on_site\on_site_detail\on_site_detail_widget.dart:1407:41 - unexpected_token
  error - Expected an identifier - lib\on_site\on_site_detail\on_site_detail_widget.dart:1407:42 - missing_identifier
  error - Expected to find ';' - lib\on_site\on_site_detail\on_site_detail_widget.dart:1407:42 - expected_token
  error - Unexpected text ';' - lib\on_site\on_site_detail\on_site_detail_widget.dart:1407:42 - unexpected_token
  error - Expected an identifier - lib\on_site\on_site_detail\on_site_detail_widget.dart:1408:39 - missing_identifier
  error - Expected to find ';' - lib\on_site\on_site_detail\on_site_detail_widget.dart:1408:39 - expected_token
  error - Unexpected text ';' - lib\on_site\on_site_detail\on_site_detail_widget.dart:1408:39 - unexpected_token
  error - Expected an identifier - lib\on_site\on_site_detail\on_site_detail_widget.dart:1408:40 - missing_identifier
  error - Expected to find ';' - lib\on_site\on_site_detail\on_site_detail_widget.dart:1408:40 - expected_token
  error - Unexpected text ';' - lib\on_site\on_site_detail\on_site_detail_widget.dart:1408:40 - unexpected_token
  error - Expected an identifier - lib\on_site\on_site_detail\on_site_detail_widget.dart:1409:37 - missing_identifier
  error - Expected to find ';' - lib\on_site\on_site_detail\on_site_detail_widget.dart:1409:37 - expected_token
  error - Unexpected text ';' - lib\on_site\on_site_detail\on_site_detail_widget.dart:1409:37 - unexpected_token
  error - Expected an identifier - lib\on_site\on_site_detail\on_site_detail_widget.dart:1409:38 - missing_identifier
  error - Expected to find ';' - lib\on_site\on_site_detail\on_site_detail_widget.dart:1409:38 - expected_token
  error - Unexpected text ';' - lib\on_site\on_site_detail\on_site_detail_widget.dart:1409:38 - unexpected_token
  error - Expected an identifier - lib\on_site\on_site_detail\on_site_detail_widget.dart:1410:35 - missing_identifier
  error - Expected to find ';' - lib\on_site\on_site_detail\on_site_detail_widget.dart:1410:35 - expected_token
  error - Unexpected text ';' - lib\on_site\on_site_detail\on_site_detail_widget.dart:1410:35 - unexpected_token
  error - Expected an identifier - lib\on_site\on_site_detail\on_site_detail_widget.dart:1410:36 - missing_identifier
  error - Expected to find ';' - lib\on_site\on_site_detail\on_site_detail_widget.dart:1410:36 - expected_token
  error - Unexpected text ';' - lib\on_site\on_site_detail\on_site_detail_widget.dart:1410:36 - unexpected_token
  error - Expected an identifier - lib\on_site\on_site_detail\on_site_detail_widget.dart:1411:33 - missing_identifier
  error - Expected to find ';' - lib\on_site\on_site_detail\on_site_detail_widget.dart:1411:33 - expected_token
  error - Unexpected text ';' - lib\on_site\on_site_detail\on_site_detail_widget.dart:1411:33 - unexpected_token
  error - Expected an identifier - lib\on_site\on_site_detail\on_site_detail_widget.dart:1411:34 - missing_identifier
  error - Expected to find ';' - lib\on_site\on_site_detail\on_site_detail_widget.dart:1411:34 - expected_token
  error - Unexpected text ';' - lib\on_site\on_site_detail\on_site_detail_widget.dart:1411:34 - unexpected_token
  error - Expected an identifier - lib\on_site\on_site_detail\on_site_detail_widget.dart:1412:31 - missing_identifier
  error - Expected to find ';' - lib\on_site\on_site_detail\on_site_detail_widget.dart:1412:31 - expected_token
  error - Unexpected text ';' - lib\on_site\on_site_detail\on_site_detail_widget.dart:1412:31 - unexpected_token
  error - Expected an identifier - lib\on_site\on_site_detail\on_site_detail_widget.dart:1412:32 - missing_identifier
  error - Expected to find ';' - lib\on_site\on_site_detail\on_site_detail_widget.dart:1412:32 - expected_token
  error - Unexpected text ';' - lib\on_site\on_site_detail\on_site_detail_widget.dart:1412:32 - unexpected_token
  error - Expected an identifier - lib\on_site\on_site_detail\on_site_detail_widget.dart:1413:29 - missing_identifier
  error - Expected to find ';' - lib\on_site\on_site_detail\on_site_detail_widget.dart:1413:29 - expected_token
  error - Unexpected text ';' - lib\on_site\on_site_detail\on_site_detail_widget.dart:1413:29 - unexpected_token
  error - Expected an identifier - lib\on_site\on_site_detail\on_site_detail_widget.dart:1413:30 - missing_identifier
  error - Expected to find ';' - lib\on_site\on_site_detail\on_site_detail_widget.dart:1413:30 - expected_token
  error - Unexpected text ';' - lib\on_site\on_site_detail\on_site_detail_widget.dart:1413:30 - unexpected_token
  error - Expected an identifier - lib\on_site\on_site_detail\on_site_detail_widget.dart:1414:27 - missing_identifier
  error - Expected to find ';' - lib\on_site\on_site_detail\on_site_detail_widget.dart:1414:27 - expected_token
  error - Unexpected text ';' - lib\on_site\on_site_detail\on_site_detail_widget.dart:1414:27 - unexpected_token
  error - Expected an identifier - lib\on_site\on_site_detail\on_site_detail_widget.dart:1414:28 - missing_identifier
  error - Unexpected text ';' - lib\on_site\on_site_detail\on_site_detail_widget.dart:1414:28 - unexpected_token
  error - Undefined name 'FlutterFlowTheme' - lib\on_site\on_site_detail\on_site_detail_widget.dart:1429:46 - undefined_identifier
  error - Undefined name 'FlutterFlowTheme' - lib\on_site\on_site_detail\on_site_detail_widget.dart:1451:60 - undefined_identifier
  error - Undefined name 'FlutterFlowTheme' - lib\on_site\on_site_detail\on_site_detail_widget.dart:1497:72 - undefined_identifier
  error - Undefined name 'FlutterFlowTheme' - lib\on_site\on_site_detail\on_site_detail_widget.dart:1509:70 - undefined_identifier
  error - Undefined name 'FlutterFlowTheme' - lib\on_site\on_site_detail\on_site_detail_widget.dart:1515:83 - undefined_identifier
  error - Undefined name 'FlutterFlowTheme' - lib\on_site\on_site_detail\on_site_detail_widget.dart:1519:82 - undefined_identifier
  error - Undefined name 'FlutterFlowTheme' - lib\on_site\on_site_detail\on_site_detail_widget.dart:1524:76 - undefined_identifier
  error - Undefined name 'FlutterFlowTheme' - lib\on_site\on_site_detail\on_site_detail_widget.dart:1529:81 - undefined_identifier
  error - Undefined name 'FlutterFlowTheme' - lib\on_site\on_site_detail\on_site_detail_widget.dart:1533:80 - undefined_identifier
  error - Undefined name 'FlutterFlowTheme' - lib\on_site\on_site_detail\on_site_detail_widget.dart:1544:72 - undefined_identifier
  error - Undefined name 'FlutterFlowTheme' - lib\on_site\on_site_detail\on_site_detail_widget.dart:1552:70 - undefined_identifier
  error - The getter '$1' isn't defined for the type 'TextTheme' - lib\on_site\on_site_detail\on_site_detail_widget.dart:1619:114 - undefined_getter
  error - The property 'fontWeight' can't be unconditionally accessed because the receiver can be 'null' - lib\on_site\on_site_detail\on_site_detail_widget.dart:1620:184 - unchecked_use_of_nullable_value
  error - The property 'fontStyle' can't be unconditionally accessed because the receiver can be 'null' - lib\on_site\on_site_detail\on_site_detail_widget.dart:1621:137 - unchecked_use_of_nullable_value
  error - The named parameter 'color' isn't defined - lib\on_site\on_site_detail\on_site_detail_widget.dart:1623:85 - undefined_named_parameter
  error - The named parameter 'letterSpacing' isn't defined - lib\on_site\on_site_detail\on_site_detail_widget.dart:1624:85 - undefined_named_parameter
  error - The named parameter 'fontWeight' isn't defined - lib\on_site\on_site_detail\on_site_detail_widget.dart:1625:85 - undefined_named_parameter
  error - The property 'fontWeight' can't be unconditionally accessed because the receiver can be 'null' - lib\on_site\on_site_detail\on_site_detail_widget.dart:1625:136 - unchecked_use_of_nullable_value
  error - The named parameter 'fontStyle' isn't defined - lib\on_site\on_site_detail\on_site_detail_widget.dart:1626:85 - undefined_named_parameter
  error - The property 'fontStyle' can't be unconditionally accessed because the receiver can be 'null' - lib\on_site\on_site_detail\on_site_detail_widget.dart:1626:135 - unchecked_use_of_nullable_value
  error - Expected to find ']' - lib\on_site\on_site_detail\on_site_detail_widget.dart:1629:75 - expected_token
  error - Too many positional arguments: 0 expected, but 2 found - lib\on_site\on_site_detail\on_site_detail_widget.dart:1630:75 - extra_positional_arguments_could_be_named
  error - The getter '$1' isn't defined for the type 'TextTheme' - lib\on_site\on_site_detail\on_site_detail_widget.dart:1651:114 - undefined_getter
  error - The property 'fontWeight' can't be unconditionally accessed because the receiver can be 'null' - lib\on_site\on_site_detail\on_site_detail_widget.dart:1652:184 - unchecked_use_of_nullable_value
  error - The property 'fontStyle' can't be unconditionally accessed because the receiver can be 'null' - lib\on_site\on_site_detail\on_site_detail_widget.dart:1653:137 - unchecked_use_of_nullable_value
  error - The named parameter 'letterSpacing' isn't defined - lib\on_site\on_site_detail\on_site_detail_widget.dart:1655:85 - undefined_named_parameter
  error - The named parameter 'fontWeight' isn't defined - lib\on_site\on_site_detail\on_site_detail_widget.dart:1656:85 - undefined_named_parameter
  error - The property 'fontWeight' can't be unconditionally accessed because the receiver can be 'null' - lib\on_site\on_site_detail\on_site_detail_widget.dart:1656:136 - unchecked_use_of_nullable_value
  error - The named parameter 'fontStyle' isn't defined - lib\on_site\on_site_detail\on_site_detail_widget.dart:1657:85 - undefined_named_parameter
  error - The property 'fontStyle' can't be unconditionally accessed because the receiver can be 'null' - lib\on_site\on_site_detail\on_site_detail_widget.dart:1657:135 - unchecked_use_of_nullable_value
  error - Expected to find ')' - lib\on_site\on_site_detail\on_site_detail_widget.dart:1661:73 - expected_token
  error - Expected to find ']' - lib\on_site\on_site_detail\on_site_detail_widget.dart:1670:55 - expected_token
  error - Too many positional arguments: 0 expected, but 1 found - lib\on_site\on_site_detail\on_site_detail_widget.dart:1671:55 - extra_positional_arguments_could_be_named
  error - Undefined name 'FlutterFlowTheme' - lib\on_site\on_site_detail\on_site_detail_widget.dart:1720:82 - undefined_identifier
  error - The property 'fontWeight' can't be unconditionally accessed because the receiver can be 'null' - lib\on_site\on_site_detail\on_site_detail_widget.dart:1723:180 - unchecked_use_of_nullable_value
  error - The property 'fontStyle' can't be unconditionally accessed because the receiver can be 'null' - lib\on_site\on_site_detail\on_site_detail_widget.dart:1724:133 - unchecked_use_of_nullable_value
  error - The named parameter 'color' isn't defined - lib\on_site\on_site_detail\on_site_detail_widget.dart:1726:81 - undefined_named_parameter
  error - The named parameter 'letterSpacing' isn't defined - lib\on_site\on_site_detail\on_site_detail_widget.dart:1727:81 - undefined_named_parameter
  error - The named parameter 'fontWeight' isn't defined - lib\on_site\on_site_detail\on_site_detail_widget.dart:1728:81 - undefined_named_parameter
  error - The property 'fontWeight' can't be unconditionally accessed because the receiver can be 'null' - lib\on_site\on_site_detail\on_site_detail_widget.dart:1728:132 - unchecked_use_of_nullable_value
  error - The named parameter 'fontStyle' isn't defined - lib\on_site\on_site_detail\on_site_detail_widget.dart:1729:81 - undefined_named_parameter
  error - The property 'fontStyle' can't be unconditionally accessed because the receiver can be 'null' - lib\on_site\on_site_detail\on_site_detail_widget.dart:1729:131 - unchecked_use_of_nullable_value
  error - Expected to find ']' - lib\on_site\on_site_detail\on_site_detail_widget.dart:1732:71 - expected_token
  error - Too many positional arguments: 0 expected, but 2 found - lib\on_site\on_site_detail\on_site_detail_widget.dart:1733:71 - extra_positional_arguments_could_be_named
  error - A member named 'secondaryBackground' is defined in 'extension ColorSchemeExtension on ColorScheme' and 'extension AppColorScheme on ColorScheme', and neither is more specific - lib\on_site\on_site_detail\on_site_detail_widget.dart:1741:109 - ambiguous_extension_member_access
  error - Undefined name 'FlutterFlowTheme' - lib\on_site\on_site_detail\on_site_detail_widget.dart:1749:80 - undefined_identifier
  error - The property 'fontWeight' can't be unconditionally accessed because the receiver can be 'null' - lib\on_site\on_site_detail\on_site_detail_widget.dart:1752:178 - unchecked_use_of_nullable_value
  error - The property 'fontStyle' can't be unconditionally accessed because the receiver can be 'null' - lib\on_site\on_site_detail\on_site_detail_widget.dart:1753:131 - unchecked_use_of_nullable_value
  error - The named parameter 'color' isn't defined - lib\on_site\on_site_detail\on_site_detail_widget.dart:1755:79 - undefined_named_parameter
  error - The named parameter 'letterSpacing' isn't defined - lib\on_site\on_site_detail\on_site_detail_widget.dart:1756:79 - undefined_named_parameter
  error - The named parameter 'fontWeight' isn't defined - lib\on_site\on_site_detail\on_site_detail_widget.dart:1757:79 - undefined_named_parameter
  error - The property 'fontWeight' can't be unconditionally accessed because the receiver can be 'null' - lib\on_site\on_site_detail\on_site_detail_widget.dart:1757:130 - unchecked_use_of_nullable_value
  error - The named parameter 'fontStyle' isn't defined - lib\on_site\on_site_detail\on_site_detail_widget.dart:1758:79 - undefined_named_parameter
  error - The property 'fontStyle' can't be unconditionally accessed because the receiver can be 'null' - lib\on_site\on_site_detail\on_site_detail_widget.dart:1758:129 - unchecked_use_of_nullable_value
  error - Expected to find ')' - lib\on_site\on_site_detail\on_site_detail_widget.dart:1761:69 - expected_token
  error - Expected to find ')' - lib\on_site\on_site_detail\on_site_detail_widget.dart:1765:61 - expected_token
  error - Expected to find ')' - lib\on_site\on_site_detail\on_site_detail_widget.dart:1769:53 - expected_token
  error - Expected to find ';' - lib\on_site\on_site_detail\on_site_detail_widget.dart:1770:51 - expected_token
  error - Expected an identifier - lib\on_site\on_site_detail\on_site_detail_widget.dart:1770:52 - missing_identifier
  error - Expected to find ';' - lib\on_site\on_site_detail\on_site_detail_widget.dart:1770:52 - expected_token
  error - Unexpected text ';' - lib\on_site\on_site_detail\on_site_detail_widget.dart:1770:52 - unexpected_token
  error - Expected an identifier - lib\on_site\on_site_detail\on_site_detail_widget.dart:1771:49 - missing_identifier
  error - Expected to find ';' - lib\on_site\on_site_detail\on_site_detail_widget.dart:1771:49 - expected_token
  error - Unexpected text ';' - lib\on_site\on_site_detail\on_site_detail_widget.dart:1771:49 - unexpected_token
  error - Expected an identifier - lib\on_site\on_site_detail\on_site_detail_widget.dart:1771:50 - missing_identifier
  error - Expected to find ';' - lib\on_site\on_site_detail\on_site_detail_widget.dart:1771:50 - expected_token
  error - Unexpected text ';' - lib\on_site\on_site_detail\on_site_detail_widget.dart:1771:50 - unexpected_token
  error - Expected an identifier - lib\on_site\on_site_detail\on_site_detail_widget.dart:1772:47 - missing_identifier
  error - Expected to find ';' - lib\on_site\on_site_detail\on_site_detail_widget.dart:1772:47 - expected_token
  error - Unexpected text ';' - lib\on_site\on_site_detail\on_site_detail_widget.dart:1772:47 - unexpected_token
  error - Expected an identifier - lib\on_site\on_site_detail\on_site_detail_widget.dart:1772:48 - missing_identifier
  error - Expected to find ';' - lib\on_site\on_site_detail\on_site_detail_widget.dart:1772:48 - expected_token
  error - Unexpected text ';' - lib\on_site\on_site_detail\on_site_detail_widget.dart:1772:48 - unexpected_token
  error - Expected an identifier - lib\on_site\on_site_detail\on_site_detail_widget.dart:1773:45 - missing_identifier
  error - Expected to find ';' - lib\on_site\on_site_detail\on_site_detail_widget.dart:1773:45 - expected_token
  error - Unexpected text ';' - lib\on_site\on_site_detail\on_site_detail_widget.dart:1773:45 - unexpected_token
  error - Expected an identifier - lib\on_site\on_site_detail\on_site_detail_widget.dart:1773:46 - missing_identifier
  error - Expected to find ';' - lib\on_site\on_site_detail\on_site_detail_widget.dart:1773:46 - expected_token
  error - Unexpected text ';' - lib\on_site\on_site_detail\on_site_detail_widget.dart:1773:46 - unexpected_token
  error - Expected an identifier - lib\on_site\on_site_detail\on_site_detail_widget.dart:1774:43 - missing_identifier
  error - Expected to find ';' - lib\on_site\on_site_detail\on_site_detail_widget.dart:1774:43 - expected_token
  error - Unexpected text ';' - lib\on_site\on_site_detail\on_site_detail_widget.dart:1774:43 - unexpected_token
  error - Expected an identifier - lib\on_site\on_site_detail\on_site_detail_widget.dart:1774:44 - missing_identifier
  error - Expected to find ';' - lib\on_site\on_site_detail\on_site_detail_widget.dart:1774:44 - expected_token
  error - Unexpected text ';' - lib\on_site\on_site_detail\on_site_detail_widget.dart:1774:44 - unexpected_token
  error - Expected an identifier - lib\on_site\on_site_detail\on_site_detail_widget.dart:1775:41 - missing_identifier
  error - Expected to find ';' - lib\on_site\on_site_detail\on_site_detail_widget.dart:1775:41 - expected_token
  error - Unexpected text ';' - lib\on_site\on_site_detail\on_site_detail_widget.dart:1775:41 - unexpected_token
  error - Expected an identifier - lib\on_site\on_site_detail\on_site_detail_widget.dart:1775:42 - missing_identifier
  error - Expected to find ';' - lib\on_site\on_site_detail\on_site_detail_widget.dart:1775:42 - expected_token
  error - Unexpected text ';' - lib\on_site\on_site_detail\on_site_detail_widget.dart:1775:42 - unexpected_token
  error - Expected an identifier - lib\on_site\on_site_detail\on_site_detail_widget.dart:1776:39 - missing_identifier
  error - Expected to find ';' - lib\on_site\on_site_detail\on_site_detail_widget.dart:1776:39 - expected_token
  error - Unexpected text ';' - lib\on_site\on_site_detail\on_site_detail_widget.dart:1776:39 - unexpected_token
  error - Expected an identifier - lib\on_site\on_site_detail\on_site_detail_widget.dart:1776:40 - missing_identifier
  error - Expected to find ';' - lib\on_site\on_site_detail\on_site_detail_widget.dart:1776:40 - expected_token
  error - Unexpected text ';' - lib\on_site\on_site_detail\on_site_detail_widget.dart:1776:40 - unexpected_token
  error - Expected an identifier - lib\on_site\on_site_detail\on_site_detail_widget.dart:1777:37 - missing_identifier
  error - Expected to find ';' - lib\on_site\on_site_detail\on_site_detail_widget.dart:1777:37 - expected_token
  error - Unexpected text ';' - lib\on_site\on_site_detail\on_site_detail_widget.dart:1777:37 - unexpected_token
  error - Expected an identifier - lib\on_site\on_site_detail\on_site_detail_widget.dart:1777:38 - missing_identifier
  error - Expected to find ';' - lib\on_site\on_site_detail\on_site_detail_widget.dart:1777:38 - expected_token
  error - Unexpected text ';' - lib\on_site\on_site_detail\on_site_detail_widget.dart:1777:38 - unexpected_token
  error - Expected an identifier - lib\on_site\on_site_detail\on_site_detail_widget.dart:1778:35 - missing_identifier
  error - Expected to find ';' - lib\on_site\on_site_detail\on_site_detail_widget.dart:1778:35 - expected_token
  error - Unexpected text ';' - lib\on_site\on_site_detail\on_site_detail_widget.dart:1778:35 - unexpected_token
  error - Expected an identifier - lib\on_site\on_site_detail\on_site_detail_widget.dart:1778:36 - missing_identifier
  error - Expected to find ';' - lib\on_site\on_site_detail\on_site_detail_widget.dart:1778:36 - expected_token
  error - Unexpected text ';' - lib\on_site\on_site_detail\on_site_detail_widget.dart:1778:36 - unexpected_token
  error - Expected an identifier - lib\on_site\on_site_detail\on_site_detail_widget.dart:1779:33 - missing_identifier
  error - Expected to find ';' - lib\on_site\on_site_detail\on_site_detail_widget.dart:1779:33 - expected_token
  error - Unexpected text ';' - lib\on_site\on_site_detail\on_site_detail_widget.dart:1779:33 - unexpected_token
  error - Expected an identifier - lib\on_site\on_site_detail\on_site_detail_widget.dart:1779:34 - missing_identifier
  error - Expected to find ';' - lib\on_site\on_site_detail\on_site_detail_widget.dart:1779:34 - expected_token
  error - Unexpected text ';' - lib\on_site\on_site_detail\on_site_detail_widget.dart:1779:34 - unexpected_token
  error - Expected an identifier - lib\on_site\on_site_detail\on_site_detail_widget.dart:1780:31 - missing_identifier
  error - Expected to find ';' - lib\on_site\on_site_detail\on_site_detail_widget.dart:1780:31 - expected_token
  error - Unexpected text ';' - lib\on_site\on_site_detail\on_site_detail_widget.dart:1780:31 - unexpected_token
  error - Expected an identifier - lib\on_site\on_site_detail\on_site_detail_widget.dart:1780:32 - missing_identifier
  error - Unexpected text ';' - lib\on_site\on_site_detail\on_site_detail_widget.dart:1780:32 - unexpected_token
  error - Undefined name 'FlutterFlowTheme' - lib\on_site\on_site_detail\on_site_detail_widget.dart:1790:46 - undefined_identifier
  error - Undefined name 'FlutterFlowTheme' - lib\on_site\on_site_detail\on_site_detail_widget.dart:1810:60 - undefined_identifier
  error - Undefined name 'FlutterFlowTheme' - lib\on_site\on_site_detail\on_site_detail_widget.dart:1846:68 - undefined_identifier
  error - Undefined name 'FlutterFlowTheme' - lib\on_site\on_site_detail\on_site_detail_widget.dart:1858:66 - undefined_identifier
  error - Undefined name 'FlutterFlowTheme' - lib\on_site\on_site_detail\on_site_detail_widget.dart:1864:79 - undefined_identifier
  error - Undefined name 'FlutterFlowTheme' - lib\on_site\on_site_detail\on_site_detail_widget.dart:1868:78 - undefined_identifier
  error - Undefined name 'FlutterFlowTheme' - lib\on_site\on_site_detail\on_site_detail_widget.dart:1873:72 - undefined_identifier
  error - Undefined name 'FlutterFlowTheme' - lib\on_site\on_site_detail\on_site_detail_widget.dart:1878:77 - undefined_identifier
  error - Undefined name 'FlutterFlowTheme' - lib\on_site\on_site_detail\on_site_detail_widget.dart:1882:76 - undefined_identifier
  error - Undefined name 'FlutterFlowTheme' - lib\on_site\on_site_detail\on_site_detail_widget.dart:1893:68 - undefined_identifier
  error - Undefined name 'FlutterFlowTheme' - lib\on_site\on_site_detail\on_site_detail_widget.dart:1901:66 - undefined_identifier
  error - Undefined name 'FlutterFlowTheme' - lib\on_site\on_site_detail\on_site_detail_widget.dart:1969:82 - undefined_identifier
  error - The property 'fontWeight' can't be unconditionally accessed because the receiver can be 'null' - lib\on_site\on_site_detail\on_site_detail_widget.dart:1972:180 - unchecked_use_of_nullable_value
  error - The property 'fontStyle' can't be unconditionally accessed because the receiver can be 'null' - lib\on_site\on_site_detail\on_site_detail_widget.dart:1973:133 - unchecked_use_of_nullable_value
  error - The named parameter 'color' isn't defined - lib\on_site\on_site_detail\on_site_detail_widget.dart:1975:81 - undefined_named_parameter
  error - The named parameter 'letterSpacing' isn't defined - lib\on_site\on_site_detail\on_site_detail_widget.dart:1976:81 - undefined_named_parameter
  error - The named parameter 'fontWeight' isn't defined - lib\on_site\on_site_detail\on_site_detail_widget.dart:1977:81 - undefined_named_parameter
  error - The property 'fontWeight' can't be unconditionally accessed because the receiver can be 'null' - lib\on_site\on_site_detail\on_site_detail_widget.dart:1977:132 - unchecked_use_of_nullable_value
  error - The named parameter 'fontStyle' isn't defined - lib\on_site\on_site_detail\on_site_detail_widget.dart:1978:81 - undefined_named_parameter
  error - The property 'fontStyle' can't be unconditionally accessed because the receiver can be 'null' - lib\on_site\on_site_detail\on_site_detail_widget.dart:1978:131 - unchecked_use_of_nullable_value
  error - Expected to find ']' - lib\on_site\on_site_detail\on_site_detail_widget.dart:1981:71 - expected_token
  error - Too many positional arguments: 0 expected, but 2 found - lib\on_site\on_site_detail\on_site_detail_widget.dart:1982:71 - extra_positional_arguments_could_be_named
  error - Undefined name 'FlutterFlowTheme' - lib\on_site\on_site_detail\on_site_detail_widget.dart:2005:82 - undefined_identifier
  error - The property 'fontWeight' can't be unconditionally accessed because the receiver can be 'null' - lib\on_site\on_site_detail\on_site_detail_widget.dart:2008:180 - unchecked_use_of_nullable_value
  error - The property 'fontStyle' can't be unconditionally accessed because the receiver can be 'null' - lib\on_site\on_site_detail\on_site_detail_widget.dart:2009:133 - unchecked_use_of_nullable_value
  error - The named parameter 'color' isn't defined - lib\on_site\on_site_detail\on_site_detail_widget.dart:2011:81 - undefined_named_parameter
  error - The named parameter 'letterSpacing' isn't defined - lib\on_site\on_site_detail\on_site_detail_widget.dart:2012:81 - undefined_named_parameter
  error - The named parameter 'fontWeight' isn't defined - lib\on_site\on_site_detail\on_site_detail_widget.dart:2013:81 - undefined_named_parameter
  error - The property 'fontWeight' can't be unconditionally accessed because the receiver can be 'null' - lib\on_site\on_site_detail\on_site_detail_widget.dart:2013:132 - unchecked_use_of_nullable_value
  error - The named parameter 'fontStyle' isn't defined - lib\on_site\on_site_detail\on_site_detail_widget.dart:2014:81 - undefined_named_parameter
  error - The property 'fontStyle' can't be unconditionally accessed because the receiver can be 'null' - lib\on_site\on_site_detail\on_site_detail_widget.dart:2014:131 - unchecked_use_of_nullable_value
  error - Expected to find ')' - lib\on_site\on_site_detail\on_site_detail_widget.dart:2018:69 - expected_token
  error - Expected to find ']' - lib\on_site\on_site_detail\on_site_detail_widget.dart:2025:55 - expected_token
  error - Expected to find ']' - lib\on_site\on_site_detail\on_site_detail_widget.dart:2027:51 - expected_token
  error - Undefined name 'FlutterFlowTheme' - lib\on_site\on_site_detail\on_site_detail_widget.dart:2077:78 - undefined_identifier
  error - The property 'fontWeight' can't be unconditionally accessed because the receiver can be 'null' - lib\on_site\on_site_detail\on_site_detail_widget.dart:2081:176 - unchecked_use_of_nullable_value
  error - The property 'fontStyle' can't be unconditionally accessed because the receiver can be 'null' - lib\on_site\on_site_detail\on_site_detail_widget.dart:2082:129 - unchecked_use_of_nullable_value
  error - The named parameter 'color' isn't defined - lib\on_site\on_site_detail\on_site_detail_widget.dart:2084:77 - undefined_named_parameter
  error - The named parameter 'letterSpacing' isn't defined - lib\on_site\on_site_detail\on_site_detail_widget.dart:2086:77 - undefined_named_parameter
  error - The named parameter 'fontWeight' isn't defined - lib\on_site\on_site_detail\on_site_detail_widget.dart:2088:77 - undefined_named_parameter
  error - The property 'fontWeight' can't be unconditionally accessed because the receiver can be 'null' - lib\on_site\on_site_detail\on_site_detail_widget.dart:2089:120 - unchecked_use_of_nullable_value
  error - The named parameter 'fontStyle' isn't defined - lib\on_site\on_site_detail\on_site_detail_widget.dart:2090:77 - undefined_named_parameter
  error - The property 'fontStyle' can't be unconditionally accessed because the receiver can be 'null' - lib\on_site\on_site_detail\on_site_detail_widget.dart:2091:120 - unchecked_use_of_nullable_value
  error - Expected to find ']' - lib\on_site\on_site_detail\on_site_detail_widget.dart:2094:67 - expected_token
  error - Too many positional arguments: 0 expected, but 2 found - lib\on_site\on_site_detail\on_site_detail_widget.dart:2095:67 - extra_positional_arguments_could_be_named
  error - Undefined name 'FlutterFlowTheme' - lib\on_site\on_site_detail\on_site_detail_widget.dart:2101:78 - undefined_identifier
  error - Undefined name 'FlutterFlowTheme' - lib\on_site\on_site_detail\on_site_detail_widget.dart:2112:76 - undefined_identifier
  error - The property 'fontWeight' can't be unconditionally accessed because the receiver can be 'null' - lib\on_site\on_site_detail\on_site_detail_widget.dart:2117:120 - unchecked_use_of_nullable_value
  error - The property 'fontStyle' can't be unconditionally accessed because the receiver can be 'null' - lib\on_site\on_site_detail\on_site_detail_widget.dart:2119:120 - unchecked_use_of_nullable_value
  error - The named parameter 'color' isn't defined - lib\on_site\on_site_detail\on_site_detail_widget.dart:2121:75 - undefined_named_parameter
  error - The named parameter 'letterSpacing' isn't defined - lib\on_site\on_site_detail\on_site_detail_widget.dart:2123:75 - undefined_named_parameter
  error - The named parameter 'fontWeight' isn't defined - lib\on_site\on_site_detail\on_site_detail_widget.dart:2125:75 - undefined_named_parameter
  error - Undefined name 'FlutterFlowTheme' - lib\on_site\on_site_detail\on_site_detail_widget.dart:2125:87 - undefined_identifier
  error - The named parameter 'fontStyle' isn't defined - lib\on_site\on_site_detail\on_site_detail_widget.dart:2128:75 - undefined_named_parameter
  error - Undefined name 'FlutterFlowTheme' - lib\on_site\on_site_detail\on_site_detail_widget.dart:2128:86 - undefined_identifier
  error - Expected to find ')' - lib\on_site\on_site_detail\on_site_detail_widget.dart:2133:65 - expected_token
  error - Expected an identifier - lib\on_site\on_site_detail\on_site_detail_widget.dart:2137:57 - missing_identifier
  error - Expected to find ')' - lib\on_site\on_site_detail\on_site_detail_widget.dart:2137:57 - expected_token
  error - Expected to find ';' - lib\on_site\on_site_detail\on_site_detail_widget.dart:2140:51 - expected_token
  error - Expected an identifier - lib\on_site\on_site_detail\on_site_detail_widget.dart:2140:52 - missing_identifier
  error - Unexpected text ';' - lib\on_site\on_site_detail\on_site_detail_widget.dart:2140:52 - unexpected_token
  error - Undefined name 'FlutterFlowTheme' - lib\on_site\on_site_detail\on_site_detail_widget.dart:2176:61 - undefined_identifier
  error - Undefined name 'FlutterFlowTheme' - lib\on_site\on_site_detail\on_site_detail_widget.dart:2182:81 - undefined_identifier
  error - Undefined name 'FlutterFlowTheme' - lib\on_site\on_site_detail\on_site_detail_widget.dart:2186:80 - undefined_identifier
  error - Undefined name 'FlutterFlowTheme' - lib\on_site\on_site_detail\on_site_detail_widget.dart:2197:79 - undefined_identifier
  error - Undefined name 'FlutterFlowTheme' - lib\on_site\on_site_detail\on_site_detail_widget.dart:2201:78 - undefined_identifier
  error - Expected to find ';' - lib\on_site\on_site_detail\on_site_detail_widget.dart:2217:51 - expected_token
  error - Expected an identifier - lib\on_site\on_site_detail\on_site_detail_widget.dart:2217:52 - missing_identifier
  error - Expected to find ';' - lib\on_site\on_site_detail\on_site_detail_widget.dart:2217:52 - expected_token
  error - Unexpected text ';' - lib\on_site\on_site_detail\on_site_detail_widget.dart:2217:52 - unexpected_token
  error - Expected an identifier - lib\on_site\on_site_detail\on_site_detail_widget.dart:2218:49 - missing_identifier
  error - Expected to find ';' - lib\on_site\on_site_detail\on_site_detail_widget.dart:2218:49 - expected_token
  error - Unexpected text ';' - lib\on_site\on_site_detail\on_site_detail_widget.dart:2218:49 - unexpected_token
  error - Expected an identifier - lib\on_site\on_site_detail\on_site_detail_widget.dart:2218:50 - missing_identifier
  error - Expected to find ';' - lib\on_site\on_site_detail\on_site_detail_widget.dart:2218:50 - expected_token
  error - Unexpected text ';' - lib\on_site\on_site_detail\on_site_detail_widget.dart:2218:50 - unexpected_token
  error - Expected an identifier - lib\on_site\on_site_detail\on_site_detail_widget.dart:2219:47 - missing_identifier
  error - Expected to find ';' - lib\on_site\on_site_detail\on_site_detail_widget.dart:2219:47 - expected_token
  error - Unexpected text ';' - lib\on_site\on_site_detail\on_site_detail_widget.dart:2219:47 - unexpected_token
  error - Expected an identifier - lib\on_site\on_site_detail\on_site_detail_widget.dart:2219:48 - missing_identifier
  error - Expected to find ';' - lib\on_site\on_site_detail\on_site_detail_widget.dart:2219:48 - expected_token
  error - Unexpected text ';' - lib\on_site\on_site_detail\on_site_detail_widget.dart:2219:48 - unexpected_token
  error - Expected an identifier - lib\on_site\on_site_detail\on_site_detail_widget.dart:2220:45 - missing_identifier
  error - Expected to find ';' - lib\on_site\on_site_detail\on_site_detail_widget.dart:2220:45 - expected_token
  error - Unexpected text ';' - lib\on_site\on_site_detail\on_site_detail_widget.dart:2220:45 - unexpected_token
  error - Expected an identifier - lib\on_site\on_site_detail\on_site_detail_widget.dart:2220:46 - missing_identifier
  error - Expected to find ';' - lib\on_site\on_site_detail\on_site_detail_widget.dart:2220:46 - expected_token
  error - Unexpected text ';' - lib\on_site\on_site_detail\on_site_detail_widget.dart:2220:46 - unexpected_token
  error - Expected an identifier - lib\on_site\on_site_detail\on_site_detail_widget.dart:2221:43 - missing_identifier
  error - Expected to find ';' - lib\on_site\on_site_detail\on_site_detail_widget.dart:2221:43 - expected_token
  error - Unexpected text ';' - lib\on_site\on_site_detail\on_site_detail_widget.dart:2221:43 - unexpected_token
  error - Expected an identifier - lib\on_site\on_site_detail\on_site_detail_widget.dart:2221:44 - missing_identifier
  error - Expected to find ';' - lib\on_site\on_site_detail\on_site_detail_widget.dart:2221:44 - expected_token
  error - Unexpected text ';' - lib\on_site\on_site_detail\on_site_detail_widget.dart:2221:44 - unexpected_token
  error - Expected an identifier - lib\on_site\on_site_detail\on_site_detail_widget.dart:2222:41 - missing_identifier
  error - Expected to find ';' - lib\on_site\on_site_detail\on_site_detail_widget.dart:2222:41 - expected_token
  error - Unexpected text ';' - lib\on_site\on_site_detail\on_site_detail_widget.dart:2222:41 - unexpected_token
  error - Expected an identifier - lib\on_site\on_site_detail\on_site_detail_widget.dart:2222:42 - missing_identifier
  error - Expected to find ';' - lib\on_site\on_site_detail\on_site_detail_widget.dart:2222:42 - expected_token
  error - Unexpected text ';' - lib\on_site\on_site_detail\on_site_detail_widget.dart:2222:42 - unexpected_token
  error - Expected an identifier - lib\on_site\on_site_detail\on_site_detail_widget.dart:2223:39 - missing_identifier
  error - Expected to find ';' - lib\on_site\on_site_detail\on_site_detail_widget.dart:2223:39 - expected_token
  error - Unexpected text ';' - lib\on_site\on_site_detail\on_site_detail_widget.dart:2223:39 - unexpected_token
  error - Expected an identifier - lib\on_site\on_site_detail\on_site_detail_widget.dart:2223:40 - missing_identifier
  error - Expected to find ';' - lib\on_site\on_site_detail\on_site_detail_widget.dart:2223:40 - expected_token
  error - Unexpected text ';' - lib\on_site\on_site_detail\on_site_detail_widget.dart:2223:40 - unexpected_token
  error - Expected an identifier - lib\on_site\on_site_detail\on_site_detail_widget.dart:2224:37 - missing_identifier
  error - Expected to find ';' - lib\on_site\on_site_detail\on_site_detail_widget.dart:2224:37 - expected_token
  error - Unexpected text ';' - lib\on_site\on_site_detail\on_site_detail_widget.dart:2224:37 - unexpected_token
  error - Expected an identifier - lib\on_site\on_site_detail\on_site_detail_widget.dart:2224:38 - missing_identifier
  error - Expected to find ';' - lib\on_site\on_site_detail\on_site_detail_widget.dart:2224:38 - expected_token
  error - Unexpected text ';' - lib\on_site\on_site_detail\on_site_detail_widget.dart:2224:38 - unexpected_token
  error - Expected an identifier - lib\on_site\on_site_detail\on_site_detail_widget.dart:2225:35 - missing_identifier
  error - Expected to find ';' - lib\on_site\on_site_detail\on_site_detail_widget.dart:2225:35 - expected_token
  error - Unexpected text ';' - lib\on_site\on_site_detail\on_site_detail_widget.dart:2225:35 - unexpected_token
  error - Expected an identifier - lib\on_site\on_site_detail\on_site_detail_widget.dart:2225:36 - missing_identifier
  error - Expected to find ';' - lib\on_site\on_site_detail\on_site_detail_widget.dart:2225:36 - expected_token
  error - Unexpected text ';' - lib\on_site\on_site_detail\on_site_detail_widget.dart:2225:36 - unexpected_token
  error - Expected an identifier - lib\on_site\on_site_detail\on_site_detail_widget.dart:2226:33 - missing_identifier
  error - Expected to find ';' - lib\on_site\on_site_detail\on_site_detail_widget.dart:2226:33 - expected_token
  error - Unexpected text ';' - lib\on_site\on_site_detail\on_site_detail_widget.dart:2226:33 - unexpected_token
  error - Expected an identifier - lib\on_site\on_site_detail\on_site_detail_widget.dart:2226:34 - missing_identifier
  error - Expected to find ';' - lib\on_site\on_site_detail\on_site_detail_widget.dart:2226:34 - expected_token
  error - Unexpected text ';' - lib\on_site\on_site_detail\on_site_detail_widget.dart:2226:34 - unexpected_token
  error - Expected an identifier - lib\on_site\on_site_detail\on_site_detail_widget.dart:2227:31 - missing_identifier
  error - Expected to find ';' - lib\on_site\on_site_detail\on_site_detail_widget.dart:2227:31 - expected_token
  error - Unexpected text ';' - lib\on_site\on_site_detail\on_site_detail_widget.dart:2227:31 - unexpected_token
  error - Expected an identifier - lib\on_site\on_site_detail\on_site_detail_widget.dart:2227:32 - missing_identifier
  error - Expected to find ';' - lib\on_site\on_site_detail\on_site_detail_widget.dart:2227:32 - expected_token
  error - Unexpected text ';' - lib\on_site\on_site_detail\on_site_detail_widget.dart:2227:32 - unexpected_token
  error - Expected an identifier - lib\on_site\on_site_detail\on_site_detail_widget.dart:2228:29 - missing_identifier
  error - Expected to find ';' - lib\on_site\on_site_detail\on_site_detail_widget.dart:2228:29 - expected_token
  error - Unexpected text ';' - lib\on_site\on_site_detail\on_site_detail_widget.dart:2228:29 - unexpected_token
  error - Expected an identifier - lib\on_site\on_site_detail\on_site_detail_widget.dart:2228:30 - missing_identifier
  error - Expected to find ';' - lib\on_site\on_site_detail\on_site_detail_widget.dart:2228:30 - expected_token
  error - Unexpected text ';' - lib\on_site\on_site_detail\on_site_detail_widget.dart:2228:30 - unexpected_token
  error - Expected an identifier - lib\on_site\on_site_detail\on_site_detail_widget.dart:2229:27 - missing_identifier
  error - Expected to find ';' - lib\on_site\on_site_detail\on_site_detail_widget.dart:2229:27 - expected_token
  error - Unexpected text ';' - lib\on_site\on_site_detail\on_site_detail_widget.dart:2229:27 - unexpected_token
  error - Expected an identifier - lib\on_site\on_site_detail\on_site_detail_widget.dart:2229:28 - missing_identifier
  error - Expected to find ';' - lib\on_site\on_site_detail\on_site_detail_widget.dart:2229:28 - expected_token
  error - Unexpected text ';' - lib\on_site\on_site_detail\on_site_detail_widget.dart:2229:28 - unexpected_token
  error - Expected an identifier - lib\on_site\on_site_detail\on_site_detail_widget.dart:2230:25 - missing_identifier
  error - Expected to find ';' - lib\on_site\on_site_detail\on_site_detail_widget.dart:2230:25 - expected_token
  error - Unexpected text ';' - lib\on_site\on_site_detail\on_site_detail_widget.dart:2230:25 - unexpected_token
  error - Expected an identifier - lib\on_site\on_site_detail\on_site_detail_widget.dart:2230:26 - missing_identifier
  error - Expected to find ';' - lib\on_site\on_site_detail\on_site_detail_widget.dart:2230:26 - expected_token
  error - Unexpected text ';' - lib\on_site\on_site_detail\on_site_detail_widget.dart:2230:26 - unexpected_token
  error - Expected an identifier - lib\on_site\on_site_detail\on_site_detail_widget.dart:2231:23 - missing_identifier
  error - Expected to find ';' - lib\on_site\on_site_detail\on_site_detail_widget.dart:2231:23 - expected_token
  error - Unexpected text ';' - lib\on_site\on_site_detail\on_site_detail_widget.dart:2231:23 - unexpected_token
  error - Expected an identifier - lib\on_site\on_site_detail\on_site_detail_widget.dart:2231:24 - missing_identifier
  error - Expected to find ';' - lib\on_site\on_site_detail\on_site_detail_widget.dart:2231:24 - expected_token
  error - Unexpected text ';' - lib\on_site\on_site_detail\on_site_detail_widget.dart:2231:24 - unexpected_token
  error - Expected an identifier - lib\on_site\on_site_detail\on_site_detail_widget.dart:2232:21 - missing_identifier
  error - Expected to find ';' - lib\on_site\on_site_detail\on_site_detail_widget.dart:2232:21 - expected_token
  error - Unexpected text ';' - lib\on_site\on_site_detail\on_site_detail_widget.dart:2232:21 - unexpected_token
  error - Expected an identifier - lib\on_site\on_site_detail\on_site_detail_widget.dart:2232:22 - missing_identifier
  error - Expected to find ';' - lib\on_site\on_site_detail\on_site_detail_widget.dart:2232:22 - expected_token
  error - Unexpected text ';' - lib\on_site\on_site_detail\on_site_detail_widget.dart:2232:22 - unexpected_token
  error - Expected an identifier - lib\on_site\on_site_detail\on_site_detail_widget.dart:2233:19 - missing_identifier
  error - Expected to find ';' - lib\on_site\on_site_detail\on_site_detail_widget.dart:2233:19 - expected_token
  error - Unexpected text ';' - lib\on_site\on_site_detail\on_site_detail_widget.dart:2233:19 - unexpected_token
  error - Expected an identifier - lib\on_site\on_site_detail\on_site_detail_widget.dart:2233:20 - missing_identifier
  error - Expected to find ';' - lib\on_site\on_site_detail\on_site_detail_widget.dart:2233:20 - expected_token
  error - Unexpected text ';' - lib\on_site\on_site_detail\on_site_detail_widget.dart:2233:20 - unexpected_token
  error - Expected an identifier - lib\on_site\on_site_detail\on_site_detail_widget.dart:2234:17 - missing_identifier
  error - Expected to find ';' - lib\on_site\on_site_detail\on_site_detail_widget.dart:2234:17 - expected_token
  error - Unexpected text ';' - lib\on_site\on_site_detail\on_site_detail_widget.dart:2234:17 - unexpected_token
  error - Expected an identifier - lib\on_site\on_site_detail\on_site_detail_widget.dart:2234:18 - missing_identifier
  error - Expected to find ';' - lib\on_site\on_site_detail\on_site_detail_widget.dart:2234:18 - expected_token
  error - Unexpected text ';' - lib\on_site\on_site_detail\on_site_detail_widget.dart:2234:18 - unexpected_token
  error - Expected an identifier - lib\on_site\on_site_detail\on_site_detail_widget.dart:2235:15 - missing_identifier
  error - Expected to find ';' - lib\on_site\on_site_detail\on_site_detail_widget.dart:2235:15 - expected_token
  error - Unexpected text ';' - lib\on_site\on_site_detail\on_site_detail_widget.dart:2235:15 - unexpected_token
  error - Expected an identifier - lib\on_site\on_site_detail\on_site_detail_widget.dart:2235:16 - missing_identifier
  error - Expected to find ';' - lib\on_site\on_site_detail\on_site_detail_widget.dart:2235:16 - expected_token
  error - Unexpected text ';' - lib\on_site\on_site_detail\on_site_detail_widget.dart:2235:16 - unexpected_token
  error - Expected an identifier - lib\on_site\on_site_detail\on_site_detail_widget.dart:2236:13 - missing_identifier
  error - Expected to find ';' - lib\on_site\on_site_detail\on_site_detail_widget.dart:2236:13 - expected_token
  error - Unexpected text ';' - lib\on_site\on_site_detail\on_site_detail_widget.dart:2236:13 - unexpected_token
  error - Expected an identifier - lib\on_site\on_site_detail\on_site_detail_widget.dart:2236:14 - missing_identifier
  error - Expected to find ';' - lib\on_site\on_site_detail\on_site_detail_widget.dart:2236:14 - expected_token
  error - Unexpected text ';' - lib\on_site\on_site_detail\on_site_detail_widget.dart:2236:14 - unexpected_token
  error - Expected an identifier - lib\on_site\on_site_detail\on_site_detail_widget.dart:2237:11 - missing_identifier
  error - Expected to find ';' - lib\on_site\on_site_detail\on_site_detail_widget.dart:2237:11 - expected_token
  error - Unexpected text ';' - lib\on_site\on_site_detail\on_site_detail_widget.dart:2237:11 - unexpected_token
  error - Expected an identifier - lib\on_site\on_site_detail\on_site_detail_widget.dart:2237:12 - missing_identifier
  error - Expected to find ';' - lib\on_site\on_site_detail\on_site_detail_widget.dart:2237:12 - expected_token
  error - Unexpected text ';' - lib\on_site\on_site_detail\on_site_detail_widget.dart:2237:12 - unexpected_token
  error - Expected an identifier - lib\on_site\on_site_detail\on_site_detail_widget.dart:2238:9 - missing_identifier
  error - Expected to find ';' - lib\on_site\on_site_detail\on_site_detail_widget.dart:2238:9 - expected_token
  error - Unexpected text ';' - lib\on_site\on_site_detail\on_site_detail_widget.dart:2238:9 - unexpected_token
  error - Expected an identifier - lib\on_site\on_site_detail\on_site_detail_widget.dart:2238:10 - missing_identifier
  error - Expected to find ';' - lib\on_site\on_site_detail\on_site_detail_widget.dart:2238:10 - expected_token
  error - Unexpected text ';' - lib\on_site\on_site_detail\on_site_detail_widget.dart:2238:10 - unexpected_token
  error - Expected an identifier - lib\on_site\on_site_detail\on_site_detail_widget.dart:2239:7 - missing_identifier
  error - Expected to find ';' - lib\on_site\on_site_detail\on_site_detail_widget.dart:2239:7 - expected_token
  error - Unexpected text ';' - lib\on_site\on_site_detail\on_site_detail_widget.dart:2239:7 - unexpected_token
  error - Expected an identifier - lib\on_site\on_site_detail\on_site_detail_widget.dart:2239:8 - missing_identifier
  error - Expected to find ';' - lib\on_site\on_site_detail\on_site_detail_widget.dart:2239:8 - expected_token
  error - Unexpected text ';' - lib\on_site\on_site_detail\on_site_detail_widget.dart:2239:8 - unexpected_token
  error - Expected an identifier - lib\on_site\on_site_detail\on_site_detail_widget.dart:2240:5 - missing_identifier
  error - Unexpected text ';' - lib\on_site\on_site_detail\on_site_detail_widget.dart:2240:5 - unexpected_token
  error - URIs can't use string interpolation - lib\overtime\edit_overtime_request\edit_overtime_request_model.dart:4:6 - uri_with_interpolation
  error - Undefined name 'filename' - lib\overtime\edit_overtime_request\edit_overtime_request_model.dart:4:9 - undefined_identifier
  error - URIs can't use string interpolation - lib\overtime\edit_overtime_request\edit_overtime_request_model.dart:5:6 - uri_with_interpolation
  error - Undefined name 'filename' - lib\overtime\edit_overtime_request\edit_overtime_request_model.dart:5:9 - undefined_identifier
  error - Classes can only mix in mixins and classes - lib\overtime\edit_overtime_request\edit_overtime_request_model.dart:8:37 - mixin_of_non_class
  error - The name '_EditOvertimeRequestState' isn't a type and can't be used in a redirected constructor - lib\overtime\edit_overtime_request\edit_overtime_request_model.dart:14:8 - redirect_to_non_class
  error - The method '_$EditOvertimeRequestStateFromJson' isn't defined for the type 'EditOvertimeRequestState' - lib\overtime\edit_overtime_request\edit_overtime_request_model.dart:17:7 - undefined_method
  error - Target of URI doesn't exist: 'package:hr_optimistic/core/theme/app_theme_extension.dart' - lib\overtime\edit_overtime_request\edit_overtime_request_widget.dart:1:8 - uri_does_not_exist
  error - Target of URI doesn't exist: '../core/widgets/app_widgets.dart' - lib\overtime\edit_overtime_request\edit_overtime_request_widget.dart:2:8 - uri_does_not_exist
  error - Target of URI doesn't exist: '../core/widgets/app_icon_button.dart' - lib\overtime\edit_overtime_request\edit_overtime_request_widget.dart:4:8 - uri_does_not_exist
  error - Unexpected text ';' - lib\overtime\edit_overtime_request\edit_overtime_request_widget.dart:4:47 - unexpected_token
  error - Unexpected text ';' - lib\overtime\edit_overtime_request\edit_overtime_request_widget.dart:5:40 - unexpected_token
  error - Target of URI doesn't exist: '../core/utils/app_utils.dart' - lib\overtime\edit_overtime_request\edit_overtime_request_widget.dart:6:8 - uri_does_not_exist
  error - Unexpected text ';' - lib\overtime\edit_overtime_request\edit_overtime_request_widget.dart:6:39 - unexpected_token
  error - Target of URI doesn't exist: '../core/widgets/app_button.dart' - lib\overtime\edit_overtime_request\edit_overtime_request_widget.dart:7:8 - uri_does_not_exist
  error - Unexpected text ';' - lib\overtime\edit_overtime_request\edit_overtime_request_widget.dart:7:42 - unexpected_token
  error - Target of URI doesn't exist: 'package:webviewx_plus/webviewx_plus.dart' - lib\overtime\edit_overtime_request\edit_overtime_request_widget.dart:17:8 - uri_does_not_exist
  error - The class '_EditOvertimeRequestWidgetState' doesn't have an unnamed constructor - lib\overtime\edit_overtime_request\edit_overtime_request_widget.dart:34:7 - new_with_undefined_constructor_default
  error - '_EditOvertimeRequestWidgetState.' ('dynamic Function(InvalidType)') isn't a valid concrete implementation of '_EditOvertimeRequestWidgetState.' ('dynamic Function(dynamic, InvalidType, {dynamic locale})') - lib\overtime\edit_overtime_request\edit_overtime_request_widget.dart:37:7 - invalid_implementation_override
  error - Undefined class 'EditOvertimeRequestModel' - lib\overtime\edit_overtime_request\edit_overtime_request_widget.dart:38:8 - undefined_class
  error - The method 'createModel' isn't defined for the type '_EditOvertimeRequestWidgetState' - lib\overtime\edit_overtime_request\edit_overtime_request_widget.dart:45:14 - undefined_method
  error - The method 'EditOvertimeRequestModel' isn't defined for the type '_EditOvertimeRequestWidgetState' - lib\overtime\edit_overtime_request\edit_overtime_request_widget.dart:45:41 - undefined_method
  error - The function 'changeLeaveRequestedDateFormat' isn't defined - lib\overtime\edit_overtime_request\edit_overtime_request_widget.dart:49:36 - undefined_function
  error - The function 'changeLeaveRequestedDateFormat' isn't defined - lib\overtime\edit_overtime_request\edit_overtime_request_widget.dart:53:34 - undefined_function
  error - Too many positional arguments: 2 expected, but 3 found - lib\overtime\edit_overtime_request\edit_overtime_request_widget.dart:72:9 - extra_positional_arguments
  error - The name 'AppState' isn't a type, so it can't be used as a type argument - lib\overtime\edit_overtime_request\edit_overtime_request_widget.dart:100:19 - non_type_as_type_argument
  error - The getter 'secondaryBackground' isn't defined for the type 'ColorScheme' - lib\overtime\edit_overtime_request\edit_overtime_request_widget.dart:106:56 - undefined_getter
  error - The method 'AppIconButton' isn't defined for the type '_EditOvertimeRequestWidgetState' - lib\overtime\edit_overtime_request\edit_overtime_request_widget.dart:108:18 - undefined_method
  error - Undefined name 'FFLocalizations' - lib\overtime\edit_overtime_request\edit_overtime_request_widget.dart:123:11 - undefined_identifier
  error - The getter '$1' isn't defined for the type 'TextTheme' - lib\overtime\edit_overtime_request\edit_overtime_request_widget.dart:126:46 - undefined_getter
  error - The getter 'headlineMedium' isn't defined for the type 'BuildContext' - lib\overtime\edit_overtime_request\edit_overtime_request_widget.dart:128:31 - undefined_getter
  error - The getter 'headlineMedium' isn't defined for the type 'BuildContext' - lib\overtime\edit_overtime_request\edit_overtime_request_widget.dart:130:31 - undefined_getter
  error - The named parameter 'color' isn't defined - lib\overtime\edit_overtime_request\edit_overtime_request_widget.dart:132:17 - undefined_named_parameter
  error - The named parameter 'fontSize' isn't defined - lib\overtime\edit_overtime_request\edit_overtime_request_widget.dart:133:17 - undefined_named_parameter
  error - The named parameter 'letterSpacing' isn't defined - lib\overtime\edit_overtime_request\edit_overtime_request_widget.dart:134:17 - undefined_named_parameter
  error - The named parameter 'fontWeight' isn't defined - lib\overtime\edit_overtime_request\edit_overtime_request_widget.dart:135:17 - undefined_named_parameter
  error - The getter 'headlineMedium' isn't defined for the type 'BuildContext' - lib\overtime\edit_overtime_request\edit_overtime_request_widget.dart:136:29 - undefined_getter
  error - The named parameter 'fontStyle' isn't defined - lib\overtime\edit_overtime_request\edit_overtime_request_widget.dart:137:17 - undefined_named_parameter
  error - The getter 'headlineMedium' isn't defined for the type 'BuildContext' - lib\overtime\edit_overtime_request\edit_overtime_request_widget.dart:138:29 - undefined_getter
  error - The named parameter 'actions' isn't defined - lib\overtime\edit_overtime_request\edit_overtime_request_widget.dart:141:9 - undefined_named_parameter
  error - The named parameter 'centerTitle' isn't defined - lib\overtime\edit_overtime_request\edit_overtime_request_widget.dart:142:9 - undefined_named_parameter
  error - The named parameter 'elevation' isn't defined - lib\overtime\edit_overtime_request\edit_overtime_request_widget.dart:143:9 - undefined_named_parameter
  error - Expected to find ';' - lib\overtime\edit_overtime_request\edit_overtime_request_widget.dart:144:7 - expected_token
warning - Dead code - lib\overtime\edit_overtime_request\edit_overtime_request_widget.dart:144:8 - dead_code
  error - Expected an identifier - lib\overtime\edit_overtime_request\edit_overtime_request_widget.dart:144:8 - missing_identifier
  error - Unexpected text ';' - lib\overtime\edit_overtime_request\edit_overtime_request_widget.dart:144:8 - unexpected_token
warning - The label 'body' isn't used - lib\overtime\edit_overtime_request\edit_overtime_request_widget.dart:145:7 - unused_label
  error - 1 positional argument expected by 'Padding', but 0 found - lib\overtime\edit_overtime_request\edit_overtime_request_widget.dart:150:15 - not_enough_positional_arguments
  error - The getter 'secondaryBackground' isn't defined for the type 'ColorScheme' - lib\overtime\edit_overtime_request\edit_overtime_request_widget.dart:155:56 - undefined_getter
  error - 1 positional argument expected by 'Padding', but 0 found - lib\overtime\edit_overtime_request\edit_overtime_request_widget.dart:176:33 - not_enough_positional_arguments
  error - Undefined name 'FFLocalizations' - lib\overtime\edit_overtime_request\edit_overtime_request_widget.dart:179:35 - undefined_identifier
  error - The named parameter 'color' isn't defined - lib\overtime\edit_overtime_request\edit_overtime_request_widget.dart:191:41 - undefined_named_parameter
  error - The named parameter 'letterSpacing' isn't defined - lib\overtime\edit_overtime_request\edit_overtime_request_widget.dart:192:41 - undefined_named_parameter
  error - The named parameter 'fontWeight' isn't defined - lib\overtime\edit_overtime_request\edit_overtime_request_widget.dart:193:41 - undefined_named_parameter
  error - The named parameter 'fontStyle' isn't defined - lib\overtime\edit_overtime_request\edit_overtime_request_widget.dart:195:41 - undefined_named_parameter
  error - Expected to find ']' - lib\overtime\edit_overtime_request\edit_overtime_request_widget.dart:200:29 - expected_token
  error - 1 positional argument expected by 'Padding', but 0 found - lib\overtime\edit_overtime_request\edit_overtime_request_widget.dart:202:31 - not_enough_positional_arguments
warning - The value of the local variable '_datePicked1Date' isn't used - lib\overtime\edit_overtime_request\edit_overtime_request_widget.dart:219:43 - unused_local_variable
  error - Undefined name 'getCurrentTimestamp' - lib\overtime\edit_overtime_request\edit_overtime_request_widget.dart:222:52 - undefined_identifier
  error - Undefined name 'getCurrentTimestamp' - lib\overtime\edit_overtime_request\edit_overtime_request_widget.dart:223:50 - undefined_identifier
  error - The method 'wrapInMaterialDatePickerTheme' isn't defined for the type '_EditOvertimeRequestWidgetState' - lib\overtime\edit_overtime_request\edit_overtime_request_widget.dart:226:48 - undefined_method
  error - Expected to find ';' - lib\overtime\edit_overtime_request\edit_overtime_request_widget.dart:246:47 - expected_token
  error - Expected an identifier - lib\overtime\edit_overtime_request\edit_overtime_request_widget.dart:246:48 - missing_identifier
  error - Unexpected text ';' - lib\overtime\edit_overtime_request\edit_overtime_request_widget.dart:246:48 - unexpected_token
warning - The label 'pickerBackgroundColor' isn't used - lib\overtime\edit_overtime_request\edit_overtime_request_widget.dart:247:43 - unused_label
  error - Expected to find ';' - lib\overtime\edit_overtime_request\edit_overtime_request_widget.dart:248:77 - expected_token
  error - Expected an identifier - lib\overtime\edit_overtime_request\edit_overtime_request_widget.dart:248:84 - missing_identifier
  error - Unexpected text ';' - lib\overtime\edit_overtime_request\edit_overtime_request_widget.dart:248:84 - unexpected_token
warning - The label 'pickerForegroundColor' isn't used - lib\overtime\edit_overtime_request\edit_overtime_request_widget.dart:249:43 - unused_label
  error - Expected to find ';' - lib\overtime\edit_overtime_request\edit_overtime_request_widget.dart:250:86 - expected_token
  error - Expected an identifier - lib\overtime\edit_overtime_request\edit_overtime_request_widget.dart:250:91 - missing_identifier
  error - Unexpected text ';' - lib\overtime\edit_overtime_request\edit_overtime_request_widget.dart:250:91 - unexpected_token
warning - The label 'selectedDateTimeBackgroundColor' isn't used - lib\overtime\edit_overtime_request\edit_overtime_request_widget.dart:251:43 - unused_label
  error - Expected to find ';' - lib\overtime\edit_overtime_request\edit_overtime_request_widget.dart:252:63 - expected_token
  error - Expected an identifier - lib\overtime\edit_overtime_request\edit_overtime_request_widget.dart:252:64 - missing_identifier
  error - Unexpected text ';' - lib\overtime\edit_overtime_request\edit_overtime_request_widget.dart:252:64 - unexpected_token
warning - The label 'selectedDateTimeForegroundColor' isn't used - lib\overtime\edit_overtime_request\edit_overtime_request_widget.dart:253:43 - unused_label
  error - Expected to find ';' - lib\overtime\edit_overtime_request\edit_overtime_request_widget.dart:254:77 - expected_token
  error - Expected an identifier - lib\overtime\edit_overtime_request\edit_overtime_request_widget.dart:254:84 - missing_identifier
  error - Unexpected text ';' - lib\overtime\edit_overtime_request\edit_overtime_request_widget.dart:254:84 - unexpected_token
warning - The label 'actionButtonForegroundColor' isn't used - lib\overtime\edit_overtime_request\edit_overtime_request_widget.dart:255:43 - unused_label
  error - Expected to find ';' - lib\overtime\edit_overtime_request\edit_overtime_request_widget.dart:256:63 - expected_token
  error - Expected an identifier - lib\overtime\edit_overtime_request\edit_overtime_request_widget.dart:256:64 - missing_identifier
  error - Unexpected text ';' - lib\overtime\edit_overtime_request\edit_overtime_request_widget.dart:256:64 - unexpected_token
warning - The label 'iconSize' isn't used - lib\overtime\edit_overtime_request\edit_overtime_request_widget.dart:257:43 - unused_label
  error - Expected to find ';' - lib\overtime\edit_overtime_request\edit_overtime_request_widget.dart:257:53 - expected_token
  error - Expected an identifier - lib\overtime\edit_overtime_request\edit_overtime_request_widget.dart:257:57 - missing_identifier
  error - Unexpected text ';' - lib\overtime\edit_overtime_request\edit_overtime_request_widget.dart:257:57 - unexpected_token
  error - Expected to find '}' - lib\overtime\edit_overtime_request\edit_overtime_request_widget.dart:258:41 - expected_token
  error - Expected to find ')' - lib\overtime\edit_overtime_request\edit_overtime_request_widget.dart:260:38 - expected_token
  error - Expected to find ']' - lib\overtime\edit_overtime_request\edit_overtime_request_widget.dart:260:38 - expected_token
  error - Undefined name '_datePicked1Date' - lib\overtime\edit_overtime_request\edit_overtime_request_widget.dart:262:41 - undefined_identifier
  error - Undefined name '_datePicked1Date' - lib\overtime\edit_overtime_request\edit_overtime_request_widget.dart:265:43 - undefined_identifier
  error - Undefined name '_datePicked1Date' - lib\overtime\edit_overtime_request\edit_overtime_request_widget.dart:266:43 - undefined_identifier
  error - Undefined name '_datePicked1Date' - lib\overtime\edit_overtime_request\edit_overtime_request_widget.dart:267:43 - undefined_identifier
  error - Undefined name 'getCurrentTimestamp' - lib\overtime\edit_overtime_request\edit_overtime_request_widget.dart:273:45 - undefined_identifier
  error - The method 'dateTimeFormat' isn't defined for the type '_EditOvertimeRequestWidgetState' - lib\overtime\edit_overtime_request\edit_overtime_request_widget.dart:276:56 - undefined_method
  error - Undefined name 'FFLocalizations' - lib\overtime\edit_overtime_request\edit_overtime_request_widget.dart:279:47 - undefined_identifier
  error - The method 'dateTimeFormat' isn't defined for the type '_EditOvertimeRequestWidgetState' - lib\overtime\edit_overtime_request\edit_overtime_request_widget.dart:282:54 - undefined_method
  error - Undefined name 'FFLocalizations' - lib\overtime\edit_overtime_request\edit_overtime_request_widget.dart:285:47 - undefined_identifier
  error - Expected a class member - lib\overtime\edit_overtime_request\edit_overtime_request_widget.dart:289:36 - expected_class_member
  error - Expected to find ';' - lib\overtime\edit_overtime_request\edit_overtime_request_widget.dart:290:35 - expected_token
  error - Variables must be declared using the keywords 'const', 'final', 'var' or a type name - lib\overtime\edit_overtime_request\edit_overtime_request_widget.dart:290:35 - missing_const_final_var_or_type
  error - Expected a class member - lib\overtime\edit_overtime_request\edit_overtime_request_widget.dart:290:40 - expected_class_member
  error - Named parameters must be enclosed in curly braces ('{' and '}') - lib\overtime\edit_overtime_request\edit_overtime_request_widget.dart:291:49 - named_parameter_outside_group
  error - Using a colon as the separator before a default value is no longer supported - lib\overtime\edit_overtime_request\edit_overtime_request_widget.dart:291:49 - obsolete_colon_for_default_value
  error - Named parameters must be enclosed in curly braces ('{' and '}') - lib\overtime\edit_overtime_request\edit_overtime_request_widget.dart:292:54 - named_parameter_outside_group
  error - Using a colon as the separator before a default value is no longer supported - lib\overtime\edit_overtime_request\edit_overtime_request_widget.dart:292:54 - obsolete_colon_for_default_value
  error - Named parameters must be enclosed in curly braces ('{' and '}') - lib\overtime\edit_overtime_request\edit_overtime_request_widget.dart:294:45 - named_parameter_outside_group
  error - Using a colon as the separator before a default value is no longer supported - lib\overtime\edit_overtime_request\edit_overtime_request_widget.dart:294:45 - obsolete_colon_for_default_value
  error - The default value of an optional parameter must be constant - lib\overtime\edit_overtime_request\edit_overtime_request_widget.dart:294:47 - non_constant_default_value
  error - 1 positional argument expected by 'Padding', but 0 found - lib\overtime\edit_overtime_request\edit_overtime_request_widget.dart:296:41 - not_enough_positional_arguments
  error - The method 'valueOrDefault' isn't defined for the type '_EditOvertimeRequestWidgetState' - lib\overtime\edit_overtime_request\edit_overtime_request_widget.dart:299:43 - undefined_method
  error - The method 'dateTimeFormat' isn't defined for the type '_EditOvertimeRequestWidgetState' - lib\overtime\edit_overtime_request\edit_overtime_request_widget.dart:301:51 - undefined_method
  error - Undefined name 'FFLocalizations' - lib\overtime\edit_overtime_request\edit_overtime_request_widget.dart:304:61 - undefined_identifier
  error - The function 'changeLeaveRequestedDateFormat' isn't defined - lib\overtime\edit_overtime_request\edit_overtime_request_widget.dart:309:54 - undefined_function
  error - The named parameter 'color' isn't defined - lib\overtime\edit_overtime_request\edit_overtime_request_widget.dart:325:49 - undefined_named_parameter
  error - The named parameter 'letterSpacing' isn't defined - lib\overtime\edit_overtime_request\edit_overtime_request_widget.dart:327:49 - undefined_named_parameter
  error - The named parameter 'fontWeight' isn't defined - lib\overtime\edit_overtime_request\edit_overtime_request_widget.dart:328:49 - undefined_named_parameter
  error - The named parameter 'fontStyle' isn't defined - lib\overtime\edit_overtime_request\edit_overtime_request_widget.dart:331:49 - undefined_named_parameter
  error - Expected an identifier - lib\overtime\edit_overtime_request\edit_overtime_request_widget.dart:336:39 - missing_identifier
  error - Expected to find ']' - lib\overtime\edit_overtime_request\edit_overtime_request_widget.dart:336:39 - expected_token
  error - A function body must be provided - lib\overtime\edit_overtime_request\edit_overtime_request_widget.dart:347:36 - missing_function_body
  error - Expected a class member - lib\overtime\edit_overtime_request\edit_overtime_request_widget.dart:347:36 - expected_class_member
  error - Expected a class member - lib\overtime\edit_overtime_request\edit_overtime_request_widget.dart:348:33 - expected_class_member
  error - Expected a class member - lib\overtime\edit_overtime_request\edit_overtime_request_widget.dart:348:34 - expected_class_member
  error - Expected a class member - lib\overtime\edit_overtime_request\edit_overtime_request_widget.dart:349:31 - expected_class_member
  error - Expected a class member - lib\overtime\edit_overtime_request\edit_overtime_request_widget.dart:349:32 - expected_class_member
  error - Expected a class member - lib\overtime\edit_overtime_request\edit_overtime_request_widget.dart:350:29 - expected_class_member
  error - Expected a class member - lib\overtime\edit_overtime_request\edit_overtime_request_widget.dart:350:30 - expected_class_member
  error - Expected a class member - lib\overtime\edit_overtime_request\edit_overtime_request_widget.dart:351:27 - expected_class_member
  error - Expected a class member - lib\overtime\edit_overtime_request\edit_overtime_request_widget.dart:351:28 - expected_class_member
  error - Expected a class member - lib\overtime\edit_overtime_request\edit_overtime_request_widget.dart:352:25 - expected_class_member
  error - Expected a class member - lib\overtime\edit_overtime_request\edit_overtime_request_widget.dart:352:26 - expected_class_member
  error - Expected a class member - lib\overtime\edit_overtime_request\edit_overtime_request_widget.dart:353:23 - expected_class_member
  error - Expected a class member - lib\overtime\edit_overtime_request\edit_overtime_request_widget.dart:353:24 - expected_class_member
  error - Expected a class member - lib\overtime\edit_overtime_request\edit_overtime_request_widget.dart:354:21 - expected_class_member
  error - Expected a class member - lib\overtime\edit_overtime_request\edit_overtime_request_widget.dart:354:22 - expected_class_member
  error - The name 'Row' is already defined - lib\overtime\edit_overtime_request\edit_overtime_request_widget.dart:355:21 - duplicate_definition
  error - Named parameters must be enclosed in curly braces ('{' and '}') - lib\overtime\edit_overtime_request\edit_overtime_request_widget.dart:356:35 - named_parameter_outside_group
  error - Using a colon as the separator before a default value is no longer supported - lib\overtime\edit_overtime_request\edit_overtime_request_widget.dart:356:35 - obsolete_colon_for_default_value
  error - Named parameters must be enclosed in curly braces ('{' and '}') - lib\overtime\edit_overtime_request\edit_overtime_request_widget.dart:357:31 - named_parameter_outside_group
  error - Using a colon as the separator before a default value is no longer supported - lib\overtime\edit_overtime_request\edit_overtime_request_widget.dart:357:31 - obsolete_colon_for_default_value
  error - The default value of an optional parameter must be constant - lib\overtime\edit_overtime_request\edit_overtime_request_widget.dart:357:33 - non_constant_default_value
  error - 1 positional argument expected by 'Padding', but 0 found - lib\overtime\edit_overtime_request\edit_overtime_request_widget.dart:367:35 - not_enough_positional_arguments
  error - Undefined name 'FFLocalizations' - lib\overtime\edit_overtime_request\edit_overtime_request_widget.dart:370:37 - undefined_identifier
  error - The named parameter 'color' isn't defined - lib\overtime\edit_overtime_request\edit_overtime_request_widget.dart:383:43 - undefined_named_parameter
  error - The named parameter 'letterSpacing' isn't defined - lib\overtime\edit_overtime_request\edit_overtime_request_widget.dart:384:43 - undefined_named_parameter
  error - The named parameter 'fontWeight' isn't defined - lib\overtime\edit_overtime_request\edit_overtime_request_widget.dart:385:43 - undefined_named_parameter
  error - The named parameter 'fontStyle' isn't defined - lib\overtime\edit_overtime_request\edit_overtime_request_widget.dart:388:43 - undefined_named_parameter
  error - Expected to find ']' - lib\overtime\edit_overtime_request\edit_overtime_request_widget.dart:394:31 - expected_token
  error - Too many positional arguments: 0 expected, but 1 found - lib\overtime\edit_overtime_request\edit_overtime_request_widget.dart:395:31 - extra_positional_arguments
  error - 1 positional argument expected by 'Padding', but 0 found - lib\overtime\edit_overtime_request\edit_overtime_request_widget.dart:396:33 - not_enough_positional_arguments
warning - The value of the local variable '_datePicked2Time' isn't used - lib\overtime\edit_overtime_request\edit_overtime_request_widget.dart:404:43 - unused_local_variable
  error - Undefined name 'getCurrentTimestamp' - lib\overtime\edit_overtime_request\edit_overtime_request_widget.dart:408:43 - undefined_identifier
  error - The method 'wrapInMaterialTimePickerTheme' isn't defined for the type '_EditOvertimeRequestWidgetState' - lib\overtime\edit_overtime_request\edit_overtime_request_widget.dart:410:48 - undefined_method
  error - Expected to find ';' - lib\overtime\edit_overtime_request\edit_overtime_request_widget.dart:430:47 - expected_token
warning - Dead code - lib\overtime\edit_overtime_request\edit_overtime_request_widget.dart:430:48 - dead_code
  error - Expected an identifier - lib\overtime\edit_overtime_request\edit_overtime_request_widget.dart:430:48 - missing_identifier
  error - Unexpected text ';' - lib\overtime\edit_overtime_request\edit_overtime_request_widget.dart:430:48 - unexpected_token
warning - The label 'pickerBackgroundColor' isn't used - lib\overtime\edit_overtime_request\edit_overtime_request_widget.dart:431:43 - unused_label
  error - Expected to find ';' - lib\overtime\edit_overtime_request\edit_overtime_request_widget.dart:432:77 - expected_token
  error - Expected an identifier - lib\overtime\edit_overtime_request\edit_overtime_request_widget.dart:432:84 - missing_identifier
  error - Unexpected text ';' - lib\overtime\edit_overtime_request\edit_overtime_request_widget.dart:432:84 - unexpected_token
warning - The label 'pickerForegroundColor' isn't used - lib\overtime\edit_overtime_request\edit_overtime_request_widget.dart:433:43 - unused_label
  error - Expected to find ';' - lib\overtime\edit_overtime_request\edit_overtime_request_widget.dart:434:86 - expected_token
  error - Expected an identifier - lib\overtime\edit_overtime_request\edit_overtime_request_widget.dart:434:91 - missing_identifier
  error - Unexpected text ';' - lib\overtime\edit_overtime_request\edit_overtime_request_widget.dart:434:91 - unexpected_token
warning - The label 'selectedDateTimeBackgroundColor' isn't used - lib\overtime\edit_overtime_request\edit_overtime_request_widget.dart:435:43 - unused_label
  error - Expected to find ';' - lib\overtime\edit_overtime_request\edit_overtime_request_widget.dart:436:77 - expected_token
  error - Expected an identifier - lib\overtime\edit_overtime_request\edit_overtime_request_widget.dart:436:84 - missing_identifier
  error - Unexpected text ';' - lib\overtime\edit_overtime_request\edit_overtime_request_widget.dart:436:84 - unexpected_token
warning - The label 'selectedDateTimeForegroundColor' isn't used - lib\overtime\edit_overtime_request\edit_overtime_request_widget.dart:437:43 - unused_label
  error - Expected to find ';' - lib\overtime\edit_overtime_request\edit_overtime_request_widget.dart:438:77 - expected_token
  error - Expected an identifier - lib\overtime\edit_overtime_request\edit_overtime_request_widget.dart:438:84 - missing_identifier
  error - Unexpected text ';' - lib\overtime\edit_overtime_request\edit_overtime_request_widget.dart:438:84 - unexpected_token
warning - The label 'actionButtonForegroundColor' isn't used - lib\overtime\edit_overtime_request\edit_overtime_request_widget.dart:439:43 - unused_label
  error - Expected to find ';' - lib\overtime\edit_overtime_request\edit_overtime_request_widget.dart:440:77 - expected_token
  error - Expected an identifier - lib\overtime\edit_overtime_request\edit_overtime_request_widget.dart:440:84 - missing_identifier
  error - Unexpected text ';' - lib\overtime\edit_overtime_request\edit_overtime_request_widget.dart:440:84 - unexpected_token
warning - The label 'iconSize' isn't used - lib\overtime\edit_overtime_request\edit_overtime_request_widget.dart:441:43 - unused_label
  error - Expected to find ';' - lib\overtime\edit_overtime_request\edit_overtime_request_widget.dart:441:53 - expected_token
  error - Expected an identifier - lib\overtime\edit_overtime_request\edit_overtime_request_widget.dart:441:57 - missing_identifier
  error - Unexpected text ';' - lib\overtime\edit_overtime_request\edit_overtime_request_widget.dart:441:57 - unexpected_token
  error - Expected to find '}' - lib\overtime\edit_overtime_request\edit_overtime_request_widget.dart:442:41 - expected_token
  error - Expected to find ')' - lib\overtime\edit_overtime_request\edit_overtime_request_widget.dart:444:38 - expected_token
  error - Expected to find ']' - lib\overtime\edit_overtime_request\edit_overtime_request_widget.dart:444:38 - expected_token
  error - Expected a class member - lib\overtime\edit_overtime_request\edit_overtime_request_widget.dart:445:37 - expected_class_member
  error - Expected an identifier - lib\overtime\edit_overtime_request\edit_overtime_request_widget.dart:445:40 - missing_identifier
  error - Expected to find ')' - lib\overtime\edit_overtime_request\edit_overtime_request_widget.dart:445:58 - expected_token
  error - Undefined name 'getCurrentTimestamp' - lib\overtime\edit_overtime_request\edit_overtime_request_widget.dart:448:43 - undefined_identifier
  error - Undefined name 'getCurrentTimestamp' - lib\overtime\edit_overtime_request\edit_overtime_request_widget.dart:449:43 - undefined_identifier
  error - Undefined name 'getCurrentTimestamp' - lib\overtime\edit_overtime_request\edit_overtime_request_widget.dart:450:43 - undefined_identifier
  error - Expected a class member - lib\overtime\edit_overtime_request\edit_overtime_request_widget.dart:455:39 - expected_class_member
  error - Expected a class member - lib\overtime\edit_overtime_request\edit_overtime_request_widget.dart:455:44 - expected_class_member
  error - Expected an identifier - lib\overtime\edit_overtime_request\edit_overtime_request_widget.dart:455:47 - missing_identifier
  error - The prefix '_model' can't be used here because it's shadowed by a local declaration - lib\overtime\edit_overtime_request\edit_overtime_request_widget.dart:455:48 - prefix_shadowed_by_local_declaration
  error - Expected an identifier - lib\overtime\edit_overtime_request\edit_overtime_request_widget.dart:455:67 - missing_identifier
  error - Expected to find ')' - lib\overtime\edit_overtime_request\edit_overtime_request_widget.dart:455:70 - expected_token
  error - Undefined name 'getCurrentTimestamp' - lib\overtime\edit_overtime_request\edit_overtime_request_widget.dart:458:45 - undefined_identifier
  error - Methods must have an explicit list of parameters - lib\overtime\edit_overtime_request\edit_overtime_request_widget.dart:461:37 - missing_method_parameters
  error - The name of a constructor must match the name of the enclosing class - lib\overtime\edit_overtime_request\edit_overtime_request_widget.dart:461:37 - invalid_constructor_name
  error - Only factory constructor can specify '=' redirection - lib\overtime\edit_overtime_request\edit_overtime_request_widget.dart:461:54 - redirection_in_non_factory_constructor
  error - Expected to find ';' - lib\overtime\edit_overtime_request\edit_overtime_request_widget.dart:461:56 - expected_token
  error - The name 'dateTimeFormat' isn't a type and can't be used in a redirected constructor - lib\overtime\edit_overtime_request\edit_overtime_request_widget.dart:461:56 - redirect_to_non_class
  error - Expected an identifier - lib\overtime\edit_overtime_request\edit_overtime_request_widget.dart:461:70 - missing_identifier
  error - Expected an identifier - lib\overtime\edit_overtime_request\edit_overtime_request_widget.dart:462:39 - missing_identifier
  error - The prefix '_model' can't be used here because it's shadowed by a local declaration - lib\overtime\edit_overtime_request\edit_overtime_request_widget.dart:463:39 - prefix_shadowed_by_local_declaration
  error - Expected an identifier - lib\overtime\edit_overtime_request\edit_overtime_request_widget.dart:463:57 - missing_identifier
  error - Named parameters must be enclosed in curly braces ('{' and '}') - lib\overtime\edit_overtime_request\edit_overtime_request_widget.dart:464:45 - named_parameter_outside_group
  error - Using a colon as the separator before a default value is no longer supported - lib\overtime\edit_overtime_request\edit_overtime_request_widget.dart:464:45 - obsolete_colon_for_default_value
  error - Undefined name 'FFLocalizations' - lib\overtime\edit_overtime_request\edit_overtime_request_widget.dart:464:47 - undefined_identifier
  error - 'safeSetState' must have a method body because '_EditOvertimeRequestWidgetState' isn't abstract - lib\overtime\edit_overtime_request\edit_overtime_request_widget.dart:467:37 - concrete_class_with_abstract_member
  error - Expected an identifier - lib\overtime\edit_overtime_request\edit_overtime_request_widget.dart:467:50 - missing_identifier
  error - Expected to find ')' - lib\overtime\edit_overtime_request\edit_overtime_request_widget.dart:467:53 - expected_token
  error - Expected a method, getter, setter or operator declaration - lib\overtime\edit_overtime_request\edit_overtime_request_widget.dart:468:36 - expected_executable
  error - Expected to find ';' - lib\overtime\edit_overtime_request\edit_overtime_request_widget.dart:469:35 - expected_token
  error - Variables must be declared using the keywords 'const', 'final', 'var' or a type name - lib\overtime\edit_overtime_request\edit_overtime_request_widget.dart:469:35 - missing_const_final_var_or_type
  error - Expected a method, getter, setter or operator declaration - lib\overtime\edit_overtime_request\edit_overtime_request_widget.dart:469:40 - expected_executable
  error - Named parameters must be enclosed in curly braces ('{' and '}') - lib\overtime\edit_overtime_request\edit_overtime_request_widget.dart:470:42 - named_parameter_outside_group
  error - Using a colon as the separator before a default value is no longer supported - lib\overtime\edit_overtime_request\edit_overtime_request_widget.dart:470:42 - obsolete_colon_for_default_value
  error - Named parameters must be enclosed in curly braces ('{' and '}') - lib\overtime\edit_overtime_request\edit_overtime_request_widget.dart:471:43 - named_parameter_outside_group
  error - Using a colon as the separator before a default value is no longer supported - lib\overtime\edit_overtime_request\edit_overtime_request_widget.dart:471:43 - obsolete_colon_for_default_value
  error - Named parameters must be enclosed in curly braces ('{' and '}') - lib\overtime\edit_overtime_request\edit_overtime_request_widget.dart:472:47 - named_parameter_outside_group
  error - Using a colon as the separator before a default value is no longer supported - lib\overtime\edit_overtime_request\edit_overtime_request_widget.dart:472:47 - obsolete_colon_for_default_value
  error - The default value of an optional parameter must be constant - lib\overtime\edit_overtime_request\edit_overtime_request_widget.dart:472:49 - non_constant_default_value
  error - Undefined name 'context' - lib\overtime\edit_overtime_request\edit_overtime_request_widget.dart:473:55 - undefined_identifier
  error - Named parameters must be enclosed in curly braces ('{' and '}') - lib\overtime\edit_overtime_request\edit_overtime_request_widget.dart:478:42 - named_parameter_outside_group
  error - Using a colon as the separator before a default value is no longer supported - lib\overtime\edit_overtime_request\edit_overtime_request_widget.dart:478:42 - obsolete_colon_for_default_value
  error - Methods can't be invoked in constant expressions - lib\overtime\edit_overtime_request\edit_overtime_request_widget.dart:478:44 - const_eval_method_invocation
  error - The named parameter 'mainAxisAlignment' isn't defined - lib\overtime\edit_overtime_request\edit_overtime_request_widget.dart:480:39 - undefined_named_parameter
  error - The function 'valueOrDefault' isn't defined - lib\overtime\edit_overtime_request\edit_overtime_request_widget.dart:485:43 - undefined_function
  error - Undefined name '_model' - lib\overtime\edit_overtime_request\edit_overtime_request_widget.dart:486:45 - undefined_identifier
  error - The function 'dateTimeFormat' isn't defined - lib\overtime\edit_overtime_request\edit_overtime_request_widget.dart:487:51 - undefined_function
  error - Undefined name '_model' - lib\overtime\edit_overtime_request\edit_overtime_request_widget.dart:489:53 - undefined_identifier
  error - Undefined name 'FFLocalizations' - lib\overtime\edit_overtime_request\edit_overtime_request_widget.dart:490:61 - undefined_identifier
  error - Undefined name 'context' - lib\overtime\edit_overtime_request\edit_overtime_request_widget.dart:491:61 - undefined_identifier
  error - Undefined name 'widget' - lib\overtime\edit_overtime_request\edit_overtime_request_widget.dart:495:53 - undefined_identifier
  error - Undefined name 'context' - lib\overtime\edit_overtime_request\edit_overtime_request_widget.dart:500:59 - undefined_identifier
  error - Undefined name 'context' - lib\overtime\edit_overtime_request\edit_overtime_request_widget.dart:503:64 - undefined_identifier
  error - Undefined name 'context' - lib\overtime\edit_overtime_request\edit_overtime_request_widget.dart:506:64 - undefined_identifier
  error - The named parameter 'letterSpacing' isn't defined - lib\overtime\edit_overtime_request\edit_overtime_request_widget.dart:509:49 - undefined_named_parameter
  error - The named parameter 'fontWeight' isn't defined - lib\overtime\edit_overtime_request\edit_overtime_request_widget.dart:510:49 - undefined_named_parameter
  error - Undefined name 'context' - lib\overtime\edit_overtime_request\edit_overtime_request_widget.dart:511:62 - undefined_identifier
  error - The named parameter 'fontStyle' isn't defined - lib\overtime\edit_overtime_request\edit_overtime_request_widget.dart:513:49 - undefined_named_parameter
  error - Undefined name 'context' - lib\overtime\edit_overtime_request\edit_overtime_request_widget.dart:514:62 - undefined_identifier
  error - Expected to find ']' - lib\overtime\edit_overtime_request\edit_overtime_request_widget.dart:517:42 - expected_token
  error - A function body must be provided - lib\overtime\edit_overtime_request\edit_overtime_request_widget.dart:525:36 - missing_function_body
  error - Expected a method, getter, setter or operator declaration - lib\overtime\edit_overtime_request\edit_overtime_request_widget.dart:525:36 - expected_executable
  error - Expected a method, getter, setter or operator declaration - lib\overtime\edit_overtime_request\edit_overtime_request_widget.dart:526:33 - expected_executable
  error - Expected a method, getter, setter or operator declaration - lib\overtime\edit_overtime_request\edit_overtime_request_widget.dart:526:34 - expected_executable
  error - Expected a method, getter, setter or operator declaration - lib\overtime\edit_overtime_request\edit_overtime_request_widget.dart:527:31 - expected_executable
  error - Expected a method, getter, setter or operator declaration - lib\overtime\edit_overtime_request\edit_overtime_request_widget.dart:527:32 - expected_executable
  error - Expected a method, getter, setter or operator declaration - lib\overtime\edit_overtime_request\edit_overtime_request_widget.dart:528:29 - expected_executable
  error - Expected a method, getter, setter or operator declaration - lib\overtime\edit_overtime_request\edit_overtime_request_widget.dart:528:30 - expected_executable
  error - Expected a method, getter, setter or operator declaration - lib\overtime\edit_overtime_request\edit_overtime_request_widget.dart:529:27 - expected_executable
  error - Expected a method, getter, setter or operator declaration - lib\overtime\edit_overtime_request\edit_overtime_request_widget.dart:529:28 - expected_executable
  error - Expected a method, getter, setter or operator declaration - lib\overtime\edit_overtime_request\edit_overtime_request_widget.dart:530:25 - expected_executable
  error - Expected a method, getter, setter or operator declaration - lib\overtime\edit_overtime_request\edit_overtime_request_widget.dart:530:26 - expected_executable
  error - Named parameters must be enclosed in curly braces ('{' and '}') - lib\overtime\edit_overtime_request\edit_overtime_request_widget.dart:532:34 - named_parameter_outside_group
  error - Using a colon as the separator before a default value is no longer supported - lib\overtime\edit_overtime_request\edit_overtime_request_widget.dart:532:34 - obsolete_colon_for_default_value
  error - The default value of an optional parameter must be constant - lib\overtime\edit_overtime_request\edit_overtime_request_widget.dart:532:36 - non_constant_default_value
  error - Named parameters must be enclosed in curly braces ('{' and '}') - lib\overtime\edit_overtime_request\edit_overtime_request_widget.dart:534:32 - named_parameter_outside_group
  error - Using a colon as the separator before a default value is no longer supported - lib\overtime\edit_overtime_request\edit_overtime_request_widget.dart:534:32 - obsolete_colon_for_default_value
  error - The default value of an optional parameter must be constant - lib\overtime\edit_overtime_request\edit_overtime_request_widget.dart:534:34 - non_constant_default_value
  error - 1 positional argument expected by 'Padding', but 0 found - lib\overtime\edit_overtime_request\edit_overtime_request_widget.dart:541:35 - not_enough_positional_arguments
  error - Undefined name 'FFLocalizations' - lib\overtime\edit_overtime_request\edit_overtime_request_widget.dart:544:37 - undefined_identifier
  error - Undefined name 'context' - lib\overtime\edit_overtime_request\edit_overtime_request_widget.dart:544:56 - undefined_identifier
  error - Undefined name 'context' - lib\overtime\edit_overtime_request\edit_overtime_request_widget.dart:547:53 - undefined_identifier
  error - Undefined name 'context' - lib\overtime\edit_overtime_request\edit_overtime_request_widget.dart:550:58 - undefined_identifier
  error - Undefined name 'context' - lib\overtime\edit_overtime_request\edit_overtime_request_widget.dart:553:58 - undefined_identifier
  error - The named parameter 'color' isn't defined - lib\overtime\edit_overtime_request\edit_overtime_request_widget.dart:556:43 - undefined_named_parameter
  error - Undefined name 'context' - lib\overtime\edit_overtime_request\edit_overtime_request_widget.dart:556:59 - undefined_identifier
  error - The named parameter 'letterSpacing' isn't defined - lib\overtime\edit_overtime_request\edit_overtime_request_widget.dart:557:43 - undefined_named_parameter
  error - The named parameter 'fontWeight' isn't defined - lib\overtime\edit_overtime_request\edit_overtime_request_widget.dart:558:43 - undefined_named_parameter
  error - Undefined name 'context' - lib\overtime\edit_overtime_request\edit_overtime_request_widget.dart:559:56 - undefined_identifier
  error - The named parameter 'fontStyle' isn't defined - lib\overtime\edit_overtime_request\edit_overtime_request_widget.dart:561:43 - undefined_named_parameter
  error - Undefined name 'context' - lib\overtime\edit_overtime_request\edit_overtime_request_widget.dart:562:56 - undefined_identifier
  error - Expected to find ']' - lib\overtime\edit_overtime_request\edit_overtime_request_widget.dart:567:31 - expected_token
  error - Named parameters must be enclosed in curly braces ('{' and '}') - lib\overtime\edit_overtime_request\edit_overtime_request_widget.dart:569:40 - named_parameter_outside_group
  error - Using a colon as the separator before a default value is no longer supported - lib\overtime\edit_overtime_request\edit_overtime_request_widget.dart:569:40 - obsolete_colon_for_default_value
  error - Named parameters must be enclosed in curly braces ('{' and '}') - lib\overtime\edit_overtime_request\edit_overtime_request_widget.dart:571:38 - named_parameter_outside_group
  error - Using a colon as the separator before a default value is no longer supported - lib\overtime\edit_overtime_request\edit_overtime_request_widget.dart:571:38 - obsolete_colon_for_default_value
warning - The value of the local variable '_datePicked3Time' isn't used - lib\overtime\edit_overtime_request\edit_overtime_request_widget.dart:577:43 - unused_local_variable
  error - Undefined name 'context' - lib\overtime\edit_overtime_request\edit_overtime_request_widget.dart:579:48 - undefined_identifier
  error - Undefined name 'getCurrentTimestamp' - lib\overtime\edit_overtime_request\edit_overtime_request_widget.dart:581:43 - undefined_identifier
  error - The function 'wrapInMaterialTimePickerTheme' isn't defined - lib\overtime\edit_overtime_request\edit_overtime_request_widget.dart:583:48 - undefined_function
  error - Expected to find ';' - lib\overtime\edit_overtime_request\edit_overtime_request_widget.dart:603:47 - expected_token
warning - Dead code - lib\overtime\edit_overtime_request\edit_overtime_request_widget.dart:603:48 - dead_code
  error - Expected an identifier - lib\overtime\edit_overtime_request\edit_overtime_request_widget.dart:603:48 - missing_identifier
  error - Unexpected text ';' - lib\overtime\edit_overtime_request\edit_overtime_request_widget.dart:603:48 - unexpected_token
warning - The label 'pickerBackgroundColor' isn't used - lib\overtime\edit_overtime_request\edit_overtime_request_widget.dart:604:43 - unused_label
  error - Expected to find ';' - lib\overtime\edit_overtime_request\edit_overtime_request_widget.dart:605:77 - expected_token
  error - Expected an identifier - lib\overtime\edit_overtime_request\edit_overtime_request_widget.dart:605:84 - missing_identifier
  error - Unexpected text ';' - lib\overtime\edit_overtime_request\edit_overtime_request_widget.dart:605:84 - unexpected_token
warning - The label 'pickerForegroundColor' isn't used - lib\overtime\edit_overtime_request\edit_overtime_request_widget.dart:606:43 - unused_label
  error - Expected to find ';' - lib\overtime\edit_overtime_request\edit_overtime_request_widget.dart:607:86 - expected_token
  error - Expected an identifier - lib\overtime\edit_overtime_request\edit_overtime_request_widget.dart:607:91 - missing_identifier
  error - Unexpected text ';' - lib\overtime\edit_overtime_request\edit_overtime_request_widget.dart:607:91 - unexpected_token
warning - The label 'selectedDateTimeBackgroundColor' isn't used - lib\overtime\edit_overtime_request\edit_overtime_request_widget.dart:608:43 - unused_label
  error - Expected to find ';' - lib\overtime\edit_overtime_request\edit_overtime_request_widget.dart:609:77 - expected_token
  error - Expected an identifier - lib\overtime\edit_overtime_request\edit_overtime_request_widget.dart:609:84 - missing_identifier
  error - Unexpected text ';' - lib\overtime\edit_overtime_request\edit_overtime_request_widget.dart:609:84 - unexpected_token
warning - The label 'selectedDateTimeForegroundColor' isn't used - lib\overtime\edit_overtime_request\edit_overtime_request_widget.dart:610:43 - unused_label
  error - Expected to find ';' - lib\overtime\edit_overtime_request\edit_overtime_request_widget.dart:611:77 - expected_token
  error - Expected an identifier - lib\overtime\edit_overtime_request\edit_overtime_request_widget.dart:611:84 - missing_identifier
  error - Unexpected text ';' - lib\overtime\edit_overtime_request\edit_overtime_request_widget.dart:611:84 - unexpected_token
warning - The label 'actionButtonForegroundColor' isn't used - lib\overtime\edit_overtime_request\edit_overtime_request_widget.dart:612:43 - unused_label
  error - Expected to find ';' - lib\overtime\edit_overtime_request\edit_overtime_request_widget.dart:613:77 - expected_token
  error - Expected an identifier - lib\overtime\edit_overtime_request\edit_overtime_request_widget.dart:613:84 - missing_identifier
  error - Unexpected text ';' - lib\overtime\edit_overtime_request\edit_overtime_request_widget.dart:613:84 - unexpected_token
warning - The label 'iconSize' isn't used - lib\overtime\edit_overtime_request\edit_overtime_request_widget.dart:614:43 - unused_label
  error - Expected to find ';' - lib\overtime\edit_overtime_request\edit_overtime_request_widget.dart:614:53 - expected_token
  error - Expected an identifier - lib\overtime\edit_overtime_request\edit_overtime_request_widget.dart:614:57 - missing_identifier
  error - Unexpected text ';' - lib\overtime\edit_overtime_request\edit_overtime_request_widget.dart:614:57 - unexpected_token
  error - Expected to find '}' - lib\overtime\edit_overtime_request\edit_overtime_request_widget.dart:615:41 - expected_token
  error - Expected to find ')' - lib\overtime\edit_overtime_request\edit_overtime_request_widget.dart:617:38 - expected_token
  error - A function body must be provided - lib\overtime\edit_overtime_request\edit_overtime_request_widget.dart:700:32 - missing_function_body
  error - Expected a method, getter, setter or operator declaration - lib\overtime\edit_overtime_request\edit_overtime_request_widget.dart:700:32 - expected_executable
  error - Expected a method, getter, setter or operator declaration - lib\overtime\edit_overtime_request\edit_overtime_request_widget.dart:701:29 - expected_executable
  error - Expected a method, getter, setter or operator declaration - lib\overtime\edit_overtime_request\edit_overtime_request_widget.dart:701:30 - expected_executable
  error - Expected a method, getter, setter or operator declaration - lib\overtime\edit_overtime_request\edit_overtime_request_widget.dart:702:27 - expected_executable
  error - Expected a method, getter, setter or operator declaration - lib\overtime\edit_overtime_request\edit_overtime_request_widget.dart:702:28 - expected_executable
  error - Expected a method, getter, setter or operator declaration - lib\overtime\edit_overtime_request\edit_overtime_request_widget.dart:703:25 - expected_executable
  error - Expected a method, getter, setter or operator declaration - lib\overtime\edit_overtime_request\edit_overtime_request_widget.dart:703:26 - expected_executable
  error - Expected a method, getter, setter or operator declaration - lib\overtime\edit_overtime_request\edit_overtime_request_widget.dart:704:23 - expected_executable
  error - Expected a method, getter, setter or operator declaration - lib\overtime\edit_overtime_request\edit_overtime_request_widget.dart:704:24 - expected_executable
  error - Expected a method, getter, setter or operator declaration - lib\overtime\edit_overtime_request\edit_overtime_request_widget.dart:705:21 - expected_executable
  error - Expected a method, getter, setter or operator declaration - lib\overtime\edit_overtime_request\edit_overtime_request_widget.dart:705:22 - expected_executable
  error - Named parameters must be enclosed in curly braces ('{' and '}') - lib\overtime\edit_overtime_request\edit_overtime_request_widget.dart:707:35 - named_parameter_outside_group
  error - Using a colon as the separator before a default value is no longer supported - lib\overtime\edit_overtime_request\edit_overtime_request_widget.dart:707:35 - obsolete_colon_for_default_value
  error - Named parameters must be enclosed in curly braces ('{' and '}') - lib\overtime\edit_overtime_request\edit_overtime_request_widget.dart:708:31 - named_parameter_outside_group
  error - Using a colon as the separator before a default value is no longer supported - lib\overtime\edit_overtime_request\edit_overtime_request_widget.dart:708:31 - obsolete_colon_for_default_value
  error - The default value of an optional parameter must be constant - lib\overtime\edit_overtime_request\edit_overtime_request_widget.dart:708:33 - non_constant_default_value
  error - 1 positional argument expected by 'Padding', but 0 found - lib\overtime\edit_overtime_request\edit_overtime_request_widget.dart:718:35 - not_enough_positional_arguments
  error - Undefined name 'FFLocalizations' - lib\overtime\edit_overtime_request\edit_overtime_request_widget.dart:721:37 - undefined_identifier
  error - Undefined name 'context' - lib\overtime\edit_overtime_request\edit_overtime_request_widget.dart:721:56 - undefined_identifier
  error - Undefined name 'context' - lib\overtime\edit_overtime_request\edit_overtime_request_widget.dart:725:53 - undefined_identifier
  error - Undefined name 'context' - lib\overtime\edit_overtime_request\edit_overtime_request_widget.dart:728:58 - undefined_identifier
  error - Undefined name 'context' - lib\overtime\edit_overtime_request\edit_overtime_request_widget.dart:731:58 - undefined_identifier
  error - The named parameter 'color' isn't defined - lib\overtime\edit_overtime_request\edit_overtime_request_widget.dart:734:43 - undefined_named_parameter
  error - Undefined name 'context' - lib\overtime\edit_overtime_request\edit_overtime_request_widget.dart:734:59 - undefined_identifier
  error - The named parameter 'letterSpacing' isn't defined - lib\overtime\edit_overtime_request\edit_overtime_request_widget.dart:735:43 - undefined_named_parameter
  error - The named parameter 'fontWeight' isn't defined - lib\overtime\edit_overtime_request\edit_overtime_request_widget.dart:736:43 - undefined_named_parameter
  error - Undefined name 'context' - lib\overtime\edit_overtime_request\edit_overtime_request_widget.dart:737:56 - undefined_identifier
  error - The named parameter 'fontStyle' isn't defined - lib\overtime\edit_overtime_request\edit_overtime_request_widget.dart:739:43 - undefined_named_parameter
  error - Undefined name 'context' - lib\overtime\edit_overtime_request\edit_overtime_request_widget.dart:740:56 - undefined_identifier
  error - Expected to find ']' - lib\overtime\edit_overtime_request\edit_overtime_request_widget.dart:745:31 - expected_token
  error - Too many positional arguments: 0 expected, but 1 found - lib\overtime\edit_overtime_request\edit_overtime_request_widget.dart:746:31 - extra_positional_arguments
  error - 1 positional argument expected by 'Padding', but 0 found - lib\overtime\edit_overtime_request\edit_overtime_request_widget.dart:747:33 - not_enough_positional_arguments
  error - 1 positional argument expected by 'Padding', but 0 found - lib\overtime\edit_overtime_request\edit_overtime_request_widget.dart:761:39 - not_enough_positional_arguments
  error - The function 'valueOrDefault' isn't defined - lib\overtime\edit_overtime_request\edit_overtime_request_widget.dart:764:41 - undefined_function
  error - Undefined name '_model' - lib\overtime\edit_overtime_request\edit_overtime_request_widget.dart:765:44 - undefined_identifier
  error - Undefined name '_model' - lib\overtime\edit_overtime_request\edit_overtime_request_widget.dart:766:52 - undefined_identifier
  error - The function 'dateTimeFormat' isn't defined - lib\overtime\edit_overtime_request\edit_overtime_request_widget.dart:769:55 - undefined_function
  error - Undefined name '_model' - lib\overtime\edit_overtime_request\edit_overtime_request_widget.dart:771:57 - undefined_identifier
  error - Undefined name 'FFLocalizations' - lib\overtime\edit_overtime_request\edit_overtime_request_widget.dart:773:61 - undefined_identifier
  error - Undefined name 'context' - lib\overtime\edit_overtime_request\edit_overtime_request_widget.dart:774:69 - undefined_identifier
  error - The function 'dateTimeFormat' isn't defined - lib\overtime\edit_overtime_request\edit_overtime_request_widget.dart:777:55 - undefined_function
  error - Undefined name '_model' - lib\overtime\edit_overtime_request\edit_overtime_request_widget.dart:779:57 - undefined_identifier
  error - Undefined name 'FFLocalizations' - lib\overtime\edit_overtime_request\edit_overtime_request_widget.dart:781:61 - undefined_identifier
  error - Undefined name 'context' - lib\overtime\edit_overtime_request\edit_overtime_request_widget.dart:782:69 - undefined_identifier
  error - Undefined name 'widget' - lib\overtime\edit_overtime_request\edit_overtime_request_widget.dart:786:51 - undefined_identifier
  error - Undefined name 'context' - lib\overtime\edit_overtime_request\edit_overtime_request_widget.dart:791:57 - undefined_identifier
  error - Undefined name 'context' - lib\overtime\edit_overtime_request\edit_overtime_request_widget.dart:794:62 - undefined_identifier
  error - Undefined name 'context' - lib\overtime\edit_overtime_request\edit_overtime_request_widget.dart:797:62 - undefined_identifier
  error - The named parameter 'letterSpacing' isn't defined - lib\overtime\edit_overtime_request\edit_overtime_request_widget.dart:800:47 - undefined_named_parameter
  error - The named parameter 'fontWeight' isn't defined - lib\overtime\edit_overtime_request\edit_overtime_request_widget.dart:801:47 - undefined_named_parameter
  error - Undefined name 'context' - lib\overtime\edit_overtime_request\edit_overtime_request_widget.dart:802:60 - undefined_identifier
  error - The named parameter 'fontStyle' isn't defined - lib\overtime\edit_overtime_request\edit_overtime_request_widget.dart:804:47 - undefined_named_parameter
  error - Undefined name 'context' - lib\overtime\edit_overtime_request\edit_overtime_request_widget.dart:805:60 - undefined_identifier
  error - A function body must be provided - lib\overtime\edit_overtime_request\edit_overtime_request_widget.dart:814:28 - missing_function_body
  error - Expected a method, getter, setter or operator declaration - lib\overtime\edit_overtime_request\edit_overtime_request_widget.dart:814:28 - expected_executable
  error - Expected a method, getter, setter or operator declaration - lib\overtime\edit_overtime_request\edit_overtime_request_widget.dart:815:25 - expected_executable
  error - Expected a method, getter, setter or operator declaration - lib\overtime\edit_overtime_request\edit_overtime_request_widget.dart:815:26 - expected_executable
  error - Expected a method, getter, setter or operator declaration - lib\overtime\edit_overtime_request\edit_overtime_request_widget.dart:816:23 - expected_executable
  error - Expected a method, getter, setter or operator declaration - lib\overtime\edit_overtime_request\edit_overtime_request_widget.dart:816:24 - expected_executable
  error - Expected a method, getter, setter or operator declaration - lib\overtime\edit_overtime_request\edit_overtime_request_widget.dart:817:21 - expected_executable
  error - Expected a method, getter, setter or operator declaration - lib\overtime\edit_overtime_request\edit_overtime_request_widget.dart:817:22 - expected_executable
  error - The name 'Row' is already defined - lib\overtime\edit_overtime_request\edit_overtime_request_widget.dart:818:21 - duplicate_definition
  error - Named parameters must be enclosed in curly braces ('{' and '}') - lib\overtime\edit_overtime_request\edit_overtime_request_widget.dart:819:35 - named_parameter_outside_group
  error - Using a colon as the separator before a default value is no longer supported - lib\overtime\edit_overtime_request\edit_overtime_request_widget.dart:819:35 - obsolete_colon_for_default_value
  error - Named parameters must be enclosed in curly braces ('{' and '}') - lib\overtime\edit_overtime_request\edit_overtime_request_widget.dart:820:31 - named_parameter_outside_group
  error - Using a colon as the separator before a default value is no longer supported - lib\overtime\edit_overtime_request\edit_overtime_request_widget.dart:820:31 - obsolete_colon_for_default_value
  error - The default value of an optional parameter must be constant - lib\overtime\edit_overtime_request\edit_overtime_request_widget.dart:820:33 - non_constant_default_value
  error - 1 positional argument expected by 'Padding', but 0 found - lib\overtime\edit_overtime_request\edit_overtime_request_widget.dart:830:35 - not_enough_positional_arguments
  error - Undefined name 'FFLocalizations' - lib\overtime\edit_overtime_request\edit_overtime_request_widget.dart:833:37 - undefined_identifier
  error - Undefined name 'context' - lib\overtime\edit_overtime_request\edit_overtime_request_widget.dart:833:56 - undefined_identifier
  error - Undefined name 'context' - lib\overtime\edit_overtime_request\edit_overtime_request_widget.dart:837:53 - undefined_identifier
  error - Undefined name 'context' - lib\overtime\edit_overtime_request\edit_overtime_request_widget.dart:840:58 - undefined_identifier
  error - Undefined name 'context' - lib\overtime\edit_overtime_request\edit_overtime_request_widget.dart:843:58 - undefined_identifier
  error - The named parameter 'color' isn't defined - lib\overtime\edit_overtime_request\edit_overtime_request_widget.dart:846:43 - undefined_named_parameter
  error - Undefined name 'context' - lib\overtime\edit_overtime_request\edit_overtime_request_widget.dart:846:59 - undefined_identifier
  error - The named parameter 'letterSpacing' isn't defined - lib\overtime\edit_overtime_request\edit_overtime_request_widget.dart:847:43 - undefined_named_parameter
  error - The named parameter 'fontWeight' isn't defined - lib\overtime\edit_overtime_request\edit_overtime_request_widget.dart:848:43 - undefined_named_parameter
  error - Undefined name 'context' - lib\overtime\edit_overtime_request\edit_overtime_request_widget.dart:849:56 - undefined_identifier
  error - The named parameter 'fontStyle' isn't defined - lib\overtime\edit_overtime_request\edit_overtime_request_widget.dart:851:43 - undefined_named_parameter
  error - Undefined name 'context' - lib\overtime\edit_overtime_request\edit_overtime_request_widget.dart:852:56 - undefined_identifier
  error - Expected to find ']' - lib\overtime\edit_overtime_request\edit_overtime_request_widget.dart:857:31 - expected_token
  error - Too many positional arguments: 0 expected, but 1 found - lib\overtime\edit_overtime_request\edit_overtime_request_widget.dart:858:31 - extra_positional_arguments
  error - 1 positional argument expected by 'Padding', but 0 found - lib\overtime\edit_overtime_request\edit_overtime_request_widget.dart:859:33 - not_enough_positional_arguments
  error - The function 'FlutterFlowDropDown' isn't defined - lib\overtime\edit_overtime_request\edit_overtime_request_widget.dart:861:40 - undefined_function
  error - Undefined name '_model' - lib\overtime\edit_overtime_request\edit_overtime_request_widget.dart:862:47 - undefined_identifier
  error - Undefined name 'FFLocalizations' - lib\overtime\edit_overtime_request\edit_overtime_request_widget.dart:865:37 - undefined_identifier
  error - Undefined name 'context' - lib\overtime\edit_overtime_request\edit_overtime_request_widget.dart:865:56 - undefined_identifier
  error - Undefined name 'FFLocalizations' - lib\overtime\edit_overtime_request\edit_overtime_request_widget.dart:868:37 - undefined_identifier
  error - Undefined name 'context' - lib\overtime\edit_overtime_request\edit_overtime_request_widget.dart:868:56 - undefined_identifier
  error - Undefined name 'FFLocalizations' - lib\overtime\edit_overtime_request\edit_overtime_request_widget.dart:871:37 - undefined_identifier
  error - Undefined name 'context' - lib\overtime\edit_overtime_request\edit_overtime_request_widget.dart:871:56 - undefined_identifier
  error - Undefined name 'FFLocalizations' - lib\overtime\edit_overtime_request\edit_overtime_request_widget.dart:874:37 - undefined_identifier
  error - Undefined name 'context' - lib\overtime\edit_overtime_request\edit_overtime_request_widget.dart:874:56 - undefined_identifier
  error - The function 'safeSetState' isn't defined - lib\overtime\edit_overtime_request\edit_overtime_request_widget.dart:878:55 - undefined_function
  error - Undefined name '_model' - lib\overtime\edit_overtime_request\edit_overtime_request_widget.dart:879:45 - undefined_identifier
  error - Undefined name 'context' - lib\overtime\edit_overtime_request\edit_overtime_request_widget.dart:882:55 - undefined_identifier
  error - Undefined name 'context' - lib\overtime\edit_overtime_request\edit_overtime_request_widget.dart:885:56 - undefined_identifier
  error - Undefined name 'context' - lib\overtime\edit_overtime_request\edit_overtime_request_widget.dart:888:56 - undefined_identifier
  error - Undefined name 'context' - lib\overtime\edit_overtime_request\edit_overtime_request_widget.dart:892:62 - undefined_identifier
  error - Undefined name 'context' - lib\overtime\edit_overtime_request\edit_overtime_request_widget.dart:894:61 - undefined_identifier
  error - The named parameter 'hintText' isn't defined - lib\overtime\edit_overtime_request\edit_overtime_request_widget.dart:897:35 - undefined_named_parameter
  error - Undefined name 'FFLocalizations' - lib\overtime\edit_overtime_request\edit_overtime_request_widget.dart:897:45 - undefined_identifier
  error - Undefined name 'context' - lib\overtime\edit_overtime_request\edit_overtime_request_widget.dart:897:64 - undefined_identifier
  error - The named parameter 'icon' isn't defined - lib\overtime\edit_overtime_request\edit_overtime_request_widget.dart:900:35 - undefined_named_parameter
  error - Undefined name 'context' - lib\overtime\edit_overtime_request\edit_overtime_request_widget.dart:902:53 - undefined_identifier
  error - The named parameter 'fillColor' isn't defined - lib\overtime\edit_overtime_request\edit_overtime_request_widget.dart:905:35 - undefined_named_parameter
  error - Undefined name 'context' - lib\overtime\edit_overtime_request\edit_overtime_request_widget.dart:905:55 - undefined_identifier
  error - The named parameter 'elevation' isn't defined - lib\overtime\edit_overtime_request\edit_overtime_request_widget.dart:906:35 - undefined_named_parameter
  error - The named parameter 'borderColor' isn't defined - lib\overtime\edit_overtime_request\edit_overtime_request_widget.dart:907:35 - undefined_named_parameter
  error - Undefined name 'context' - lib\overtime\edit_overtime_request\edit_overtime_request_widget.dart:908:48 - undefined_identifier
  error - The named parameter 'borderWidth' isn't defined - lib\overtime\edit_overtime_request\edit_overtime_request_widget.dart:909:35 - undefined_named_parameter
  error - The named parameter 'borderRadius' isn't defined - lib\overtime\edit_overtime_request\edit_overtime_request_widget.dart:910:35 - undefined_named_parameter
  error - The named parameter 'margin' isn't defined - lib\overtime\edit_overtime_request\edit_overtime_request_widget.dart:911:35 - undefined_named_parameter
  error - The named parameter 'hidesUnderline' isn't defined - lib\overtime\edit_overtime_request\edit_overtime_request_widget.dart:913:35 - undefined_named_parameter
  error - The named parameter 'isOverButton' isn't defined - lib\overtime\edit_overtime_request\edit_overtime_request_widget.dart:914:35 - undefined_named_parameter
  error - The named parameter 'isSearchable' isn't defined - lib\overtime\edit_overtime_request\edit_overtime_request_widget.dart:915:35 - undefined_named_parameter
  error - The named parameter 'isMultiSelect' isn't defined - lib\overtime\edit_overtime_request\edit_overtime_request_widget.dart:916:35 - undefined_named_parameter
  error - A function body must be provided - lib\overtime\edit_overtime_request\edit_overtime_request_widget.dart:920:28 - missing_function_body
  error - Expected a method, getter, setter or operator declaration - lib\overtime\edit_overtime_request\edit_overtime_request_widget.dart:920:28 - expected_executable
  error - Expected a method, getter, setter or operator declaration - lib\overtime\edit_overtime_request\edit_overtime_request_widget.dart:921:25 - expected_executable
  error - Expected a method, getter, setter or operator declaration - lib\overtime\edit_overtime_request\edit_overtime_request_widget.dart:921:26 - expected_executable
  error - Expected a method, getter, setter or operator declaration - lib\overtime\edit_overtime_request\edit_overtime_request_widget.dart:922:23 - expected_executable
  error - Expected a method, getter, setter or operator declaration - lib\overtime\edit_overtime_request\edit_overtime_request_widget.dart:922:24 - expected_executable
  error - Expected a method, getter, setter or operator declaration - lib\overtime\edit_overtime_request\edit_overtime_request_widget.dart:923:21 - expected_executable
  error - Expected a method, getter, setter or operator declaration - lib\overtime\edit_overtime_request\edit_overtime_request_widget.dart:923:22 - expected_executable
  error - The name 'Row' is already defined - lib\overtime\edit_overtime_request\edit_overtime_request_widget.dart:924:21 - duplicate_definition
  error - Named parameters must be enclosed in curly braces ('{' and '}') - lib\overtime\edit_overtime_request\edit_overtime_request_widget.dart:925:35 - named_parameter_outside_group
  error - Using a colon as the separator before a default value is no longer supported - lib\overtime\edit_overtime_request\edit_overtime_request_widget.dart:925:35 - obsolete_colon_for_default_value
  error - Named parameters must be enclosed in curly braces ('{' and '}') - lib\overtime\edit_overtime_request\edit_overtime_request_widget.dart:926:31 - named_parameter_outside_group
  error - Using a colon as the separator before a default value is no longer supported - lib\overtime\edit_overtime_request\edit_overtime_request_widget.dart:926:31 - obsolete_colon_for_default_value
  error - The default value of an optional parameter must be constant - lib\overtime\edit_overtime_request\edit_overtime_request_widget.dart:926:33 - non_constant_default_value
  error - 1 positional argument expected by 'Padding', but 0 found - lib\overtime\edit_overtime_request\edit_overtime_request_widget.dart:936:35 - not_enough_positional_arguments
  error - Undefined name 'FFLocalizations' - lib\overtime\edit_overtime_request\edit_overtime_request_widget.dart:939:37 - undefined_identifier
  error - Undefined name 'context' - lib\overtime\edit_overtime_request\edit_overtime_request_widget.dart:939:56 - undefined_identifier
  error - Undefined name 'context' - lib\overtime\edit_overtime_request\edit_overtime_request_widget.dart:943:53 - undefined_identifier
  error - Undefined name 'context' - lib\overtime\edit_overtime_request\edit_overtime_request_widget.dart:946:58 - undefined_identifier
  error - Undefined name 'context' - lib\overtime\edit_overtime_request\edit_overtime_request_widget.dart:949:58 - undefined_identifier
  error - The named parameter 'color' isn't defined - lib\overtime\edit_overtime_request\edit_overtime_request_widget.dart:952:43 - undefined_named_parameter
  error - Undefined name 'context' - lib\overtime\edit_overtime_request\edit_overtime_request_widget.dart:952:59 - undefined_identifier
  error - The named parameter 'letterSpacing' isn't defined - lib\overtime\edit_overtime_request\edit_overtime_request_widget.dart:953:43 - undefined_named_parameter
  error - The named parameter 'fontWeight' isn't defined - lib\overtime\edit_overtime_request\edit_overtime_request_widget.dart:954:43 - undefined_named_parameter
  error - Undefined name 'context' - lib\overtime\edit_overtime_request\edit_overtime_request_widget.dart:955:56 - undefined_identifier
  error - The named parameter 'fontStyle' isn't defined - lib\overtime\edit_overtime_request\edit_overtime_request_widget.dart:957:43 - undefined_named_parameter
  error - Undefined name 'context' - lib\overtime\edit_overtime_request\edit_overtime_request_widget.dart:958:56 - undefined_identifier
  error - Expected to find ']' - lib\overtime\edit_overtime_request\edit_overtime_request_widget.dart:963:31 - expected_token
  error - Too many positional arguments: 0 expected, but 1 found - lib\overtime\edit_overtime_request\edit_overtime_request_widget.dart:964:31 - extra_positional_arguments
  error - 1 positional argument expected by 'Padding', but 0 found - lib\overtime\edit_overtime_request\edit_overtime_request_widget.dart:967:35 - not_enough_positional_arguments
  error - Undefined name '_model' - lib\overtime\edit_overtime_request\edit_overtime_request_widget.dart:972:51 - undefined_identifier
  error - Undefined name '_model' - lib\overtime\edit_overtime_request\edit_overtime_request_widget.dart:973:50 - undefined_identifier
  error - Undefined name 'context' - lib\overtime\edit_overtime_request\edit_overtime_request_widget.dart:977:62 - undefined_identifier
  error - Undefined name 'context' - lib\overtime\edit_overtime_request\edit_overtime_request_widget.dart:980:62 - undefined_identifier
  error - Undefined name 'context' - lib\overtime\edit_overtime_request\edit_overtime_request_widget.dart:983:62 - undefined_identifier
  error - The named parameter 'letterSpacing' isn't defined - lib\overtime\edit_overtime_request\edit_overtime_request_widget.dart:986:47 - undefined_named_parameter
  error - The named parameter 'fontWeight' isn't defined - lib\overtime\edit_overtime_request\edit_overtime_request_widget.dart:987:47 - undefined_named_parameter
  error - Undefined name 'context' - lib\overtime\edit_overtime_request\edit_overtime_request_widget.dart:988:60 - undefined_identifier
  error - The named parameter 'fontStyle' isn't defined - lib\overtime\edit_overtime_request\edit_overtime_request_widget.dart:990:47 - undefined_named_parameter
  error - Undefined name 'context' - lib\overtime\edit_overtime_request\edit_overtime_request_widget.dart:991:60 - undefined_identifier
  error - The named parameter 'hintStyle' isn't defined - lib\overtime\edit_overtime_request\edit_overtime_request_widget.dart:994:41 - undefined_named_parameter
  error - Undefined name 'context' - lib\overtime\edit_overtime_request\edit_overtime_request_widget.dart:994:61 - undefined_identifier
  error - Undefined name 'context' - lib\overtime\edit_overtime_request\edit_overtime_request_widget.dart:997:62 - undefined_identifier
  error - Undefined name 'context' - lib\overtime\edit_overtime_request\edit_overtime_request_widget.dart:1000:62 - undefined_identifier
  error - The named parameter 'letterSpacing' isn't defined - lib\overtime\edit_overtime_request\edit_overtime_request_widget.dart:1003:47 - undefined_named_parameter
  error - The named parameter 'fontWeight' isn't defined - lib\overtime\edit_overtime_request\edit_overtime_request_widget.dart:1004:47 - undefined_named_parameter
  error - Undefined name 'context' - lib\overtime\edit_overtime_request\edit_overtime_request_widget.dart:1005:60 - undefined_identifier
  error - The named parameter 'fontStyle' isn't defined - lib\overtime\edit_overtime_request\edit_overtime_request_widget.dart:1007:47 - undefined_named_parameter
  error - Undefined name 'context' - lib\overtime\edit_overtime_request\edit_overtime_request_widget.dart:1008:60 - undefined_identifier
  error - The named parameter 'enabledBorder' isn't defined - lib\overtime\edit_overtime_request\edit_overtime_request_widget.dart:1011:41 - undefined_named_parameter
  error - Undefined name 'context' - lib\overtime\edit_overtime_request\edit_overtime_request_widget.dart:1013:61 - undefined_identifier
  error - The named parameter 'focusedBorder' isn't defined - lib\overtime\edit_overtime_request\edit_overtime_request_widget.dart:1019:41 - undefined_named_parameter
  error - Undefined name 'context' - lib\overtime\edit_overtime_request\edit_overtime_request_widget.dart:1021:61 - undefined_identifier
  error - The named parameter 'errorBorder' isn't defined - lib\overtime\edit_overtime_request\edit_overtime_request_widget.dart:1027:41 - undefined_named_parameter
  error - Undefined name 'context' - lib\overtime\edit_overtime_request\edit_overtime_request_widget.dart:1029:61 - undefined_identifier
  error - The named parameter 'focusedErrorBorder' isn't defined - lib\overtime\edit_overtime_request\edit_overtime_request_widget.dart:1035:41 - undefined_named_parameter
  error - Undefined name 'context' - lib\overtime\edit_overtime_request\edit_overtime_request_widget.dart:1037:61 - undefined_identifier
  error - The named parameter 'filled' isn't defined - lib\overtime\edit_overtime_request\edit_overtime_request_widget.dart:1043:41 - undefined_named_parameter
  error - The named parameter 'fillColor' isn't defined - lib\overtime\edit_overtime_request\edit_overtime_request_widget.dart:1044:41 - undefined_named_parameter
  error - Undefined name 'context' - lib\overtime\edit_overtime_request\edit_overtime_request_widget.dart:1044:61 - undefined_identifier
  error - The named parameter 'style' isn't defined - lib\overtime\edit_overtime_request\edit_overtime_request_widget.dart:1046:39 - undefined_named_parameter
  error - Undefined name 'context' - lib\overtime\edit_overtime_request\edit_overtime_request_widget.dart:1046:55 - undefined_identifier
  error - Undefined name 'context' - lib\overtime\edit_overtime_request\edit_overtime_request_widget.dart:1049:60 - undefined_identifier
  error - Undefined name 'context' - lib\overtime\edit_overtime_request\edit_overtime_request_widget.dart:1052:60 - undefined_identifier
  error - The named parameter 'color' isn't defined - lib\overtime\edit_overtime_request\edit_overtime_request_widget.dart:1055:45 - undefined_named_parameter
  error - Undefined name 'context' - lib\overtime\edit_overtime_request\edit_overtime_request_widget.dart:1055:61 - undefined_identifier
  error - The named parameter 'letterSpacing' isn't defined - lib\overtime\edit_overtime_request\edit_overtime_request_widget.dart:1056:45 - undefined_named_parameter
  error - The named parameter 'fontWeight' isn't defined - lib\overtime\edit_overtime_request\edit_overtime_request_widget.dart:1057:45 - undefined_named_parameter
  error - Undefined name 'context' - lib\overtime\edit_overtime_request\edit_overtime_request_widget.dart:1058:58 - undefined_identifier
  error - The named parameter 'fontStyle' isn't defined - lib\overtime\edit_overtime_request\edit_overtime_request_widget.dart:1060:45 - undefined_named_parameter
  error - Undefined name 'context' - lib\overtime\edit_overtime_request\edit_overtime_request_widget.dart:1061:58 - undefined_identifier
  error - The named parameter 'textAlign' isn't defined - lib\overtime\edit_overtime_request\edit_overtime_request_widget.dart:1064:39 - undefined_named_parameter
  error - The named parameter 'validator' isn't defined - lib\overtime\edit_overtime_request\edit_overtime_request_widget.dart:1065:39 - undefined_named_parameter
  error - Undefined name '_model' - lib\overtime\edit_overtime_request\edit_overtime_request_widget.dart:1065:50 - undefined_identifier
  error - Undefined name 'context' - lib\overtime\edit_overtime_request\edit_overtime_request_widget.dart:1066:56 - undefined_identifier
  error - Expected to find ']' - lib\overtime\edit_overtime_request\edit_overtime_request_widget.dart:1069:33 - expected_token
  error - A function body must be provided - lib\overtime\edit_overtime_request\edit_overtime_request_widget.dart:1069:34 - missing_function_body
  error - Expected a method, getter, setter or operator declaration - lib\overtime\edit_overtime_request\edit_overtime_request_widget.dart:1069:34 - expected_executable
  error - Expected a method, getter, setter or operator declaration - lib\overtime\edit_overtime_request\edit_overtime_request_widget.dart:1070:31 - expected_executable
  error - Expected a method, getter, setter or operator declaration - lib\overtime\edit_overtime_request\edit_overtime_request_widget.dart:1070:32 - expected_executable
  error - Expected a method, getter, setter or operator declaration - lib\overtime\edit_overtime_request\edit_overtime_request_widget.dart:1071:29 - expected_executable
  error - Expected a method, getter, setter or operator declaration - lib\overtime\edit_overtime_request\edit_overtime_request_widget.dart:1071:30 - expected_executable
  error - Expected a method, getter, setter or operator declaration - lib\overtime\edit_overtime_request\edit_overtime_request_widget.dart:1072:27 - expected_executable
  error - Expected a method, getter, setter or operator declaration - lib\overtime\edit_overtime_request\edit_overtime_request_widget.dart:1072:28 - expected_executable
  error - Expected a method, getter, setter or operator declaration - lib\overtime\edit_overtime_request\edit_overtime_request_widget.dart:1073:25 - expected_executable
  error - Expected a method, getter, setter or operator declaration - lib\overtime\edit_overtime_request\edit_overtime_request_widget.dart:1073:26 - expected_executable
  error - Expected a method, getter, setter or operator declaration - lib\overtime\edit_overtime_request\edit_overtime_request_widget.dart:1074:23 - expected_executable
  error - Expected a method, getter, setter or operator declaration - lib\overtime\edit_overtime_request\edit_overtime_request_widget.dart:1074:24 - expected_executable
  error - Expected a method, getter, setter or operator declaration - lib\overtime\edit_overtime_request\edit_overtime_request_widget.dart:1075:21 - expected_executable
  error - Expected a method, getter, setter or operator declaration - lib\overtime\edit_overtime_request\edit_overtime_request_widget.dart:1075:22 - expected_executable
  error - The name 'Padding' is already defined - lib\overtime\edit_overtime_request\edit_overtime_request_widget.dart:1076:21 - duplicate_definition
  error - Named parameters must be enclosed in curly braces ('{' and '}') - lib\overtime\edit_overtime_request\edit_overtime_request_widget.dart:1077:30 - named_parameter_outside_group
  error - Using a colon as the separator before a default value is no longer supported - lib\overtime\edit_overtime_request\edit_overtime_request_widget.dart:1077:30 - obsolete_colon_for_default_value
  error - The default value of an optional parameter must be constant - lib\overtime\edit_overtime_request\edit_overtime_request_widget.dart:1078:27 - non_constant_default_value
  error - Named parameters must be enclosed in curly braces ('{' and '}') - lib\overtime\edit_overtime_request\edit_overtime_request_widget.dart:1079:28 - named_parameter_outside_group
  error - Using a colon as the separator before a default value is no longer supported - lib\overtime\edit_overtime_request\edit_overtime_request_widget.dart:1079:28 - obsolete_colon_for_default_value
  error - The default value of an optional parameter must be constant - lib\overtime\edit_overtime_request\edit_overtime_request_widget.dart:1079:30 - non_constant_default_value
  error - 1 positional argument expected by 'Padding', but 0 found - lib\overtime\edit_overtime_request\edit_overtime_request_widget.dart:1085:31 - not_enough_positional_arguments
  error - Undefined name 'FFLocalizations' - lib\overtime\edit_overtime_request\edit_overtime_request_widget.dart:1088:33 - undefined_identifier
  error - Undefined name 'context' - lib\overtime\edit_overtime_request\edit_overtime_request_widget.dart:1088:52 - undefined_identifier
  error - Undefined name 'context' - lib\overtime\edit_overtime_request\edit_overtime_request_widget.dart:1091:49 - undefined_identifier
  error - Undefined name 'context' - lib\overtime\edit_overtime_request\edit_overtime_request_widget.dart:1093:108 - undefined_identifier
  error - Undefined name 'context' - lib\overtime\edit_overtime_request\edit_overtime_request_widget.dart:1095:61 - undefined_identifier
  error - The named parameter 'color' isn't defined - lib\overtime\edit_overtime_request\edit_overtime_request_widget.dart:1098:39 - undefined_named_parameter
  error - Undefined name 'context' - lib\overtime\edit_overtime_request\edit_overtime_request_widget.dart:1098:55 - undefined_identifier
  error - The named parameter 'letterSpacing' isn't defined - lib\overtime\edit_overtime_request\edit_overtime_request_widget.dart:1099:39 - undefined_named_parameter
  error - The named parameter 'fontWeight' isn't defined - lib\overtime\edit_overtime_request\edit_overtime_request_widget.dart:1100:39 - undefined_named_parameter
  error - Undefined name 'context' - lib\overtime\edit_overtime_request\edit_overtime_request_widget.dart:1100:60 - undefined_identifier
  error - The named parameter 'fontStyle' isn't defined - lib\overtime\edit_overtime_request\edit_overtime_request_widget.dart:1102:39 - undefined_named_parameter
  error - Undefined name 'context' - lib\overtime\edit_overtime_request\edit_overtime_request_widget.dart:1102:59 - undefined_identifier
  error - Expected to find ']' - lib\overtime\edit_overtime_request\edit_overtime_request_widget.dart:1107:27 - expected_token
  error - Named parameters must be enclosed in curly braces ('{' and '}') - lib\overtime\edit_overtime_request\edit_overtime_request_widget.dart:1109:36 - named_parameter_outside_group
  error - Using a colon as the separator before a default value is no longer supported - lib\overtime\edit_overtime_request\edit_overtime_request_widget.dart:1109:36 - obsolete_colon_for_default_value
  error - Named parameters must be enclosed in curly braces ('{' and '}') - lib\overtime\edit_overtime_request\edit_overtime_request_widget.dart:1111:34 - named_parameter_outside_group
  error - Using a colon as the separator before a default value is no longer supported - lib\overtime\edit_overtime_request\edit_overtime_request_widget.dart:1111:34 - obsolete_colon_for_default_value
  error - The named parameter 'mainAxisAlignment' isn't defined - lib\overtime\edit_overtime_request\edit_overtime_request_widget.dart:1113:31 - undefined_named_parameter
  error - Undefined name 'context' - lib\overtime\edit_overtime_request\edit_overtime_request_widget.dart:1124:50 - undefined_identifier
  error - Undefined name 'context' - lib\overtime\edit_overtime_request\edit_overtime_request_widget.dart:1130:66 - undefined_identifier
  error - The function 'safeSetState' isn't defined - lib\overtime\edit_overtime_request\edit_overtime_request_widget.dart:1131:41 - undefined_function
  error - Undefined name '_model' - lib\overtime\edit_overtime_request\edit_overtime_request_widget.dart:1131:60 - undefined_identifier
  error - Undefined name '_model' - lib\overtime\edit_overtime_request\edit_overtime_request_widget.dart:1151:43 - undefined_identifier
  error - The function 'safeSetState' isn't defined - lib\overtime\edit_overtime_request\edit_overtime_request_widget.dart:1156:43 - undefined_function
  error - Undefined name '_model' - lib\overtime\edit_overtime_request\edit_overtime_request_widget.dart:1157:45 - undefined_identifier
  error - The function 'safeSetState' isn't defined - lib\overtime\edit_overtime_request\edit_overtime_request_widget.dart:1161:43 - undefined_function
  error - Undefined name '_model' - lib\overtime\edit_overtime_request\edit_overtime_request_widget.dart:1166:44 - undefined_identifier
  error - Undefined name '_model' - lib\overtime\edit_overtime_request\edit_overtime_request_widget.dart:1169:41 - undefined_identifier
  error - The named parameter 'file' isn't defined - lib\overtime\edit_overtime_request\edit_overtime_request_widget.dart:1171:43 - undefined_named_parameter
  error - Undefined name '_model' - lib\overtime\edit_overtime_request\edit_overtime_request_widget.dart:1171:49 - undefined_identifier
  error - Undefined name '_model' - lib\overtime\edit_overtime_request\edit_overtime_request_widget.dart:1175:41 - undefined_identifier
  error - The method 'imgURL' isn't defined for the type 'GetCheckInImageURLCall' - lib\overtime\edit_overtime_request\edit_overtime_request_widget.dart:1176:68 - undefined_method
  error - Undefined name '_model' - lib\overtime\edit_overtime_request\edit_overtime_request_widget.dart:1177:44 - undefined_identifier
  error - The function 'safeSetState' isn't defined - lib\overtime\edit_overtime_request\edit_overtime_request_widget.dart:1181:41 - undefined_function
  error - The function 'safeSetState' isn't defined - lib\overtime\edit_overtime_request\edit_overtime_request_widget.dart:1184:39 - undefined_function
  error - Undefined name '_model' - lib\overtime\edit_overtime_request\edit_overtime_request_widget.dart:1195:45 - undefined_identifier
  error - Undefined name 'context' - lib\overtime\edit_overtime_request\edit_overtime_request_widget.dart:1200:59 - undefined_identifier
  error - Undefined name 'FFLocalizations' - lib\overtime\edit_overtime_request\edit_overtime_request_widget.dart:1226:47 - undefined_identifier
  error - Undefined name 'context' - lib\overtime\edit_overtime_request\edit_overtime_request_widget.dart:1226:66 - undefined_identifier
  error - Undefined name 'context' - lib\overtime\edit_overtime_request\edit_overtime_request_widget.dart:1230:63 - undefined_identifier
  error - Undefined name 'context' - lib\overtime\edit_overtime_request\edit_overtime_request_widget.dart:1233:68 - undefined_identifier
  error - Undefined name 'context' - lib\overtime\edit_overtime_request\edit_overtime_request_widget.dart:1236:68 - undefined_identifier
  error - The named parameter 'color' isn't defined - lib\overtime\edit_overtime_request\edit_overtime_request_widget.dart:1239:53 - undefined_named_parameter
  error - Undefined name 'context' - lib\overtime\edit_overtime_request\edit_overtime_request_widget.dart:1239:69 - undefined_identifier
  error - The named parameter 'letterSpacing' isn't defined - lib\overtime\edit_overtime_request\edit_overtime_request_widget.dart:1240:53 - undefined_named_parameter
  error - The named parameter 'fontWeight' isn't defined - lib\overtime\edit_overtime_request\edit_overtime_request_widget.dart:1241:53 - undefined_named_parameter
  error - Undefined name 'context' - lib\overtime\edit_overtime_request\edit_overtime_request_widget.dart:1242:66 - undefined_identifier
  error - The named parameter 'fontStyle' isn't defined - lib\overtime\edit_overtime_request\edit_overtime_request_widget.dart:1244:53 - undefined_named_parameter
  error - Undefined name 'context' - lib\overtime\edit_overtime_request\edit_overtime_request_widget.dart:1245:66 - undefined_identifier
  error - Expected an identifier - lib\overtime\edit_overtime_request\edit_overtime_request_widget.dart:1248:45 - missing_identifier
  error - Expected to find ']' - lib\overtime\edit_overtime_request\edit_overtime_request_widget.dart:1248:45 - expected_token
  error - Expected an identifier - lib\overtime\edit_overtime_request\edit_overtime_request_widget.dart:1258:25 - missing_identifier
  error - Expected to find ')' - lib\overtime\edit_overtime_request\edit_overtime_request_widget.dart:1258:25 - expected_token
  error - A function body must be provided - lib\overtime\edit_overtime_request\edit_overtime_request_widget.dart:1259:24 - missing_function_body
  error - Expected a method, getter, setter or operator declaration - lib\overtime\edit_overtime_request\edit_overtime_request_widget.dart:1259:24 - expected_executable
  error - Expected a method, getter, setter or operator declaration - lib\overtime\edit_overtime_request\edit_overtime_request_widget.dart:1260:21 - expected_executable
  error - Expected a method, getter, setter or operator declaration - lib\overtime\edit_overtime_request\edit_overtime_request_widget.dart:1260:22 - expected_executable
  error - The name 'Container' is already defined - lib\overtime\edit_overtime_request\edit_overtime_request_widget.dart:1261:21 - duplicate_definition
  error - Named parameters must be enclosed in curly braces ('{' and '}') - lib\overtime\edit_overtime_request\edit_overtime_request_widget.dart:1262:28 - named_parameter_outside_group
  error - Using a colon as the separator before a default value is no longer supported - lib\overtime\edit_overtime_request\edit_overtime_request_widget.dart:1262:28 - obsolete_colon_for_default_value
  error - Named parameters must be enclosed in curly braces ('{' and '}') - lib\overtime\edit_overtime_request\edit_overtime_request_widget.dart:1263:29 - named_parameter_outside_group
  error - Using a colon as the separator before a default value is no longer supported - lib\overtime\edit_overtime_request\edit_overtime_request_widget.dart:1263:29 - obsolete_colon_for_default_value
  error - Named parameters must be enclosed in curly braces ('{' and '}') - lib\overtime\edit_overtime_request\edit_overtime_request_widget.dart:1264:33 - named_parameter_outside_group
  error - Using a colon as the separator before a default value is no longer supported - lib\overtime\edit_overtime_request\edit_overtime_request_widget.dart:1264:33 - obsolete_colon_for_default_value
  error - The default value of an optional parameter must be constant - lib\overtime\edit_overtime_request\edit_overtime_request_widget.dart:1264:35 - non_constant_default_value
  error - Undefined name 'context' - lib\overtime\edit_overtime_request\edit_overtime_request_widget.dart:1265:41 - undefined_identifier
  error - The getter 'secondaryBackground' isn't defined for the type 'ColorScheme' - lib\overtime\edit_overtime_request\edit_overtime_request_widget.dart:1265:62 - undefined_getter
  error - Named parameters must be enclosed in curly braces ('{' and '}') - lib\overtime\edit_overtime_request\edit_overtime_request_widget.dart:1267:28 - named_parameter_outside_group
  error - Using a colon as the separator before a default value is no longer supported - lib\overtime\edit_overtime_request\edit_overtime_request_widget.dart:1267:28 - obsolete_colon_for_default_value
  error - The default value of an optional parameter must be constant - lib\overtime\edit_overtime_request\edit_overtime_request_widget.dart:1267:30 - non_constant_default_value
  error - Undefined name '_model' - lib\overtime\edit_overtime_request\edit_overtime_request_widget.dart:1271:35 - undefined_identifier
  error - 1 positional argument expected by 'Padding', but 0 found - lib\overtime\edit_overtime_request\edit_overtime_request_widget.dart:1283:33 - not_enough_positional_arguments
  error - 1 positional argument expected by 'Padding', but 0 found - lib\overtime\edit_overtime_request\edit_overtime_request_widget.dart:1297:45 - not_enough_positional_arguments
  error - The method 'toMap' isn't defined for the type 'String' - lib\overtime\edit_overtime_request\edit_overtime_request_widget.dart:1305:69 - undefined_method
  error - Undefined name '_model' - lib\overtime\edit_overtime_request\edit_overtime_request_widget.dart:1324:49 - undefined_identifier
  error - The method 'toMap' isn't defined for the type 'String' - lib\overtime\edit_overtime_request\edit_overtime_request_widget.dart:1327:69 - undefined_method
  error - The function 'safeSetState' isn't defined - lib\overtime\edit_overtime_request\edit_overtime_request_widget.dart:1330:49 - undefined_function
   info - 'solidTimesCircle' is deprecated and shouldn't be used. Use "solidCircleXmark" instead - lib\overtime\edit_overtime_request\edit_overtime_request_widget.dart:1334:54 - deprecated_member_use
  error - A function body must be provided - lib\overtime\edit_overtime_request\edit_overtime_request_widget.dart:1350:22 - missing_function_body
  error - Expected a method, getter, setter or operator declaration - lib\overtime\edit_overtime_request\edit_overtime_request_widget.dart:1350:22 - expected_executable
  error - Named parameters must be enclosed in curly braces ('{' and '}') - lib\overtime\edit_overtime_request\edit_overtime_request_widget.dart:1352:32 - named_parameter_outside_group
  error - Using a colon as the separator before a default value is no longer supported - lib\overtime\edit_overtime_request\edit_overtime_request_widget.dart:1352:32 - obsolete_colon_for_default_value
  error - The default value of an optional parameter must be constant - lib\overtime\edit_overtime_request\edit_overtime_request_widget.dart:1352:34 - non_constant_default_value
  error - Named parameters must be enclosed in curly braces ('{' and '}') - lib\overtime\edit_overtime_request\edit_overtime_request_widget.dart:1353:28 - named_parameter_outside_group
  error - Using a colon as the separator before a default value is no longer supported - lib\overtime\edit_overtime_request\edit_overtime_request_widget.dart:1353:28 - obsolete_colon_for_default_value
  error - Methods can't be invoked in constant expressions - lib\overtime\edit_overtime_request\edit_overtime_request_widget.dart:1353:30 - const_eval_method_invocation
  error - 1 positional argument expected by 'Padding', but 0 found - lib\overtime\edit_overtime_request\edit_overtime_request_widget.dart:1354:25 - not_enough_positional_arguments
  error - The function 'AppButton' isn't defined - lib\overtime\edit_overtime_request\edit_overtime_request_widget.dart:1356:32 - undefined_function
  error - Undefined name '_model' - lib\overtime\edit_overtime_request\edit_overtime_request_widget.dart:1358:29 - undefined_identifier
  error - The getter 'updateOTRequestCall' isn't defined for the type 'MainGroup' - lib\overtime\edit_overtime_request\edit_overtime_request_widget.dart:1359:49 - undefined_getter
  error - Undefined name 'widget' - lib\overtime\edit_overtime_request\edit_overtime_request_widget.dart:1362:33 - undefined_identifier
  error - Undefined name '_model' - lib\overtime\edit_overtime_request\edit_overtime_request_widget.dart:1365:42 - undefined_identifier
  error - Undefined name '_model' - lib\overtime\edit_overtime_request\edit_overtime_request_widget.dart:1366:40 - undefined_identifier
  error - Undefined name '_model' - lib\overtime\edit_overtime_request\edit_overtime_request_widget.dart:1367:44 - undefined_identifier
  error - Undefined name '_model' - lib\overtime\edit_overtime_request\edit_overtime_request_widget.dart:1368:42 - undefined_identifier
  error - The function 'dateTimeFormat' isn't defined - lib\overtime\edit_overtime_request\edit_overtime_request_widget.dart:1369:48 - undefined_function
  error - Undefined name 'getCurrentTimestamp' - lib\overtime\edit_overtime_request\edit_overtime_request_widget.dart:1371:33 - undefined_identifier
  error - Undefined name 'FFLocalizations' - lib\overtime\edit_overtime_request\edit_overtime_request_widget.dart:1373:37 - undefined_identifier
  error - Undefined name 'context' - lib\overtime\edit_overtime_request\edit_overtime_request_widget.dart:1373:56 - undefined_identifier
  error - Undefined name '_model' - lib\overtime\edit_overtime_request\edit_overtime_request_widget.dart:1375:42 - undefined_identifier
  error - Undefined name 'widget' - lib\overtime\edit_overtime_request\edit_overtime_request_widget.dart:1378:33 - undefined_identifier
  error - Undefined name '_model' - lib\overtime\edit_overtime_request\edit_overtime_request_widget.dart:1383:39 - undefined_identifier
  error - The method 'toMap' isn't defined for the type 'String' - lib\overtime\edit_overtime_request\edit_overtime_request_widget.dart:1384:49 - undefined_method
  error - The function 'AppState' isn't defined - lib\overtime\edit_overtime_request\edit_overtime_request_widget.dart:1386:38 - undefined_function
  error - The function 'valueOrDefault' isn't defined - lib\overtime\edit_overtime_request\edit_overtime_request_widget.dart:1387:40 - undefined_function
  error - Undefined name '_model' - lib\overtime\edit_overtime_request\edit_overtime_request_widget.dart:1388:34 - undefined_identifier
  error - Undefined name '_model' - lib\overtime\edit_overtime_request\edit_overtime_request_widget.dart:1389:42 - undefined_identifier
  error - The function 'dateTimeFormat' isn't defined - lib\overtime\edit_overtime_request\edit_overtime_request_widget.dart:1391:41 - undefined_function
  error - Undefined name '_model' - lib\overtime\edit_overtime_request\edit_overtime_request_widget.dart:1393:43 - undefined_identifier
  error - Undefined name 'FFLocalizations' - lib\overtime\edit_overtime_request\edit_overtime_request_widget.dart:1394:51 - undefined_identifier
  error - Undefined name 'context' - lib\overtime\edit_overtime_request\edit_overtime_request_widget.dart:1394:70 - undefined_identifier
  error - The function 'dateTimeFormat' isn't defined - lib\overtime\edit_overtime_request\edit_overtime_request_widget.dart:1397:41 - undefined_function
  error - Undefined name '_model' - lib\overtime\edit_overtime_request\edit_overtime_request_widget.dart:1399:43 - undefined_identifier
  error - Undefined name 'FFLocalizations' - lib\overtime\edit_overtime_request\edit_overtime_request_widget.dart:1400:51 - undefined_identifier
  error - Undefined name 'context' - lib\overtime\edit_overtime_request\edit_overtime_request_widget.dart:1400:70 - undefined_identifier
  error - Undefined name 'widget' - lib\overtime\edit_overtime_request\edit_overtime_request_widget.dart:1404:41 - undefined_identifier
  error - Undefined name '_model' - lib\overtime\edit_overtime_request\edit_overtime_request_widget.dart:1413:36 - undefined_identifier
  error - Undefined name 'context' - lib\overtime\edit_overtime_request\edit_overtime_request_widget.dart:1417:42 - undefined_identifier
  error - The function 'WebViewAware' isn't defined - lib\overtime\edit_overtime_request\edit_overtime_request_widget.dart:1419:42 - undefined_function
  error - Undefined name '_model' - lib\overtime\edit_overtime_request\edit_overtime_request_widget.dart:1423:42 - undefined_identifier
  error - Undefined name 'context' - lib\overtime\edit_overtime_request\edit_overtime_request_widget.dart:1439:44 - undefined_identifier
  error - Undefined name 'context' - lib\overtime\edit_overtime_request\edit_overtime_request_widget.dart:1442:42 - undefined_identifier
  error - The function 'WebViewAware' isn't defined - lib\overtime\edit_overtime_request\edit_overtime_request_widget.dart:1444:42 - undefined_function
  error - Undefined name '_model' - lib\overtime\edit_overtime_request\edit_overtime_request_widget.dart:1448:42 - undefined_identifier
  error - The function 'safeSetState' isn't defined - lib\overtime\edit_overtime_request\edit_overtime_request_widget.dart:1465:29 - undefined_function
  error - Undefined name 'FFLocalizations' - lib\overtime\edit_overtime_request\edit_overtime_request_widget.dart:1467:33 - undefined_identifier
  error - Undefined name 'context' - lib\overtime\edit_overtime_request\edit_overtime_request_widget.dart:1467:52 - undefined_identifier
  error - The function 'FFButtonOptions' isn't defined - lib\overtime\edit_overtime_request\edit_overtime_request_widget.dart:1470:36 - undefined_function
  error - Undefined name 'context' - lib\overtime\edit_overtime_request\edit_overtime_request_widget.dart:1478:49 - undefined_identifier
  error - Undefined name 'context' - lib\overtime\edit_overtime_request\edit_overtime_request_widget.dart:1480:104 - undefined_identifier
  error - Undefined name 'context' - lib\overtime\edit_overtime_request\edit_overtime_request_widget.dart:1482:57 - undefined_identifier
  error - Undefined name 'context' - lib\overtime\edit_overtime_request\edit_overtime_request_widget.dart:1487:56 - undefined_identifier
  error - Undefined name 'context' - lib\overtime\edit_overtime_request\edit_overtime_request_widget.dart:1489:55 - undefined_identifier
  error - A function body must be provided - lib\overtime\edit_overtime_request\edit_overtime_request_widget.dart:1500:24 - missing_function_body
  error - Expected a method, getter, setter or operator declaration - lib\overtime\edit_overtime_request\edit_overtime_request_widget.dart:1500:24 - expected_executable
  error - Expected a method, getter, setter or operator declaration - lib\overtime\edit_overtime_request\edit_overtime_request_widget.dart:1501:21 - expected_executable
  error - Expected a method, getter, setter or operator declaration - lib\overtime\edit_overtime_request\edit_overtime_request_widget.dart:1501:22 - expected_executable
  error - Expected a method, getter, setter or operator declaration - lib\overtime\edit_overtime_request\edit_overtime_request_widget.dart:1502:19 - expected_executable
  error - Expected a method, getter, setter or operator declaration - lib\overtime\edit_overtime_request\edit_overtime_request_widget.dart:1502:20 - expected_executable
  error - Expected a method, getter, setter or operator declaration - lib\overtime\edit_overtime_request\edit_overtime_request_widget.dart:1503:17 - expected_executable
  error - Expected a method, getter, setter or operator declaration - lib\overtime\edit_overtime_request\edit_overtime_request_widget.dart:1503:18 - expected_executable
  error - Expected a method, getter, setter or operator declaration - lib\overtime\edit_overtime_request\edit_overtime_request_widget.dart:1504:15 - expected_executable
  error - Expected a method, getter, setter or operator declaration - lib\overtime\edit_overtime_request\edit_overtime_request_widget.dart:1504:16 - expected_executable
  error - Expected a method, getter, setter or operator declaration - lib\overtime\edit_overtime_request\edit_overtime_request_widget.dart:1505:13 - expected_executable
  error - Expected a method, getter, setter or operator declaration - lib\overtime\edit_overtime_request\edit_overtime_request_widget.dart:1505:14 - expected_executable
  error - Expected a method, getter, setter or operator declaration - lib\overtime\edit_overtime_request\edit_overtime_request_widget.dart:1506:11 - expected_executable
  error - Expected a method, getter, setter or operator declaration - lib\overtime\edit_overtime_request\edit_overtime_request_widget.dart:1506:12 - expected_executable
  error - Expected a method, getter, setter or operator declaration - lib\overtime\edit_overtime_request\edit_overtime_request_widget.dart:1507:9 - expected_executable
  error - Expected a method, getter, setter or operator declaration - lib\overtime\edit_overtime_request\edit_overtime_request_widget.dart:1507:10 - expected_executable
  error - Expected a method, getter, setter or operator declaration - lib\overtime\edit_overtime_request\edit_overtime_request_widget.dart:1508:7 - expected_executable
  error - Expected a method, getter, setter or operator declaration - lib\overtime\edit_overtime_request\edit_overtime_request_widget.dart:1508:8 - expected_executable
  error - Expected a method, getter, setter or operator declaration - lib\overtime\edit_overtime_request\edit_overtime_request_widget.dart:1509:5 - expected_executable
  error - Unexpected text ';' - lib\overtime\edit_overtime_request\edit_overtime_request_widget.dart:1509:6 - unexpected_token
  error - Expected a method, getter, setter or operator declaration - lib\overtime\edit_overtime_request\edit_overtime_request_widget.dart:1510:3 - expected_executable
  error - Expected a method, getter, setter or operator declaration - lib\overtime\edit_overtime_request\edit_overtime_request_widget.dart:1511:1 - expected_executable
warning - Unused import: 'package:provider/provider.dart' - lib\overtime\overtime\overtime_widget.dart:18:8 - unused_import
   info - 'plusCircle' is deprecated and shouldn't be used. Use "circlePlus" instead - lib\overtime\overtime\overtime_widget.dart:255:36 - deprecated_member_use
  error - The getter 'fontFamily' isn't defined for the type 'ThemeData' - lib\overtime\overtime\overtime_widget.dart:328:79 - undefined_getter
  error - The getter 'fontFamily' isn't defined for the type 'ThemeData' - lib\overtime\overtime\overtime_widget.dart:364:77 - undefined_getter
  error - The getter 'fontFamily' isn't defined for the type 'ThemeData' - lib\overtime\overtime\overtime_widget.dart:393:77 - undefined_getter
  error - The getter 'fontFamily' isn't defined for the type 'ThemeData' - lib\overtime\overtime\overtime_widget.dart:431:79 - undefined_getter
  error - The getter 'fontFamily' isn't defined for the type 'ThemeData' - lib\overtime\overtime\overtime_widget.dart:470:79 - undefined_getter
  error - The argument type 'TextStyle' can't be assigned to the parameter type 'String?'.  - lib\overtime\overtime\overtime_widget.dart:525:77 - argument_type_not_assignable
  error - The argument type 'TextStyle' can't be assigned to the parameter type 'String?'.  - lib\overtime\overtime\overtime_widget.dart:563:77 - argument_type_not_assignable
  error - The argument type 'TextStyle' can't be assigned to the parameter type 'String?'.  - lib\overtime\overtime\overtime_widget.dart:618:77 - argument_type_not_assignable
  error - The argument type 'TextStyle' can't be assigned to the parameter type 'String?'.  - lib\overtime\overtime\overtime_widget.dart:656:77 - argument_type_not_assignable
  error - The getter 'fontFamily' isn't defined for the type 'ThemeData' - lib\overtime\overtime\overtime_widget.dart:715:79 - undefined_getter
  error - The argument type 'TextStyle' can't be assigned to the parameter type 'String?'.  - lib\overtime\overtime\overtime_widget.dart:761:77 - argument_type_not_assignable
  error - The getter 'fontFamily' isn't defined for the type 'ThemeData' - lib\overtime\overtime\overtime_widget.dart:887:79 - undefined_getter
  error - The getter 'fontFamily' isn't defined for the type 'ThemeData' - lib\overtime\overtime\overtime_widget.dart:952:67 - undefined_getter
  error - The getter 'fontFamily' isn't defined for the type 'ThemeData' - lib\overtime\overtime\overtime_widget.dart:1133:79 - undefined_getter
  error - The getter 'fontFamily' isn't defined for the type 'ThemeData' - lib\overtime\overtime\overtime_widget.dart:1175:77 - undefined_getter
  error - The getter 'fontFamily' isn't defined for the type 'ThemeData' - lib\overtime\overtime\overtime_widget.dart:1215:79 - undefined_getter
  error - The getter 'fontFamily' isn't defined for the type 'ThemeData' - lib\overtime\overtime\overtime_widget.dart:1257:77 - undefined_getter
  error - The argument type 'TextStyle' can't be assigned to the parameter type 'String?'.  - lib\overtime\overtime\overtime_widget.dart:1381:77 - argument_type_not_assignable
  error - The argument type 'TextStyle' can't be assigned to the parameter type 'String?'.  - lib\overtime\overtime\overtime_widget.dart:1531:77 - argument_type_not_assignable
  error - The argument type 'TextStyle' can't be assigned to the parameter type 'String?'.  - lib\overtime\overtime\overtime_widget.dart:1603:77 - argument_type_not_assignable
  error - The argument type 'TextStyle' can't be assigned to the parameter type 'String?'.  - lib\overtime\overtime\overtime_widget.dart:1668:77 - argument_type_not_assignable
  error - The argument type 'TextStyle' can't be assigned to the parameter type 'String?'.  - lib\overtime\overtime\overtime_widget.dart:1730:77 - argument_type_not_assignable
  error - The argument type 'TextStyle' can't be assigned to the parameter type 'String?'.  - lib\overtime\overtime\overtime_widget.dart:1781:77 - argument_type_not_assignable
  error - The argument type 'TextStyle' can't be assigned to the parameter type 'String?'.  - lib\overtime\overtime\overtime_widget.dart:1830:77 - argument_type_not_assignable
  error - The argument type 'TextStyle' can't be assigned to the parameter type 'String?'.  - lib\overtime\overtime\overtime_widget.dart:1875:77 - argument_type_not_assignable
  error - The argument type 'TextStyle' can't be assigned to the parameter type 'String?'.  - lib\overtime\overtime\overtime_widget.dart:1930:77 - argument_type_not_assignable
  error - The argument type 'TextStyle' can't be assigned to the parameter type 'String?'.  - lib\overtime\overtime\overtime_widget.dart:1971:77 - argument_type_not_assignable
  error - The argument type 'TextStyle' can't be assigned to the parameter type 'String?'.  - lib\overtime\overtime\overtime_widget.dart:2103:77 - argument_type_not_assignable
  error - The argument type 'TextStyle' can't be assigned to the parameter type 'String?'.  - lib\overtime\overtime\overtime_widget.dart:2159:77 - argument_type_not_assignable
  error - The argument type 'TextStyle' can't be assigned to the parameter type 'String?'.  - lib\overtime\overtime\overtime_widget.dart:2219:77 - argument_type_not_assignable
  error - The argument type 'TextStyle' can't be assigned to the parameter type 'String?'.  - lib\overtime\overtime\overtime_widget.dart:2275:77 - argument_type_not_assignable
  error - The argument type 'TextStyle' can't be assigned to the parameter type 'String?'.  - lib\overtime\overtime\overtime_widget.dart:2351:77 - argument_type_not_assignable
  error - The argument type 'TextStyle' can't be assigned to the parameter type 'String?'.  - lib\overtime\overtime\overtime_widget.dart:2389:77 - argument_type_not_assignable
  error - The argument type 'TextStyle' can't be assigned to the parameter type 'String?'.  - lib\overtime\overtime\overtime_widget.dart:2447:77 - argument_type_not_assignable
  error - The getter 'fontFamily' isn't defined for the type 'ThemeData' - lib\overtime\overtime\overtime_widget.dart:2608:79 - undefined_getter
  error - The argument type 'TextStyle' can't be assigned to the parameter type 'String?'.  - lib\overtime\overtime\overtime_widget.dart:2734:77 - argument_type_not_assignable
  error - The argument type 'TextStyle' can't be assigned to the parameter type 'String?'.  - lib\overtime\overtime\overtime_widget.dart:2877:77 - argument_type_not_assignable
  error - The argument type 'TextStyle' can't be assigned to the parameter type 'String?'.  - lib\overtime\overtime\overtime_widget.dart:2949:77 - argument_type_not_assignable
  error - The argument type 'TextStyle' can't be assigned to the parameter type 'String?'.  - lib\overtime\overtime\overtime_widget.dart:3014:77 - argument_type_not_assignable
  error - The argument type 'TextStyle' can't be assigned to the parameter type 'String?'.  - lib\overtime\overtime\overtime_widget.dart:3076:77 - argument_type_not_assignable
  error - The argument type 'TextStyle' can't be assigned to the parameter type 'String?'.  - lib\overtime\overtime\overtime_widget.dart:3127:77 - argument_type_not_assignable
  error - The argument type 'TextStyle' can't be assigned to the parameter type 'String?'.  - lib\overtime\overtime\overtime_widget.dart:3176:77 - argument_type_not_assignable
  error - The argument type 'TextStyle' can't be assigned to the parameter type 'String?'.  - lib\overtime\overtime\overtime_widget.dart:3221:77 - argument_type_not_assignable
  error - The argument type 'TextStyle' can't be assigned to the parameter type 'String?'.  - lib\overtime\overtime\overtime_widget.dart:3276:77 - argument_type_not_assignable
  error - The argument type 'TextStyle' can't be assigned to the parameter type 'String?'.  - lib\overtime\overtime\overtime_widget.dart:3317:77 - argument_type_not_assignable
  error - The argument type 'TextStyle' can't be assigned to the parameter type 'String?'.  - lib\overtime\overtime\overtime_widget.dart:3447:77 - argument_type_not_assignable
  error - The argument type 'TextStyle' can't be assigned to the parameter type 'String?'.  - lib\overtime\overtime\overtime_widget.dart:3503:77 - argument_type_not_assignable
  error - The argument type 'TextStyle' can't be assigned to the parameter type 'String?'.  - lib\overtime\overtime\overtime_widget.dart:3563:77 - argument_type_not_assignable
  error - The argument type 'TextStyle' can't be assigned to the parameter type 'String?'.  - lib\overtime\overtime\overtime_widget.dart:3619:77 - argument_type_not_assignable
  error - The getter 'fontFamily' isn't defined for the type 'ThemeData' - lib\overtime\overtime\overtime_widget.dart:3893:79 - undefined_getter
  error - The getter 'fontFamily' isn't defined for the type 'ThemeData' - lib\overtime\overtime\overtime_widget.dart:3935:77 - undefined_getter
  error - The getter 'fontFamily' isn't defined for the type 'ThemeData' - lib\overtime\overtime\overtime_widget.dart:3972:77 - undefined_getter
  error - The getter 'fontFamily' isn't defined for the type 'ThemeData' - lib\overtime\overtime\overtime_widget.dart:4012:77 - undefined_getter
  error - The getter 'fontFamily' isn't defined for the type 'ThemeData' - lib\overtime\overtime\overtime_widget.dart:4094:81 - undefined_getter
  error - The argument type 'TextStyle' can't be assigned to the parameter type 'String?'.  - lib\overtime\overtime\overtime_widget.dart:4227:77 - argument_type_not_assignable
  error - The argument type 'TextStyle' can't be assigned to the parameter type 'String?'.  - lib\overtime\overtime\overtime_widget.dart:4382:77 - argument_type_not_assignable
  error - The argument type 'TextStyle' can't be assigned to the parameter type 'String?'.  - lib\overtime\overtime\overtime_widget.dart:4437:77 - argument_type_not_assignable
  error - The argument type 'TextStyle' can't be assigned to the parameter type 'String?'.  - lib\overtime\overtime\overtime_widget.dart:4502:77 - argument_type_not_assignable
  error - The argument type 'TextStyle' can't be assigned to the parameter type 'String?'.  - lib\overtime\overtime\overtime_widget.dart:4564:77 - argument_type_not_assignable
  error - The argument type 'TextStyle' can't be assigned to the parameter type 'String?'.  - lib\overtime\overtime\overtime_widget.dart:4613:77 - argument_type_not_assignable
  error - The argument type 'TextStyle' can't be assigned to the parameter type 'String?'.  - lib\overtime\overtime\overtime_widget.dart:4667:77 - argument_type_not_assignable
  error - The argument type 'TextStyle' can't be assigned to the parameter type 'String?'.  - lib\overtime\overtime\overtime_widget.dart:4722:77 - argument_type_not_assignable
  error - The argument type 'TextStyle' can't be assigned to the parameter type 'String?'.  - lib\overtime\overtime\overtime_widget.dart:4763:77 - argument_type_not_assignable
  error - The argument type 'TextStyle' can't be assigned to the parameter type 'String?'.  - lib\overtime\overtime\overtime_widget.dart:4902:77 - argument_type_not_assignable
  error - The argument type 'TextStyle' can't be assigned to the parameter type 'String?'.  - lib\overtime\overtime\overtime_widget.dart:5010:77 - argument_type_not_assignable
  error - The argument type 'TextStyle' can't be assigned to the parameter type 'String?'.  - lib\overtime\overtime\overtime_widget.dart:5069:77 - argument_type_not_assignable
  error - The argument type 'TextStyle' can't be assigned to the parameter type 'String?'.  - lib\overtime\overtime\overtime_widget.dart:5132:77 - argument_type_not_assignable
  error - The argument type 'TextStyle' can't be assigned to the parameter type 'String?'.  - lib\overtime\overtime\overtime_widget.dart:5170:77 - argument_type_not_assignable
   info - 'WillPopScope' is deprecated and shouldn't be used. Use PopScope instead. The Android predictive back feature will not work with WillPopScope. This feature was deprecated after v3.12.0-1.0.pre - lib\overtime\overtime_detail\overtime_detail_widget.dart:68:14 - deprecated_member_use
  error - The argument type 'TextStyle' can't be assigned to the parameter type 'String?'.  - lib\overtime\overtime_detail\overtime_detail_widget.dart:237:81 - argument_type_not_assignable
  error - The argument type 'TextStyle' can't be assigned to the parameter type 'String?'.  - lib\overtime\overtime_detail\overtime_detail_widget.dart:285:69 - argument_type_not_assignable
  error - The argument type 'TextStyle' can't be assigned to the parameter type 'String?'.  - lib\overtime\overtime_detail\overtime_detail_widget.dart:322:71 - argument_type_not_assignable
  error - The argument type 'TextStyle' can't be assigned to the parameter type 'String?'.  - lib\overtime\overtime_detail\overtime_detail_widget.dart:363:71 - argument_type_not_assignable
  error - The argument type 'TextStyle' can't be assigned to the parameter type 'String?'.  - lib\overtime\overtime_detail\overtime_detail_widget.dart:401:71 - argument_type_not_assignable
  error - The argument type 'TextStyle' can't be assigned to the parameter type 'String?'.  - lib\overtime\overtime_detail\overtime_detail_widget.dart:433:69 - argument_type_not_assignable
  error - The argument type 'TextStyle' can't be assigned to the parameter type 'String?'.  - lib\overtime\overtime_detail\overtime_detail_widget.dart:465:69 - argument_type_not_assignable
  error - The argument type 'TextStyle' can't be assigned to the parameter type 'String?'.  - lib\overtime\overtime_detail\overtime_detail_widget.dart:505:71 - argument_type_not_assignable
  error - The argument type 'TextStyle' can't be assigned to the parameter type 'String?'.  - lib\overtime\overtime_detail\overtime_detail_widget.dart:573:71 - argument_type_not_assignable
  error - The argument type 'TextStyle' can't be assigned to the parameter type 'String?'.  - lib\overtime\overtime_detail\overtime_detail_widget.dart:612:77 - argument_type_not_assignable
  error - The argument type 'TextStyle' can't be assigned to the parameter type 'String?'.  - lib\overtime\overtime_detail\overtime_detail_widget.dart:652:71 - argument_type_not_assignable
  error - The argument type 'TextStyle' can't be assigned to the parameter type 'String?'.  - lib\overtime\overtime_detail\overtime_detail_widget.dart:688:69 - argument_type_not_assignable
  error - The argument type 'TextStyle' can't be assigned to the parameter type 'String?'.  - lib\overtime\overtime_detail\overtime_detail_widget.dart:733:71 - argument_type_not_assignable
  error - The argument type 'TextStyle' can't be assigned to the parameter type 'String?'.  - lib\overtime\overtime_detail\overtime_detail_widget.dart:766:77 - argument_type_not_assignable
  error - The argument type 'TextStyle' can't be assigned to the parameter type 'String?'.  - lib\overtime\overtime_detail\overtime_detail_widget.dart:806:71 - argument_type_not_assignable
  error - The argument type 'TextStyle' can't be assigned to the parameter type 'String?'.  - lib\overtime\overtime_detail\overtime_detail_widget.dart:839:77 - argument_type_not_assignable
  error - The argument type 'TextStyle' can't be assigned to the parameter type 'String?'.  - lib\overtime\overtime_detail\overtime_detail_widget.dart:895:79 - argument_type_not_assignable
  error - The argument type 'TextStyle' can't be assigned to the parameter type 'String?'.  - lib\overtime\overtime_detail\overtime_detail_widget.dart:920:79 - argument_type_not_assignable
  error - The argument type 'TextStyle' can't be assigned to the parameter type 'String?'.  - lib\overtime\overtime_detail\overtime_detail_widget.dart:1057:85 - argument_type_not_assignable
  error - The argument type 'TextStyle' can't be assigned to the parameter type 'String?'.  - lib\overtime\overtime_detail\overtime_detail_widget.dart:1091:79 - argument_type_not_assignable
  error - The argument type 'TextStyle' can't be assigned to the parameter type 'String?'.  - lib\overtime\overtime_detail\overtime_detail_widget.dart:1170:83 - argument_type_not_assignable
  error - The argument type 'TextStyle' can't be assigned to the parameter type 'String?'.  - lib\overtime\overtime_detail\overtime_detail_widget.dart:1201:79 - argument_type_not_assignable
  error - The argument type 'TextStyle' can't be assigned to the parameter type 'String?'.  - lib\overtime\overtime_detail\overtime_detail_widget.dart:1238:69 - argument_type_not_assignable
  error - The argument type 'TextStyle' can't be assigned to the parameter type 'String?'.  - lib\overtime\overtime_detail\overtime_detail_widget.dart:1268:69 - argument_type_not_assignable
  error - The argument type 'TextStyle' can't be assigned to the parameter type 'String?'.  - lib\overtime\overtime_detail\overtime_detail_widget.dart:1310:71 - argument_type_not_assignable
  error - The argument type 'TextStyle' can't be assigned to the parameter type 'String?'.  - lib\overtime\overtime_detail\overtime_detail_widget.dart:1423:85 - argument_type_not_assignable
   info - 'solidTimesCircle' is deprecated and shouldn't be used. Use "solidCircleXmark" instead - lib\overtime\overtime_detail\overtime_detail_widget.dart:1547:94 - deprecated_member_use
warning - Unused import: 'package:flutter/material.dart' - lib\overtime\overtime_detail_check_out\overtime_detail_check_out_model.dart:2:8 - unused_import
  error - The method 'Uint8List' isn't defined for the type 'OvertimeDetailCheckOutModel' - lib\overtime\overtime_detail_check_out\overtime_detail_check_out_model.dart:19:74 - undefined_method
  error - The method 'AppState' isn't defined for the type '_OvertimeDetailCheckOutWidgetState' - lib\overtime\overtime_detail_check_out\overtime_detail_check_out_widget.dart:67:5 - undefined_method
   info - 'WillPopScope' is deprecated and shouldn't be used. Use PopScope instead. The Android predictive back feature will not work with WillPopScope. This feature was deprecated after v3.12.0-1.0.pre - lib\overtime\overtime_detail_check_out\overtime_detail_check_out_widget.dart:74:14 - deprecated_member_use
  error - The argument type 'TextStyle' can't be assigned to the parameter type 'String?'.  - lib\overtime\overtime_detail_check_out\overtime_detail_check_out_widget.dart:177:77 - argument_type_not_assignable
  error - The argument type 'TextStyle' can't be assigned to the parameter type 'String?'.  - lib\overtime\overtime_detail_check_out\overtime_detail_check_out_widget.dart:259:77 - argument_type_not_assignable
  error - The argument type 'TextStyle' can't be assigned to the parameter type 'String?'.  - lib\overtime\overtime_detail_check_out\overtime_detail_check_out_widget.dart:324:77 - argument_type_not_assignable
  error - The argument type 'TextStyle' can't be assigned to the parameter type 'String?'.  - lib\overtime\overtime_detail_check_out\overtime_detail_check_out_widget.dart:373:77 - argument_type_not_assignable
  error - The argument type 'TextStyle' can't be assigned to the parameter type 'String?'.  - lib\overtime\overtime_detail_check_out\overtime_detail_check_out_widget.dart:429:77 - argument_type_not_assignable
  error - The argument type 'String?' can't be assigned to the parameter type 'String'.  - lib\overtime\overtime_detail_check_out\overtime_detail_check_out_widget.dart:473:59 - argument_type_not_assignable
warning - The left operand can't be null, so the right operand is never executed - lib\overtime\overtime_detail_check_out\overtime_detail_check_out_widget.dart:474:79 - dead_null_aware_expression
  error - The argument type 'TextStyle' can't be assigned to the parameter type 'String?'.  - lib\overtime\overtime_detail_check_out\overtime_detail_check_out_widget.dart:481:77 - argument_type_not_assignable
  error - The argument type 'TextStyle' can't be assigned to the parameter type 'String?'.  - lib\overtime\overtime_detail_check_out\overtime_detail_check_out_widget.dart:528:77 - argument_type_not_assignable
  error - The argument type 'String?' can't be assigned to the parameter type 'String'.  - lib\overtime\overtime_detail_check_out\overtime_detail_check_out_widget.dart:562:57 - argument_type_not_assignable
warning - The left operand can't be null, so the right operand is never executed - lib\overtime\overtime_detail_check_out\overtime_detail_check_out_widget.dart:563:75 - dead_null_aware_expression
  error - The argument type 'TextStyle' can't be assigned to the parameter type 'String?'.  - lib\overtime\overtime_detail_check_out\overtime_detail_check_out_widget.dart:570:77 - argument_type_not_assignable
  error - The argument type 'TextStyle' can't be assigned to the parameter type 'String?'.  - lib\overtime\overtime_detail_check_out\overtime_detail_check_out_widget.dart:622:77 - argument_type_not_assignable
  error - The getter 'fontFamily' isn't defined for the type 'ThemeData' - lib\overtime\overtime_detail_check_out\overtime_detail_check_out_widget.dart:664:79 - undefined_getter
  error - The argument type 'TextStyle' can't be assigned to the parameter type 'String?'.  - lib\overtime\overtime_detail_check_out\overtime_detail_check_out_widget.dart:713:77 - argument_type_not_assignable
  error - The argument type 'TextStyle' can't be assigned to the parameter type 'String?'.  - lib\overtime\overtime_detail_check_out\overtime_detail_check_out_widget.dart:765:77 - argument_type_not_assignable
  error - The argument type 'TextStyle' can't be assigned to the parameter type 'String?'.  - lib\overtime\overtime_detail_check_out\overtime_detail_check_out_widget.dart:819:77 - argument_type_not_assignable
  error - The argument type 'String?' can't be assigned to the parameter type 'String'.  - lib\overtime\overtime_detail_check_out\overtime_detail_check_out_widget.dart:861:61 - argument_type_not_assignable
  error - The argument type 'TextStyle' can't be assigned to the parameter type 'String?'.  - lib\overtime\overtime_detail_check_out\overtime_detail_check_out_widget.dart:870:77 - argument_type_not_assignable
  error - The argument type 'TextStyle' can't be assigned to the parameter type 'String?'.  - lib\overtime\overtime_detail_check_out\overtime_detail_check_out_widget.dart:929:77 - argument_type_not_assignable
  error - The argument type 'TextStyle' can't be assigned to the parameter type 'String?'.  - lib\overtime\overtime_detail_check_out\overtime_detail_check_out_widget.dart:976:77 - argument_type_not_assignable
  error - The argument type 'TextStyle' can't be assigned to the parameter type 'String?'.  - lib\overtime\overtime_detail_check_out\overtime_detail_check_out_widget.dart:1034:77 - argument_type_not_assignable
  error - The argument type 'TextStyle' can't be assigned to the parameter type 'String?'.  - lib\overtime\overtime_detail_check_out\overtime_detail_check_out_widget.dart:1081:77 - argument_type_not_assignable
  error - The argument type 'TextStyle' can't be assigned to the parameter type 'String?'.  - lib\overtime\overtime_detail_check_out\overtime_detail_check_out_widget.dart:1151:77 - argument_type_not_assignable
  error - The argument type 'TextStyle' can't be assigned to the parameter type 'String?'.  - lib\overtime\overtime_detail_check_out\overtime_detail_check_out_widget.dart:1194:77 - argument_type_not_assignable
  error - The argument type 'TextStyle' can't be assigned to the parameter type 'String?'.  - lib\overtime\overtime_detail_check_out\overtime_detail_check_out_widget.dart:1265:77 - argument_type_not_assignable
  error - The argument type 'TextStyle' can't be assigned to the parameter type 'String?'.  - lib\overtime\overtime_detail_check_out\overtime_detail_check_out_widget.dart:1426:77 - argument_type_not_assignable
  error - The argument type 'TextStyle' can't be assigned to the parameter type 'String?'.  - lib\overtime\overtime_detail_check_out\overtime_detail_check_out_widget.dart:1474:77 - argument_type_not_assignable
  error - The argument type 'TextStyle' can't be assigned to the parameter type 'String?'.  - lib\overtime\overtime_detail_check_out\overtime_detail_check_out_widget.dart:1526:77 - argument_type_not_assignable
  error - The argument type 'TextStyle' can't be assigned to the parameter type 'String?'.  - lib\overtime\overtime_detail_check_out\overtime_detail_check_out_widget.dart:1591:77 - argument_type_not_assignable
  error - The argument type 'TextStyle' can't be assigned to the parameter type 'String?'.  - lib\overtime\overtime_detail_check_out\overtime_detail_check_out_widget.dart:1643:77 - argument_type_not_assignable
warning - The receiver can't be null, so the null-aware operator '?.' is unnecessary - lib\overtime\overtime_detail_check_out\overtime_detail_check_out_widget.dart:1780:71 - invalid_null_aware_operator
  error - The named parameter 'file' isn't defined - lib\overtime\overtime_detail_check_out\overtime_detail_check_out_widget.dart:1785:67 - undefined_named_parameter
  error - The method 'imgURL' isn't defined for the type 'GetCheckInImageURLCall' - lib\overtime\overtime_detail_check_out\overtime_detail_check_out_widget.dart:1791:74 - undefined_method
  error - The argument type 'TextStyle' can't be assigned to the parameter type 'String?'.  - lib\overtime\overtime_detail_check_out\overtime_detail_check_out_widget.dart:1840:77 - argument_type_not_assignable
   info - 'solidTimesCircle' is deprecated and shouldn't be used. Use "solidCircleXmark" instead - lib\overtime\overtime_detail_check_out\overtime_detail_check_out_widget.dart:1980:94 - deprecated_member_use
  error - The method 'AppState' isn't defined for the type '_OvertimeDetailCheckOutWidgetState' - lib\overtime\overtime_detail_check_out\overtime_detail_check_out_widget.dart:2016:60 - undefined_method
  error - The method 'AppState' isn't defined for the type '_OvertimeDetailCheckOutWidgetState' - lib\overtime\overtime_detail_check_out\overtime_detail_check_out_widget.dart:2017:59 - undefined_method
  error - The named parameter 'attachmentsJson' isn't defined - lib\overtime\overtime_detail_check_out\overtime_detail_check_out_widget.dart:2018:51 - undefined_named_parameter
  error - The method 'toMap' isn't defined for the type 'String' - lib\overtime\overtime_detail_check_out\overtime_detail_check_out_widget.dart:2022:69 - undefined_method
  error - The method 'AppState' isn't defined for the type '_OvertimeDetailCheckOutWidgetState' - lib\overtime\overtime_detail_check_out\overtime_detail_check_out_widget.dart:2024:58 - undefined_method
  error - The named parameter 'clockOutTime' isn't defined - lib\overtime\overtime_detail_check_out\overtime_detail_check_out_widget.dart:2025:51 - undefined_named_parameter
  error - The name 'functions' is being referenced through the prefix 'functions', but it isn't defined in any of the libraries imported using that prefix - lib\overtime\overtime_detail_check_out\overtime_detail_check_out_widget.dart:2026:56 - undefined_prefixed_name
  error - The getter 'exceptionMessage' isn't defined for the type 'ApiCallResponse' - lib\overtime\overtime_detail_check_out\overtime_detail_check_out_widget.dart:2083:69 - undefined_getter
  error - The getter 'fontFamily' isn't defined for the type 'ThemeData' - lib\overtime\overtime_detail_check_out\overtime_detail_check_out_widget.dart:2120:81 - undefined_getter
  error - 'Padding' isn't a function - lib\overtime\overtime_new_page\overtime_new_page_widget.dart:256:13 - invocation_of_non_function
  error - The name 'Padding' is defined in the libraries 'package:flutter/src/widgets/basic.dart (via package:flutter/material.dart)' and 'package:h_r_optimistic_mobile/overtime/edit_overtime_request/edit_overtime_request_widget.dart' - lib\overtime\overtime_new_page\overtime_new_page_widget.dart:256:13 - ambiguous_import
   info - 'plusCircle' is deprecated and shouldn't be used. Use "circlePlus" instead - lib\overtime\overtime_new_page\overtime_new_page_widget.dart:271:36 - deprecated_member_use
  error - 'Padding' isn't a function - lib\overtime\overtime_new_page\overtime_new_page_widget.dart:304:32 - invocation_of_non_function
  error - The name 'Padding' is defined in the libraries 'package:flutter/src/widgets/basic.dart (via package:flutter/material.dart)' and 'package:h_r_optimistic_mobile/overtime/edit_overtime_request/edit_overtime_request_widget.dart' - lib\overtime\overtime_new_page\overtime_new_page_widget.dart:304:32 - ambiguous_import
  error - 'Container' isn't a function - lib\overtime\overtime_new_page\overtime_new_page_widget.dart:307:34 - invocation_of_non_function
  error - The name 'Container' is defined in the libraries 'package:flutter/src/widgets/container.dart (via package:flutter/material.dart)' and 'package:h_r_optimistic_mobile/overtime/edit_overtime_request/edit_overtime_request_widget.dart' - lib\overtime\overtime_new_page\overtime_new_page_widget.dart:307:34 - ambiguous_import
  error - 'Align' isn't a function - lib\overtime\overtime_new_page\overtime_new_page_widget.dart:314:36 - invocation_of_non_function
  error - The name 'Align' is defined in the libraries 'package:flutter/src/widgets/basic.dart (via package:flutter/material.dart)' and 'package:h_r_optimistic_mobile/overtime/edit_overtime_request/edit_overtime_request_widget.dart' - lib\overtime\overtime_new_page\overtime_new_page_widget.dart:314:36 - ambiguous_import
  error - 'Padding' isn't a function - lib\overtime\overtime_new_page\overtime_new_page_widget.dart:320:35 - invocation_of_non_function
  error - The name 'Padding' is defined in the libraries 'package:flutter/src/widgets/basic.dart (via package:flutter/material.dart)' and 'package:h_r_optimistic_mobile/overtime/edit_overtime_request/edit_overtime_request_widget.dart' - lib\overtime\overtime_new_page\overtime_new_page_widget.dart:320:35 - ambiguous_import
  error - 'Row' isn't a function - lib\overtime\overtime_new_page\overtime_new_page_widget.dart:323:44 - invocation_of_non_function
  error - The name 'Row' is defined in the libraries 'package:flutter/src/widgets/basic.dart (via package:flutter/material.dart)' and 'package:h_r_optimistic_mobile/overtime/edit_overtime_request/edit_overtime_request_widget.dart' - lib\overtime\overtime_new_page\overtime_new_page_widget.dart:323:44 - ambiguous_import
  error - 'Padding' isn't a function - lib\overtime\overtime_new_page\overtime_new_page_widget.dart:334:41 - invocation_of_non_function
  error - The name 'Padding' is defined in the libraries 'package:flutter/src/widgets/basic.dart (via package:flutter/material.dart)' and 'package:h_r_optimistic_mobile/overtime/edit_overtime_request/edit_overtime_request_widget.dart' - lib\overtime\overtime_new_page\overtime_new_page_widget.dart:334:41 - ambiguous_import
  error - The getter 'fontFamily' isn't defined for the type 'ThemeData' - lib\overtime\overtime_new_page\overtime_new_page_widget.dart:356:75 - undefined_getter
  error - The getter 'fontFamily' isn't defined for the type 'ThemeData' - lib\overtime\overtime_new_page\overtime_new_page_widget.dart:390:81 - undefined_getter
  error - The getter 'fontFamily' isn't defined for the type 'ThemeData' - lib\overtime\overtime_new_page\overtime_new_page_widget.dart:419:81 - undefined_getter
  error - 'Padding' isn't a function - lib\overtime\overtime_new_page\overtime_new_page_widget.dart:439:41 - invocation_of_non_function
  error - The name 'Padding' is defined in the libraries 'package:flutter/src/widgets/basic.dart (via package:flutter/material.dart)' and 'package:h_r_optimistic_mobile/overtime/edit_overtime_request/edit_overtime_request_widget.dart' - lib\overtime\overtime_new_page\overtime_new_page_widget.dart:439:41 - ambiguous_import
  error - The getter 'fontFamily' isn't defined for the type 'ThemeData' - lib\overtime\overtime_new_page\overtime_new_page_widget.dart:457:75 - undefined_getter
  error - 'Padding' isn't a function - lib\overtime\overtime_new_page\overtime_new_page_widget.dart:478:41 - invocation_of_non_function
  error - The name 'Padding' is defined in the libraries 'package:flutter/src/widgets/basic.dart (via package:flutter/material.dart)' and 'package:h_r_optimistic_mobile/overtime/edit_overtime_request/edit_overtime_request_widget.dart' - lib\overtime\overtime_new_page\overtime_new_page_widget.dart:478:41 - ambiguous_import
  error - The getter 'fontFamily' isn't defined for the type 'ThemeData' - lib\overtime\overtime_new_page\overtime_new_page_widget.dart:496:75 - undefined_getter
  error - 'Row' isn't a function - lib\overtime\overtime_new_page\overtime_new_page_widget.dart:525:35 - invocation_of_non_function
  error - The name 'Row' is defined in the libraries 'package:flutter/src/widgets/basic.dart (via package:flutter/material.dart)' and 'package:h_r_optimistic_mobile/overtime/edit_overtime_request/edit_overtime_request_widget.dart' - lib\overtime\overtime_new_page\overtime_new_page_widget.dart:525:35 - ambiguous_import
  error - 'Row' isn't a function - lib\overtime\overtime_new_page\overtime_new_page_widget.dart:537:43 - invocation_of_non_function
  error - The name 'Row' is defined in the libraries 'package:flutter/src/widgets/basic.dart (via package:flutter/material.dart)' and 'package:h_r_optimistic_mobile/overtime/edit_overtime_request/edit_overtime_request_widget.dart' - lib\overtime\overtime_new_page\overtime_new_page_widget.dart:537:43 - ambiguous_import
  error - 'Padding' isn't a function - lib\overtime\overtime_new_page\overtime_new_page_widget.dart:543:51 - invocation_of_non_function
  error - The name 'Padding' is defined in the libraries 'package:flutter/src/widgets/basic.dart (via package:flutter/material.dart)' and 'package:h_r_optimistic_mobile/overtime/edit_overtime_request/edit_overtime_request_widget.dart' - lib\overtime\overtime_new_page\overtime_new_page_widget.dart:543:51 - ambiguous_import
  error - The argument type 'TextStyle' can't be assigned to the parameter type 'String?'.  - lib\overtime\overtime_new_page\overtime_new_page_widget.dart:556:77 - argument_type_not_assignable
  error - 'Padding' isn't a function - lib\overtime\overtime_new_page\overtime_new_page_widget.dart:584:51 - invocation_of_non_function
  error - The name 'Padding' is defined in the libraries 'package:flutter/src/widgets/basic.dart (via package:flutter/material.dart)' and 'package:h_r_optimistic_mobile/overtime/edit_overtime_request/edit_overtime_request_widget.dart' - lib\overtime\overtime_new_page\overtime_new_page_widget.dart:584:51 - ambiguous_import
  error - The argument type 'TextStyle' can't be assigned to the parameter type 'String?'.  - lib\overtime\overtime_new_page\overtime_new_page_widget.dart:601:77 - argument_type_not_assignable
  error - 'Padding' isn't a function - lib\overtime\overtime_new_page\overtime_new_page_widget.dart:646:51 - invocation_of_non_function
  error - The name 'Padding' is defined in the libraries 'package:flutter/src/widgets/basic.dart (via package:flutter/material.dart)' and 'package:h_r_optimistic_mobile/overtime/edit_overtime_request/edit_overtime_request_widget.dart' - lib\overtime\overtime_new_page\overtime_new_page_widget.dart:646:51 - ambiguous_import
  error - The argument type 'TextStyle' can't be assigned to the parameter type 'String?'.  - lib\overtime\overtime_new_page\overtime_new_page_widget.dart:659:77 - argument_type_not_assignable
  error - 'Padding' isn't a function - lib\overtime\overtime_new_page\overtime_new_page_widget.dart:687:51 - invocation_of_non_function
  error - The name 'Padding' is defined in the libraries 'package:flutter/src/widgets/basic.dart (via package:flutter/material.dart)' and 'package:h_r_optimistic_mobile/overtime/edit_overtime_request/edit_overtime_request_widget.dart' - lib\overtime\overtime_new_page\overtime_new_page_widget.dart:687:51 - ambiguous_import
  error - The argument type 'TextStyle' can't be assigned to the parameter type 'String?'.  - lib\overtime\overtime_new_page\overtime_new_page_widget.dart:708:77 - argument_type_not_assignable
  error - 'Align' isn't a function - lib\overtime\overtime_new_page\overtime_new_page_widget.dart:742:43 - invocation_of_non_function
  error - The name 'Align' is defined in the libraries 'package:flutter/src/widgets/basic.dart (via package:flutter/material.dart)' and 'package:h_r_optimistic_mobile/overtime/edit_overtime_request/edit_overtime_request_widget.dart' - lib\overtime\overtime_new_page\overtime_new_page_widget.dart:742:43 - ambiguous_import
  error - 'Padding' isn't a function - lib\overtime\overtime_new_page\overtime_new_page_widget.dart:745:52 - invocation_of_non_function
  error - The name 'Padding' is defined in the libraries 'package:flutter/src/widgets/basic.dart (via package:flutter/material.dart)' and 'package:h_r_optimistic_mobile/overtime/edit_overtime_request/edit_overtime_request_widget.dart' - lib\overtime\overtime_new_page\overtime_new_page_widget.dart:745:52 - ambiguous_import
  error - 'Row' isn't a function - lib\overtime\overtime_new_page\overtime_new_page_widget.dart:749:54 - invocation_of_non_function
  error - The name 'Row' is defined in the libraries 'package:flutter/src/widgets/basic.dart (via package:flutter/material.dart)' and 'package:h_r_optimistic_mobile/overtime/edit_overtime_request/edit_overtime_request_widget.dart' - lib\overtime\overtime_new_page\overtime_new_page_widget.dart:749:54 - ambiguous_import
  error - The argument type 'TextStyle' can't be assigned to the parameter type 'String?'.  - lib\overtime\overtime_new_page\overtime_new_page_widget.dart:766:77 - argument_type_not_assignable
  error - 'Padding' isn't a function - lib\overtime\overtime_new_page\overtime_new_page_widget.dart:793:51 - invocation_of_non_function
  error - The name 'Padding' is defined in the libraries 'package:flutter/src/widgets/basic.dart (via package:flutter/material.dart)' and 'package:h_r_optimistic_mobile/overtime/edit_overtime_request/edit_overtime_request_widget.dart' - lib\overtime\overtime_new_page\overtime_new_page_widget.dart:793:51 - ambiguous_import
  error - The argument type 'TextStyle' can't be assigned to the parameter type 'String?'.  - lib\overtime\overtime_new_page\overtime_new_page_widget.dart:826:77 - argument_type_not_assignable
  error - 'Container' isn't a function - lib\overtime\overtime_new_page\overtime_new_page_widget.dart:865:43 - invocation_of_non_function
  error - The name 'Container' is defined in the libraries 'package:flutter/src/widgets/container.dart (via package:flutter/material.dart)' and 'package:h_r_optimistic_mobile/overtime/edit_overtime_request/edit_overtime_request_widget.dart' - lib\overtime\overtime_new_page\overtime_new_page_widget.dart:865:43 - ambiguous_import
  error - The argument type 'TextStyle' can't be assigned to the parameter type 'String?'.  - lib\overtime\overtime_new_page\overtime_new_page_widget.dart:998:77 - argument_type_not_assignable
  error - 'Padding' isn't a function - lib\overtime\overtime_new_page\overtime_new_page_widget.dart:1048:17 - invocation_of_non_function
  error - The name 'Padding' is defined in the libraries 'package:flutter/src/widgets/basic.dart (via package:flutter/material.dart)' and 'package:h_r_optimistic_mobile/overtime/edit_overtime_request/edit_overtime_request_widget.dart' - lib\overtime\overtime_new_page\overtime_new_page_widget.dart:1048:17 - ambiguous_import
  error - 'Container' isn't a function - lib\overtime\overtime_new_page\overtime_new_page_widget.dart:1051:26 - invocation_of_non_function
  error - The name 'Container' is defined in the libraries 'package:flutter/src/widgets/container.dart (via package:flutter/material.dart)' and 'package:h_r_optimistic_mobile/overtime/edit_overtime_request/edit_overtime_request_widget.dart' - lib\overtime\overtime_new_page\overtime_new_page_widget.dart:1051:26 - ambiguous_import
  error - 'Align' isn't a function - lib\overtime\overtime_new_page\overtime_new_page_widget.dart:1061:28 - invocation_of_non_function
  error - The name 'Align' is defined in the libraries 'package:flutter/src/widgets/basic.dart (via package:flutter/material.dart)' and 'package:h_r_optimistic_mobile/overtime/edit_overtime_request/edit_overtime_request_widget.dart' - lib\overtime\overtime_new_page\overtime_new_page_widget.dart:1061:28 - ambiguous_import
  error - 'Align' isn't a function - lib\overtime\overtime_new_page\overtime_new_page_widget.dart:1088:21 - invocation_of_non_function
  error - The name 'Align' is defined in the libraries 'package:flutter/src/widgets/basic.dart (via package:flutter/material.dart)' and 'package:h_r_optimistic_mobile/overtime/edit_overtime_request/edit_overtime_request_widget.dart' - lib\overtime\overtime_new_page\overtime_new_page_widget.dart:1088:21 - ambiguous_import
  error - 'Padding' isn't a function - lib\overtime\overtime_new_page\overtime_new_page_widget.dart:1139:31 - invocation_of_non_function
  error - The name 'Padding' is defined in the libraries 'package:flutter/src/widgets/basic.dart (via package:flutter/material.dart)' and 'package:h_r_optimistic_mobile/overtime/edit_overtime_request/edit_overtime_request_widget.dart' - lib\overtime\overtime_new_page\overtime_new_page_widget.dart:1139:31 - ambiguous_import
  error - 'Row' isn't a function - lib\overtime\overtime_new_page\overtime_new_page_widget.dart:1142:40 - invocation_of_non_function
  error - The name 'Row' is defined in the libraries 'package:flutter/src/widgets/basic.dart (via package:flutter/material.dart)' and 'package:h_r_optimistic_mobile/overtime/edit_overtime_request/edit_overtime_request_widget.dart' - lib\overtime\overtime_new_page\overtime_new_page_widget.dart:1142:40 - ambiguous_import
  error - 'Container' isn't a function - lib\overtime\overtime_new_page\overtime_new_page_widget.dart:1145:37 - invocation_of_non_function
  error - The name 'Container' is defined in the libraries 'package:flutter/src/widgets/container.dart (via package:flutter/material.dart)' and 'package:h_r_optimistic_mobile/overtime/edit_overtime_request/edit_overtime_request_widget.dart' - lib\overtime\overtime_new_page\overtime_new_page_widget.dart:1145:37 - ambiguous_import
  error - 'Row' isn't a function - lib\overtime\overtime_new_page\overtime_new_page_widget.dart:1218:48 - invocation_of_non_function
  error - The name 'Row' is defined in the libraries 'package:flutter/src/widgets/basic.dart (via package:flutter/material.dart)' and 'package:h_r_optimistic_mobile/overtime/edit_overtime_request/edit_overtime_request_widget.dart' - lib\overtime\overtime_new_page\overtime_new_page_widget.dart:1218:48 - ambiguous_import
  error - 'Padding' isn't a function - lib\overtime\overtime_new_page\overtime_new_page_widget.dart:1221:45 - invocation_of_non_function
  error - The name 'Padding' is defined in the libraries 'package:flutter/src/widgets/basic.dart (via package:flutter/material.dart)' and 'package:h_r_optimistic_mobile/overtime/edit_overtime_request/edit_overtime_request_widget.dart' - lib\overtime\overtime_new_page\overtime_new_page_widget.dart:1221:45 - ambiguous_import
  error - The getter 'fontFamily' isn't defined for the type 'ThemeData' - lib\overtime\overtime_new_page\overtime_new_page_widget.dart:1235:79 - undefined_getter
  error - The getter 'fontFamily' isn't defined for the type 'ThemeData' - lib\overtime\overtime_new_page\overtime_new_page_widget.dart:1277:77 - undefined_getter
  error - 'Padding' isn't a function - lib\overtime\overtime_new_page\overtime_new_page_widget.dart:1303:45 - invocation_of_non_function
  error - The name 'Padding' is defined in the libraries 'package:flutter/src/widgets/basic.dart (via package:flutter/material.dart)' and 'package:h_r_optimistic_mobile/overtime/edit_overtime_request/edit_overtime_request_widget.dart' - lib\overtime\overtime_new_page\overtime_new_page_widget.dart:1303:45 - ambiguous_import
  error - The getter 'fontFamily' isn't defined for the type 'ThemeData' - lib\overtime\overtime_new_page\overtime_new_page_widget.dart:1317:79 - undefined_getter
  error - The getter 'fontFamily' isn't defined for the type 'ThemeData' - lib\overtime\overtime_new_page\overtime_new_page_widget.dart:1359:77 - undefined_getter
  error - 'Padding' isn't a function - lib\overtime\overtime_new_page\overtime_new_page_widget.dart:1385:45 - invocation_of_non_function
  error - The name 'Padding' is defined in the libraries 'package:flutter/src/widgets/basic.dart (via package:flutter/material.dart)' and 'package:h_r_optimistic_mobile/overtime/edit_overtime_request/edit_overtime_request_widget.dart' - lib\overtime\overtime_new_page\overtime_new_page_widget.dart:1385:45 - ambiguous_import
  error - 'Align' isn't a function - lib\overtime\overtime_new_page\overtime_new_page_widget.dart:1420:48 - invocation_of_non_function
  error - The name 'Align' is defined in the libraries 'package:flutter/src/widgets/basic.dart (via package:flutter/material.dart)' and 'package:h_r_optimistic_mobile/overtime/edit_overtime_request/edit_overtime_request_widget.dart' - lib\overtime\overtime_new_page\overtime_new_page_widget.dart:1420:48 - ambiguous_import
  error - 'Padding' isn't a function - lib\overtime\overtime_new_page\overtime_new_page_widget.dart:1423:50 - invocation_of_non_function
  error - The name 'Padding' is defined in the libraries 'package:flutter/src/widgets/basic.dart (via package:flutter/material.dart)' and 'package:h_r_optimistic_mobile/overtime/edit_overtime_request/edit_overtime_request_widget.dart' - lib\overtime\overtime_new_page\overtime_new_page_widget.dart:1423:50 - ambiguous_import
  error - 'Container' isn't a function - lib\overtime\overtime_new_page\overtime_new_page_widget.dart:1427:52 - invocation_of_non_function
  error - The name 'Container' is defined in the libraries 'package:flutter/src/widgets/container.dart (via package:flutter/material.dart)' and 'package:h_r_optimistic_mobile/overtime/edit_overtime_request/edit_overtime_request_widget.dart' - lib\overtime\overtime_new_page\overtime_new_page_widget.dart:1427:52 - ambiguous_import
  error - 'Row' isn't a function - lib\overtime\overtime_new_page\overtime_new_page_widget.dart:1450:53 - invocation_of_non_function
  error - The name 'Row' is defined in the libraries 'package:flutter/src/widgets/basic.dart (via package:flutter/material.dart)' and 'package:h_r_optimistic_mobile/overtime/edit_overtime_request/edit_overtime_request_widget.dart' - lib\overtime\overtime_new_page\overtime_new_page_widget.dart:1450:53 - ambiguous_import
  error - 'Padding' isn't a function - lib\overtime\overtime_new_page\overtime_new_page_widget.dart:1461:61 - invocation_of_non_function
  error - The name 'Padding' is defined in the libraries 'package:flutter/src/widgets/basic.dart (via package:flutter/material.dart)' and 'package:h_r_optimistic_mobile/overtime/edit_overtime_request/edit_overtime_request_widget.dart' - lib\overtime\overtime_new_page\overtime_new_page_widget.dart:1461:61 - ambiguous_import
  error - The argument type 'TextStyle' can't be assigned to the parameter type 'String?'.  - lib\overtime\overtime_new_page\overtime_new_page_widget.dart:1483:77 - argument_type_not_assignable
  error - 'Align' isn't a function - lib\overtime\overtime_new_page\overtime_new_page_widget.dart:1517:61 - invocation_of_non_function
  error - The name 'Align' is defined in the libraries 'package:flutter/src/widgets/basic.dart (via package:flutter/material.dart)' and 'package:h_r_optimistic_mobile/overtime/edit_overtime_request/edit_overtime_request_widget.dart' - lib\overtime\overtime_new_page\overtime_new_page_widget.dart:1517:61 - ambiguous_import
  error - 'Padding' isn't a function - lib\overtime\overtime_new_page\overtime_new_page_widget.dart:1521:70 - invocation_of_non_function
  error - The name 'Padding' is defined in the libraries 'package:flutter/src/widgets/basic.dart (via package:flutter/material.dart)' and 'package:h_r_optimistic_mobile/overtime/edit_overtime_request/edit_overtime_request_widget.dart' - lib\overtime\overtime_new_page\overtime_new_page_widget.dart:1521:70 - ambiguous_import
  error - 'Row' isn't a function - lib\overtime\overtime_new_page\overtime_new_page_widget.dart:1597:53 - invocation_of_non_function
  error - The name 'Row' is defined in the libraries 'package:flutter/src/widgets/basic.dart (via package:flutter/material.dart)' and 'package:h_r_optimistic_mobile/overtime/edit_overtime_request/edit_overtime_request_widget.dart' - lib\overtime\overtime_new_page\overtime_new_page_widget.dart:1597:53 - ambiguous_import
  error - 'Padding' isn't a function - lib\overtime\overtime_new_page\overtime_new_page_widget.dart:1601:57 - invocation_of_non_function
  error - The name 'Padding' is defined in the libraries 'package:flutter/src/widgets/basic.dart (via package:flutter/material.dart)' and 'package:h_r_optimistic_mobile/overtime/edit_overtime_request/edit_overtime_request_widget.dart' - lib\overtime\overtime_new_page\overtime_new_page_widget.dart:1601:57 - ambiguous_import
  error - The argument type 'TextStyle' can't be assigned to the parameter type 'String?'.  - lib\overtime\overtime_new_page\overtime_new_page_widget.dart:1621:77 - argument_type_not_assignable
  error - 'Align' isn't a function - lib\overtime\overtime_new_page\overtime_new_page_widget.dart:1654:57 - invocation_of_non_function
  error - The name 'Align' is defined in the libraries 'package:flutter/src/widgets/basic.dart (via package:flutter/material.dart)' and 'package:h_r_optimistic_mobile/overtime/edit_overtime_request/edit_overtime_request_widget.dart' - lib\overtime\overtime_new_page\overtime_new_page_widget.dart:1654:57 - ambiguous_import
  error - 'Padding' isn't a function - lib\overtime\overtime_new_page\overtime_new_page_widget.dart:1658:66 - invocation_of_non_function
  error - The name 'Padding' is defined in the libraries 'package:flutter/src/widgets/basic.dart (via package:flutter/material.dart)' and 'package:h_r_optimistic_mobile/overtime/edit_overtime_request/edit_overtime_request_widget.dart' - lib\overtime\overtime_new_page\overtime_new_page_widget.dart:1658:66 - ambiguous_import
  error - The argument type 'TextStyle' can't be assigned to the parameter type 'String?'.  - lib\overtime\overtime_new_page\overtime_new_page_widget.dart:1693:77 - argument_type_not_assignable
  error - 'Row' isn't a function - lib\overtime\overtime_new_page\overtime_new_page_widget.dart:1731:53 - invocation_of_non_function
  error - The name 'Row' is defined in the libraries 'package:flutter/src/widgets/basic.dart (via package:flutter/material.dart)' and 'package:h_r_optimistic_mobile/overtime/edit_overtime_request/edit_overtime_request_widget.dart' - lib\overtime\overtime_new_page\overtime_new_page_widget.dart:1731:53 - ambiguous_import
  error - 'Align' isn't a function - lib\overtime\overtime_new_page\overtime_new_page_widget.dart:1735:57 - invocation_of_non_function
  error - The name 'Align' is defined in the libraries 'package:flutter/src/widgets/basic.dart (via package:flutter/material.dart)' and 'package:h_r_optimistic_mobile/overtime/edit_overtime_request/edit_overtime_request_widget.dart' - lib\overtime\overtime_new_page\overtime_new_page_widget.dart:1735:57 - ambiguous_import
  error - 'Padding' isn't a function - lib\overtime\overtime_new_page\overtime_new_page_widget.dart:1739:66 - invocation_of_non_function
  error - The name 'Padding' is defined in the libraries 'package:flutter/src/widgets/basic.dart (via package:flutter/material.dart)' and 'package:h_r_optimistic_mobile/overtime/edit_overtime_request/edit_overtime_request_widget.dart' - lib\overtime\overtime_new_page\overtime_new_page_widget.dart:1739:66 - ambiguous_import
  error - The argument type 'TextStyle' can't be assigned to the parameter type 'String?'.  - lib\overtime\overtime_new_page\overtime_new_page_widget.dart:1758:77 - argument_type_not_assignable
  error - 'Align' isn't a function - lib\overtime\overtime_new_page\overtime_new_page_widget.dart:1792:57 - invocation_of_non_function
  error - The name 'Align' is defined in the libraries 'package:flutter/src/widgets/basic.dart (via package:flutter/material.dart)' and 'package:h_r_optimistic_mobile/overtime/edit_overtime_request/edit_overtime_request_widget.dart' - lib\overtime\overtime_new_page\overtime_new_page_widget.dart:1792:57 - ambiguous_import
  error - 'Padding' isn't a function - lib\overtime\overtime_new_page\overtime_new_page_widget.dart:1796:66 - invocation_of_non_function
  error - The name 'Padding' is defined in the libraries 'package:flutter/src/widgets/basic.dart (via package:flutter/material.dart)' and 'package:h_r_optimistic_mobile/overtime/edit_overtime_request/edit_overtime_request_widget.dart' - lib\overtime\overtime_new_page\overtime_new_page_widget.dart:1796:66 - ambiguous_import
  error - The argument type 'TextStyle' can't be assigned to the parameter type 'String?'.  - lib\overtime\overtime_new_page\overtime_new_page_widget.dart:1820:77 - argument_type_not_assignable
  error - 'Align' isn't a function - lib\overtime\overtime_new_page\overtime_new_page_widget.dart:1849:57 - invocation_of_non_function
  error - The name 'Align' is defined in the libraries 'package:flutter/src/widgets/basic.dart (via package:flutter/material.dart)' and 'package:h_r_optimistic_mobile/overtime/edit_overtime_request/edit_overtime_request_widget.dart' - lib\overtime\overtime_new_page\overtime_new_page_widget.dart:1849:57 - ambiguous_import
  error - 'Padding' isn't a function - lib\overtime\overtime_new_page\overtime_new_page_widget.dart:1853:66 - invocation_of_non_function
  error - The name 'Padding' is defined in the libraries 'package:flutter/src/widgets/basic.dart (via package:flutter/material.dart)' and 'package:h_r_optimistic_mobile/overtime/edit_overtime_request/edit_overtime_request_widget.dart' - lib\overtime\overtime_new_page\overtime_new_page_widget.dart:1853:66 - ambiguous_import
  error - The argument type 'TextStyle' can't be assigned to the parameter type 'String?'.  - lib\overtime\overtime_new_page\overtime_new_page_widget.dart:1871:77 - argument_type_not_assignable
  error - 'Padding' isn't a function - lib\overtime\overtime_new_page\overtime_new_page_widget.dart:1900:57 - invocation_of_non_function
  error - The name 'Padding' is defined in the libraries 'package:flutter/src/widgets/basic.dart (via package:flutter/material.dart)' and 'package:h_r_optimistic_mobile/overtime/edit_overtime_request/edit_overtime_request_widget.dart' - lib\overtime\overtime_new_page\overtime_new_page_widget.dart:1900:57 - ambiguous_import
  error - The argument type 'TextStyle' can't be assigned to the parameter type 'String?'.  - lib\overtime\overtime_new_page\overtime_new_page_widget.dart:1920:77 - argument_type_not_assignable
  error - 'Padding' isn't a function - lib\overtime\overtime_new_page\overtime_new_page_widget.dart:1946:57 - invocation_of_non_function
  error - The name 'Padding' is defined in the libraries 'package:flutter/src/widgets/basic.dart (via package:flutter/material.dart)' and 'package:h_r_optimistic_mobile/overtime/edit_overtime_request/edit_overtime_request_widget.dart' - lib\overtime\overtime_new_page\overtime_new_page_widget.dart:1946:57 - ambiguous_import
  error - The argument type 'TextStyle' can't be assigned to the parameter type 'String?'.  - lib\overtime\overtime_new_page\overtime_new_page_widget.dart:1965:77 - argument_type_not_assignable
  error - 'Row' isn't a function - lib\overtime\overtime_new_page\overtime_new_page_widget.dart:1993:53 - invocation_of_non_function
  error - The name 'Row' is defined in the libraries 'package:flutter/src/widgets/basic.dart (via package:flutter/material.dart)' and 'package:h_r_optimistic_mobile/overtime/edit_overtime_request/edit_overtime_request_widget.dart' - lib\overtime\overtime_new_page\overtime_new_page_widget.dart:1993:53 - ambiguous_import
  error - 'Align' isn't a function - lib\overtime\overtime_new_page\overtime_new_page_widget.dart:1997:57 - invocation_of_non_function
  error - The name 'Align' is defined in the libraries 'package:flutter/src/widgets/basic.dart (via package:flutter/material.dart)' and 'package:h_r_optimistic_mobile/overtime/edit_overtime_request/edit_overtime_request_widget.dart' - lib\overtime\overtime_new_page\overtime_new_page_widget.dart:1997:57 - ambiguous_import
  error - 'Padding' isn't a function - lib\overtime\overtime_new_page\overtime_new_page_widget.dart:2001:66 - invocation_of_non_function
  error - The name 'Padding' is defined in the libraries 'package:flutter/src/widgets/basic.dart (via package:flutter/material.dart)' and 'package:h_r_optimistic_mobile/overtime/edit_overtime_request/edit_overtime_request_widget.dart' - lib\overtime\overtime_new_page\overtime_new_page_widget.dart:2001:66 - ambiguous_import
  error - The argument type 'TextStyle' can't be assigned to the parameter type 'String?'.  - lib\overtime\overtime_new_page\overtime_new_page_widget.dart:2020:77 - argument_type_not_assignable
  error - The argument type 'TextStyle' can't be assigned to the parameter type 'String?'.  - lib\overtime\overtime_new_page\overtime_new_page_widget.dart:2061:77 - argument_type_not_assignable
  error - 'Row' isn't a function - lib\overtime\overtime_new_page\overtime_new_page_widget.dart:2163:64 - invocation_of_non_function
  error - The name 'Row' is defined in the libraries 'package:flutter/src/widgets/basic.dart (via package:flutter/material.dart)' and 'package:h_r_optimistic_mobile/overtime/edit_overtime_request/edit_overtime_request_widget.dart' - lib\overtime\overtime_new_page\overtime_new_page_widget.dart:2163:64 - ambiguous_import
  error - 'Padding' isn't a function - lib\overtime\overtime_new_page\overtime_new_page_widget.dart:2167:61 - invocation_of_non_function
  error - The name 'Padding' is defined in the libraries 'package:flutter/src/widgets/basic.dart (via package:flutter/material.dart)' and 'package:h_r_optimistic_mobile/overtime/edit_overtime_request/edit_overtime_request_widget.dart' - lib\overtime\overtime_new_page\overtime_new_page_widget.dart:2167:61 - ambiguous_import
  error - The argument type 'TextStyle' can't be assigned to the parameter type 'String?'.  - lib\overtime\overtime_new_page\overtime_new_page_widget.dart:2193:77 - argument_type_not_assignable
  error - 'Align' isn't a function - lib\overtime\overtime_new_page\overtime_new_page_widget.dart:2225:61 - invocation_of_non_function
  error - The name 'Align' is defined in the libraries 'package:flutter/src/widgets/basic.dart (via package:flutter/material.dart)' and 'package:h_r_optimistic_mobile/overtime/edit_overtime_request/edit_overtime_request_widget.dart' - lib\overtime\overtime_new_page\overtime_new_page_widget.dart:2225:61 - ambiguous_import
  error - 'Padding' isn't a function - lib\overtime\overtime_new_page\overtime_new_page_widget.dart:2230:70 - invocation_of_non_function
  error - The name 'Padding' is defined in the libraries 'package:flutter/src/widgets/basic.dart (via package:flutter/material.dart)' and 'package:h_r_optimistic_mobile/overtime/edit_overtime_request/edit_overtime_request_widget.dart' - lib\overtime\overtime_new_page\overtime_new_page_widget.dart:2230:70 - ambiguous_import
  error - The argument type 'TextStyle' can't be assigned to the parameter type 'String?'.  - lib\overtime\overtime_new_page\overtime_new_page_widget.dart:2249:77 - argument_type_not_assignable
  error - 'Row' isn't a function - lib\overtime\overtime_new_page\overtime_new_page_widget.dart:2282:53 - invocation_of_non_function
  error - The name 'Row' is defined in the libraries 'package:flutter/src/widgets/basic.dart (via package:flutter/material.dart)' and 'package:h_r_optimistic_mobile/overtime/edit_overtime_request/edit_overtime_request_widget.dart' - lib\overtime\overtime_new_page\overtime_new_page_widget.dart:2282:53 - ambiguous_import
  error - 'Align' isn't a function - lib\overtime\overtime_new_page\overtime_new_page_widget.dart:2286:57 - invocation_of_non_function
  error - The name 'Align' is defined in the libraries 'package:flutter/src/widgets/basic.dart (via package:flutter/material.dart)' and 'package:h_r_optimistic_mobile/overtime/edit_overtime_request/edit_overtime_request_widget.dart' - lib\overtime\overtime_new_page\overtime_new_page_widget.dart:2286:57 - ambiguous_import
  error - 'Padding' isn't a function - lib\overtime\overtime_new_page\overtime_new_page_widget.dart:2290:66 - invocation_of_non_function
  error - The name 'Padding' is defined in the libraries 'package:flutter/src/widgets/basic.dart (via package:flutter/material.dart)' and 'package:h_r_optimistic_mobile/overtime/edit_overtime_request/edit_overtime_request_widget.dart' - lib\overtime\overtime_new_page\overtime_new_page_widget.dart:2290:66 - ambiguous_import
  error - The argument type 'TextStyle' can't be assigned to the parameter type 'String?'.  - lib\overtime\overtime_new_page\overtime_new_page_widget.dart:2309:77 - argument_type_not_assignable
  error - 'Padding' isn't a function - lib\overtime\overtime_new_page\overtime_new_page_widget.dart:2340:57 - invocation_of_non_function
  error - The name 'Padding' is defined in the libraries 'package:flutter/src/widgets/basic.dart (via package:flutter/material.dart)' and 'package:h_r_optimistic_mobile/overtime/edit_overtime_request/edit_overtime_request_widget.dart' - lib\overtime\overtime_new_page\overtime_new_page_widget.dart:2340:57 - ambiguous_import
  error - The argument type 'TextStyle' can't be assigned to the parameter type 'String?'.  - lib\overtime\overtime_new_page\overtime_new_page_widget.dart:2365:77 - argument_type_not_assignable
  error - 'Row' isn't a function - lib\overtime\overtime_new_page\overtime_new_page_widget.dart:2400:53 - invocation_of_non_function
  error - The name 'Row' is defined in the libraries 'package:flutter/src/widgets/basic.dart (via package:flutter/material.dart)' and 'package:h_r_optimistic_mobile/overtime/edit_overtime_request/edit_overtime_request_widget.dart' - lib\overtime\overtime_new_page\overtime_new_page_widget.dart:2400:53 - ambiguous_import
  error - 'Container' isn't a function - lib\overtime\overtime_new_page\overtime_new_page_widget.dart:2407:57 - invocation_of_non_function
  error - The name 'Container' is defined in the libraries 'package:flutter/src/widgets/container.dart (via package:flutter/material.dart)' and 'package:h_r_optimistic_mobile/overtime/edit_overtime_request/edit_overtime_request_widget.dart' - lib\overtime\overtime_new_page\overtime_new_page_widget.dart:2407:57 - ambiguous_import
  error - 'Row' isn't a function - lib\overtime\overtime_new_page\overtime_new_page_widget.dart:2417:66 - invocation_of_non_function
  error - The name 'Row' is defined in the libraries 'package:flutter/src/widgets/basic.dart (via package:flutter/material.dart)' and 'package:h_r_optimistic_mobile/overtime/edit_overtime_request/edit_overtime_request_widget.dart' - lib\overtime\overtime_new_page\overtime_new_page_widget.dart:2417:66 - ambiguous_import
  error - 'Padding' isn't a function - lib\overtime\overtime_new_page\overtime_new_page_widget.dart:2422:63 - invocation_of_non_function
  error - The name 'Padding' is defined in the libraries 'package:flutter/src/widgets/basic.dart (via package:flutter/material.dart)' and 'package:h_r_optimistic_mobile/overtime/edit_overtime_request/edit_overtime_request_widget.dart' - lib\overtime\overtime_new_page\overtime_new_page_widget.dart:2422:63 - ambiguous_import
  error - The argument type 'TextStyle' can't be assigned to the parameter type 'String?'.  - lib\overtime\overtime_new_page\overtime_new_page_widget.dart:2441:77 - argument_type_not_assignable
  error - The argument type 'TextStyle' can't be assigned to the parameter type 'String?'.  - lib\overtime\overtime_new_page\overtime_new_page_widget.dart:2479:77 - argument_type_not_assignable
  error - 'Container' isn't a function - lib\overtime\overtime_new_page\overtime_new_page_widget.dart:2509:57 - invocation_of_non_function
  error - The name 'Container' is defined in the libraries 'package:flutter/src/widgets/container.dart (via package:flutter/material.dart)' and 'package:h_r_optimistic_mobile/overtime/edit_overtime_request/edit_overtime_request_widget.dart' - lib\overtime\overtime_new_page\overtime_new_page_widget.dart:2509:57 - ambiguous_import
  error - 'Padding' isn't a function - lib\overtime\overtime_new_page\overtime_new_page_widget.dart:2519:66 - invocation_of_non_function
  error - The name 'Padding' is defined in the libraries 'package:flutter/src/widgets/basic.dart (via package:flutter/material.dart)' and 'package:h_r_optimistic_mobile/overtime/edit_overtime_request/edit_overtime_request_widget.dart' - lib\overtime\overtime_new_page\overtime_new_page_widget.dart:2519:66 - ambiguous_import
  error - The argument type 'TextStyle' can't be assigned to the parameter type 'String?'.  - lib\overtime\overtime_new_page\overtime_new_page_widget.dart:2537:77 - argument_type_not_assignable
  error - 'Padding' isn't a function - lib\overtime\overtime_new_page\overtime_new_page_widget.dart:2590:31 - invocation_of_non_function
  error - The name 'Padding' is defined in the libraries 'package:flutter/src/widgets/basic.dart (via package:flutter/material.dart)' and 'package:h_r_optimistic_mobile/overtime/edit_overtime_request/edit_overtime_request_widget.dart' - lib\overtime\overtime_new_page\overtime_new_page_widget.dart:2590:31 - ambiguous_import
  error - 'Row' isn't a function - lib\overtime\overtime_new_page\overtime_new_page_widget.dart:2593:40 - invocation_of_non_function
  error - The name 'Row' is defined in the libraries 'package:flutter/src/widgets/basic.dart (via package:flutter/material.dart)' and 'package:h_r_optimistic_mobile/overtime/edit_overtime_request/edit_overtime_request_widget.dart' - lib\overtime\overtime_new_page\overtime_new_page_widget.dart:2593:40 - ambiguous_import
  error - 'Container' isn't a function - lib\overtime\overtime_new_page\overtime_new_page_widget.dart:2596:37 - invocation_of_non_function
  error - The name 'Container' is defined in the libraries 'package:flutter/src/widgets/container.dart (via package:flutter/material.dart)' and 'package:h_r_optimistic_mobile/overtime/edit_overtime_request/edit_overtime_request_widget.dart' - lib\overtime\overtime_new_page\overtime_new_page_widget.dart:2596:37 - ambiguous_import
  error - 'Row' isn't a function - lib\overtime\overtime_new_page\overtime_new_page_widget.dart:2672:48 - invocation_of_non_function
  error - The name 'Row' is defined in the libraries 'package:flutter/src/widgets/basic.dart (via package:flutter/material.dart)' and 'package:h_r_optimistic_mobile/overtime/edit_overtime_request/edit_overtime_request_widget.dart' - lib\overtime\overtime_new_page\overtime_new_page_widget.dart:2672:48 - ambiguous_import
  error - 'Padding' isn't a function - lib\overtime\overtime_new_page\overtime_new_page_widget.dart:2675:45 - invocation_of_non_function
  error - The name 'Padding' is defined in the libraries 'package:flutter/src/widgets/basic.dart (via package:flutter/material.dart)' and 'package:h_r_optimistic_mobile/overtime/edit_overtime_request/edit_overtime_request_widget.dart' - lib\overtime\overtime_new_page\overtime_new_page_widget.dart:2675:45 - ambiguous_import
  error - The getter 'fontFamily' isn't defined for the type 'ThemeData' - lib\overtime\overtime_new_page\overtime_new_page_widget.dart:2698:79 - undefined_getter
  error - 'Padding' isn't a function - lib\overtime\overtime_new_page\overtime_new_page_widget.dart:2726:45 - invocation_of_non_function
  error - The name 'Padding' is defined in the libraries 'package:flutter/src/widgets/basic.dart (via package:flutter/material.dart)' and 'package:h_r_optimistic_mobile/overtime/edit_overtime_request/edit_overtime_request_widget.dart' - lib\overtime\overtime_new_page\overtime_new_page_widget.dart:2726:45 - ambiguous_import
  error - 'Align' isn't a function - lib\overtime\overtime_new_page\overtime_new_page_widget.dart:2761:48 - invocation_of_non_function
  error - The name 'Align' is defined in the libraries 'package:flutter/src/widgets/basic.dart (via package:flutter/material.dart)' and 'package:h_r_optimistic_mobile/overtime/edit_overtime_request/edit_overtime_request_widget.dart' - lib\overtime\overtime_new_page\overtime_new_page_widget.dart:2761:48 - ambiguous_import
  error - 'Padding' isn't a function - lib\overtime\overtime_new_page\overtime_new_page_widget.dart:2764:50 - invocation_of_non_function
  error - The name 'Padding' is defined in the libraries 'package:flutter/src/widgets/basic.dart (via package:flutter/material.dart)' and 'package:h_r_optimistic_mobile/overtime/edit_overtime_request/edit_overtime_request_widget.dart' - lib\overtime\overtime_new_page\overtime_new_page_widget.dart:2764:50 - ambiguous_import
  error - 'Container' isn't a function - lib\overtime\overtime_new_page\overtime_new_page_widget.dart:2768:52 - invocation_of_non_function
  error - The name 'Container' is defined in the libraries 'package:flutter/src/widgets/container.dart (via package:flutter/material.dart)' and 'package:h_r_optimistic_mobile/overtime/edit_overtime_request/edit_overtime_request_widget.dart' - lib\overtime\overtime_new_page\overtime_new_page_widget.dart:2768:52 - ambiguous_import
  error - 'Row' isn't a function - lib\overtime\overtime_new_page\overtime_new_page_widget.dart:2791:53 - invocation_of_non_function
  error - The name 'Row' is defined in the libraries 'package:flutter/src/widgets/basic.dart (via package:flutter/material.dart)' and 'package:h_r_optimistic_mobile/overtime/edit_overtime_request/edit_overtime_request_widget.dart' - lib\overtime\overtime_new_page\overtime_new_page_widget.dart:2791:53 - ambiguous_import
  error - 'Padding' isn't a function - lib\overtime\overtime_new_page\overtime_new_page_widget.dart:2802:61 - invocation_of_non_function
  error - The name 'Padding' is defined in the libraries 'package:flutter/src/widgets/basic.dart (via package:flutter/material.dart)' and 'package:h_r_optimistic_mobile/overtime/edit_overtime_request/edit_overtime_request_widget.dart' - lib\overtime\overtime_new_page\overtime_new_page_widget.dart:2802:61 - ambiguous_import
  error - The argument type 'TextStyle' can't be assigned to the parameter type 'String?'.  - lib\overtime\overtime_new_page\overtime_new_page_widget.dart:2824:77 - argument_type_not_assignable
  error - 'Align' isn't a function - lib\overtime\overtime_new_page\overtime_new_page_widget.dart:2858:61 - invocation_of_non_function
  error - The name 'Align' is defined in the libraries 'package:flutter/src/widgets/basic.dart (via package:flutter/material.dart)' and 'package:h_r_optimistic_mobile/overtime/edit_overtime_request/edit_overtime_request_widget.dart' - lib\overtime\overtime_new_page\overtime_new_page_widget.dart:2858:61 - ambiguous_import
  error - 'Padding' isn't a function - lib\overtime\overtime_new_page\overtime_new_page_widget.dart:2862:70 - invocation_of_non_function
  error - The name 'Padding' is defined in the libraries 'package:flutter/src/widgets/basic.dart (via package:flutter/material.dart)' and 'package:h_r_optimistic_mobile/overtime/edit_overtime_request/edit_overtime_request_widget.dart' - lib\overtime\overtime_new_page\overtime_new_page_widget.dart:2862:70 - ambiguous_import
  error - 'Row' isn't a function - lib\overtime\overtime_new_page\overtime_new_page_widget.dart:2931:53 - invocation_of_non_function
  error - The name 'Row' is defined in the libraries 'package:flutter/src/widgets/basic.dart (via package:flutter/material.dart)' and 'package:h_r_optimistic_mobile/overtime/edit_overtime_request/edit_overtime_request_widget.dart' - lib\overtime\overtime_new_page\overtime_new_page_widget.dart:2931:53 - ambiguous_import
  error - 'Padding' isn't a function - lib\overtime\overtime_new_page\overtime_new_page_widget.dart:2935:57 - invocation_of_non_function
  error - The name 'Padding' is defined in the libraries 'package:flutter/src/widgets/basic.dart (via package:flutter/material.dart)' and 'package:h_r_optimistic_mobile/overtime/edit_overtime_request/edit_overtime_request_widget.dart' - lib\overtime\overtime_new_page\overtime_new_page_widget.dart:2935:57 - ambiguous_import
  error - The argument type 'TextStyle' can't be assigned to the parameter type 'String?'.  - lib\overtime\overtime_new_page\overtime_new_page_widget.dart:2955:77 - argument_type_not_assignable
  error - 'Align' isn't a function - lib\overtime\overtime_new_page\overtime_new_page_widget.dart:2988:57 - invocation_of_non_function
  error - The name 'Align' is defined in the libraries 'package:flutter/src/widgets/basic.dart (via package:flutter/material.dart)' and 'package:h_r_optimistic_mobile/overtime/edit_overtime_request/edit_overtime_request_widget.dart' - lib\overtime\overtime_new_page\overtime_new_page_widget.dart:2988:57 - ambiguous_import
  error - 'Padding' isn't a function - lib\overtime\overtime_new_page\overtime_new_page_widget.dart:2992:66 - invocation_of_non_function
  error - The name 'Padding' is defined in the libraries 'package:flutter/src/widgets/basic.dart (via package:flutter/material.dart)' and 'package:h_r_optimistic_mobile/overtime/edit_overtime_request/edit_overtime_request_widget.dart' - lib\overtime\overtime_new_page\overtime_new_page_widget.dart:2992:66 - ambiguous_import
  error - The argument type 'TextStyle' can't be assigned to the parameter type 'String?'.  - lib\overtime\overtime_new_page\overtime_new_page_widget.dart:3027:77 - argument_type_not_assignable
  error - 'Row' isn't a function - lib\overtime\overtime_new_page\overtime_new_page_widget.dart:3065:53 - invocation_of_non_function
  error - The name 'Row' is defined in the libraries 'package:flutter/src/widgets/basic.dart (via package:flutter/material.dart)' and 'package:h_r_optimistic_mobile/overtime/edit_overtime_request/edit_overtime_request_widget.dart' - lib\overtime\overtime_new_page\overtime_new_page_widget.dart:3065:53 - ambiguous_import
  error - 'Align' isn't a function - lib\overtime\overtime_new_page\overtime_new_page_widget.dart:3069:57 - invocation_of_non_function
  error - The name 'Align' is defined in the libraries 'package:flutter/src/widgets/basic.dart (via package:flutter/material.dart)' and 'package:h_r_optimistic_mobile/overtime/edit_overtime_request/edit_overtime_request_widget.dart' - lib\overtime\overtime_new_page\overtime_new_page_widget.dart:3069:57 - ambiguous_import
  error - 'Padding' isn't a function - lib\overtime\overtime_new_page\overtime_new_page_widget.dart:3073:66 - invocation_of_non_function
  error - The name 'Padding' is defined in the libraries 'package:flutter/src/widgets/basic.dart (via package:flutter/material.dart)' and 'package:h_r_optimistic_mobile/overtime/edit_overtime_request/edit_overtime_request_widget.dart' - lib\overtime\overtime_new_page\overtime_new_page_widget.dart:3073:66 - ambiguous_import
  error - The argument type 'TextStyle' can't be assigned to the parameter type 'String?'.  - lib\overtime\overtime_new_page\overtime_new_page_widget.dart:3092:77 - argument_type_not_assignable
  error - 'Align' isn't a function - lib\overtime\overtime_new_page\overtime_new_page_widget.dart:3126:57 - invocation_of_non_function
  error - The name 'Align' is defined in the libraries 'package:flutter/src/widgets/basic.dart (via package:flutter/material.dart)' and 'package:h_r_optimistic_mobile/overtime/edit_overtime_request/edit_overtime_request_widget.dart' - lib\overtime\overtime_new_page\overtime_new_page_widget.dart:3126:57 - ambiguous_import
  error - 'Padding' isn't a function - lib\overtime\overtime_new_page\overtime_new_page_widget.dart:3130:66 - invocation_of_non_function
  error - The name 'Padding' is defined in the libraries 'package:flutter/src/widgets/basic.dart (via package:flutter/material.dart)' and 'package:h_r_optimistic_mobile/overtime/edit_overtime_request/edit_overtime_request_widget.dart' - lib\overtime\overtime_new_page\overtime_new_page_widget.dart:3130:66 - ambiguous_import
  error - The argument type 'TextStyle' can't be assigned to the parameter type 'String?'.  - lib\overtime\overtime_new_page\overtime_new_page_widget.dart:3154:77 - argument_type_not_assignable
  error - 'Align' isn't a function - lib\overtime\overtime_new_page\overtime_new_page_widget.dart:3183:57 - invocation_of_non_function
  error - The name 'Align' is defined in the libraries 'package:flutter/src/widgets/basic.dart (via package:flutter/material.dart)' and 'package:h_r_optimistic_mobile/overtime/edit_overtime_request/edit_overtime_request_widget.dart' - lib\overtime\overtime_new_page\overtime_new_page_widget.dart:3183:57 - ambiguous_import
  error - 'Padding' isn't a function - lib\overtime\overtime_new_page\overtime_new_page_widget.dart:3187:66 - invocation_of_non_function
  error - The name 'Padding' is defined in the libraries 'package:flutter/src/widgets/basic.dart (via package:flutter/material.dart)' and 'package:h_r_optimistic_mobile/overtime/edit_overtime_request/edit_overtime_request_widget.dart' - lib\overtime\overtime_new_page\overtime_new_page_widget.dart:3187:66 - ambiguous_import
  error - The argument type 'TextStyle' can't be assigned to the parameter type 'String?'.  - lib\overtime\overtime_new_page\overtime_new_page_widget.dart:3205:77 - argument_type_not_assignable
  error - 'Padding' isn't a function - lib\overtime\overtime_new_page\overtime_new_page_widget.dart:3234:57 - invocation_of_non_function
  error - The name 'Padding' is defined in the libraries 'package:flutter/src/widgets/basic.dart (via package:flutter/material.dart)' and 'package:h_r_optimistic_mobile/overtime/edit_overtime_request/edit_overtime_request_widget.dart' - lib\overtime\overtime_new_page\overtime_new_page_widget.dart:3234:57 - ambiguous_import
  error - The argument type 'TextStyle' can't be assigned to the parameter type 'String?'.  - lib\overtime\overtime_new_page\overtime_new_page_widget.dart:3254:77 - argument_type_not_assignable
  error - 'Padding' isn't a function - lib\overtime\overtime_new_page\overtime_new_page_widget.dart:3280:57 - invocation_of_non_function
  error - The name 'Padding' is defined in the libraries 'package:flutter/src/widgets/basic.dart (via package:flutter/material.dart)' and 'package:h_r_optimistic_mobile/overtime/edit_overtime_request/edit_overtime_request_widget.dart' - lib\overtime\overtime_new_page\overtime_new_page_widget.dart:3280:57 - ambiguous_import
  error - The argument type 'TextStyle' can't be assigned to the parameter type 'String?'.  - lib\overtime\overtime_new_page\overtime_new_page_widget.dart:3299:77 - argument_type_not_assignable
  error - 'Row' isn't a function - lib\overtime\overtime_new_page\overtime_new_page_widget.dart:3327:53 - invocation_of_non_function
  error - The name 'Row' is defined in the libraries 'package:flutter/src/widgets/basic.dart (via package:flutter/material.dart)' and 'package:h_r_optimistic_mobile/overtime/edit_overtime_request/edit_overtime_request_widget.dart' - lib\overtime\overtime_new_page\overtime_new_page_widget.dart:3327:53 - ambiguous_import
  error - 'Align' isn't a function - lib\overtime\overtime_new_page\overtime_new_page_widget.dart:3331:57 - invocation_of_non_function
  error - The name 'Align' is defined in the libraries 'package:flutter/src/widgets/basic.dart (via package:flutter/material.dart)' and 'package:h_r_optimistic_mobile/overtime/edit_overtime_request/edit_overtime_request_widget.dart' - lib\overtime\overtime_new_page\overtime_new_page_widget.dart:3331:57 - ambiguous_import
  error - 'Padding' isn't a function - lib\overtime\overtime_new_page\overtime_new_page_widget.dart:3335:66 - invocation_of_non_function
  error - The name 'Padding' is defined in the libraries 'package:flutter/src/widgets/basic.dart (via package:flutter/material.dart)' and 'package:h_r_optimistic_mobile/overtime/edit_overtime_request/edit_overtime_request_widget.dart' - lib\overtime\overtime_new_page\overtime_new_page_widget.dart:3335:66 - ambiguous_import
  error - The argument type 'TextStyle' can't be assigned to the parameter type 'String?'.  - lib\overtime\overtime_new_page\overtime_new_page_widget.dart:3354:77 - argument_type_not_assignable
  error - The argument type 'TextStyle' can't be assigned to the parameter type 'String?'.  - lib\overtime\overtime_new_page\overtime_new_page_widget.dart:3395:77 - argument_type_not_assignable
  error - 'Row' isn't a function - lib\overtime\overtime_new_page\overtime_new_page_widget.dart:3497:64 - invocation_of_non_function
  error - The name 'Row' is defined in the libraries 'package:flutter/src/widgets/basic.dart (via package:flutter/material.dart)' and 'package:h_r_optimistic_mobile/overtime/edit_overtime_request/edit_overtime_request_widget.dart' - lib\overtime\overtime_new_page\overtime_new_page_widget.dart:3497:64 - ambiguous_import
  error - 'Padding' isn't a function - lib\overtime\overtime_new_page\overtime_new_page_widget.dart:3501:61 - invocation_of_non_function
  error - The name 'Padding' is defined in the libraries 'package:flutter/src/widgets/basic.dart (via package:flutter/material.dart)' and 'package:h_r_optimistic_mobile/overtime/edit_overtime_request/edit_overtime_request_widget.dart' - lib\overtime\overtime_new_page\overtime_new_page_widget.dart:3501:61 - ambiguous_import
  error - The argument type 'TextStyle' can't be assigned to the parameter type 'String?'.  - lib\overtime\overtime_new_page\overtime_new_page_widget.dart:3527:77 - argument_type_not_assignable
  error - 'Align' isn't a function - lib\overtime\overtime_new_page\overtime_new_page_widget.dart:3559:61 - invocation_of_non_function
  error - The name 'Align' is defined in the libraries 'package:flutter/src/widgets/basic.dart (via package:flutter/material.dart)' and 'package:h_r_optimistic_mobile/overtime/edit_overtime_request/edit_overtime_request_widget.dart' - lib\overtime\overtime_new_page\overtime_new_page_widget.dart:3559:61 - ambiguous_import
  error - 'Padding' isn't a function - lib\overtime\overtime_new_page\overtime_new_page_widget.dart:3564:70 - invocation_of_non_function
  error - The name 'Padding' is defined in the libraries 'package:flutter/src/widgets/basic.dart (via package:flutter/material.dart)' and 'package:h_r_optimistic_mobile/overtime/edit_overtime_request/edit_overtime_request_widget.dart' - lib\overtime\overtime_new_page\overtime_new_page_widget.dart:3564:70 - ambiguous_import
  error - The argument type 'TextStyle' can't be assigned to the parameter type 'String?'.  - lib\overtime\overtime_new_page\overtime_new_page_widget.dart:3583:77 - argument_type_not_assignable
  error - 'Row' isn't a function - lib\overtime\overtime_new_page\overtime_new_page_widget.dart:3616:53 - invocation_of_non_function
  error - The name 'Row' is defined in the libraries 'package:flutter/src/widgets/basic.dart (via package:flutter/material.dart)' and 'package:h_r_optimistic_mobile/overtime/edit_overtime_request/edit_overtime_request_widget.dart' - lib\overtime\overtime_new_page\overtime_new_page_widget.dart:3616:53 - ambiguous_import
  error - 'Align' isn't a function - lib\overtime\overtime_new_page\overtime_new_page_widget.dart:3620:57 - invocation_of_non_function
  error - The name 'Align' is defined in the libraries 'package:flutter/src/widgets/basic.dart (via package:flutter/material.dart)' and 'package:h_r_optimistic_mobile/overtime/edit_overtime_request/edit_overtime_request_widget.dart' - lib\overtime\overtime_new_page\overtime_new_page_widget.dart:3620:57 - ambiguous_import
  error - 'Padding' isn't a function - lib\overtime\overtime_new_page\overtime_new_page_widget.dart:3624:66 - invocation_of_non_function
  error - The name 'Padding' is defined in the libraries 'package:flutter/src/widgets/basic.dart (via package:flutter/material.dart)' and 'package:h_r_optimistic_mobile/overtime/edit_overtime_request/edit_overtime_request_widget.dart' - lib\overtime\overtime_new_page\overtime_new_page_widget.dart:3624:66 - ambiguous_import
  error - The argument type 'TextStyle' can't be assigned to the parameter type 'String?'.  - lib\overtime\overtime_new_page\overtime_new_page_widget.dart:3643:77 - argument_type_not_assignable
  error - 'Padding' isn't a function - lib\overtime\overtime_new_page\overtime_new_page_widget.dart:3674:57 - invocation_of_non_function
  error - The name 'Padding' is defined in the libraries 'package:flutter/src/widgets/basic.dart (via package:flutter/material.dart)' and 'package:h_r_optimistic_mobile/overtime/edit_overtime_request/edit_overtime_request_widget.dart' - lib\overtime\overtime_new_page\overtime_new_page_widget.dart:3674:57 - ambiguous_import
  error - The argument type 'TextStyle' can't be assigned to the parameter type 'String?'.  - lib\overtime\overtime_new_page\overtime_new_page_widget.dart:3699:77 - argument_type_not_assignable
  error - 'Row' isn't a function - lib\overtime\overtime_new_page\overtime_new_page_widget.dart:3734:53 - invocation_of_non_function
  error - The name 'Row' is defined in the libraries 'package:flutter/src/widgets/basic.dart (via package:flutter/material.dart)' and 'package:h_r_optimistic_mobile/overtime/edit_overtime_request/edit_overtime_request_widget.dart' - lib\overtime\overtime_new_page\overtime_new_page_widget.dart:3734:53 - ambiguous_import
  error - 'Padding' isn't a function - lib\overtime\overtime_new_page\overtime_new_page_widget.dart:3740:57 - invocation_of_non_function
  error - The name 'Padding' is defined in the libraries 'package:flutter/src/widgets/basic.dart (via package:flutter/material.dart)' and 'package:h_r_optimistic_mobile/overtime/edit_overtime_request/edit_overtime_request_widget.dart' - lib\overtime\overtime_new_page\overtime_new_page_widget.dart:3740:57 - ambiguous_import
  error - 'Padding' isn't a function - lib\overtime\overtime_new_page\overtime_new_page_widget.dart:3884:31 - invocation_of_non_function
  error - The name 'Padding' is defined in the libraries 'package:flutter/src/widgets/basic.dart (via package:flutter/material.dart)' and 'package:h_r_optimistic_mobile/overtime/edit_overtime_request/edit_overtime_request_widget.dart' - lib\overtime\overtime_new_page\overtime_new_page_widget.dart:3884:31 - ambiguous_import
  error - 'Row' isn't a function - lib\overtime\overtime_new_page\overtime_new_page_widget.dart:3887:40 - invocation_of_non_function
  error - The name 'Row' is defined in the libraries 'package:flutter/src/widgets/basic.dart (via package:flutter/material.dart)' and 'package:h_r_optimistic_mobile/overtime/edit_overtime_request/edit_overtime_request_widget.dart' - lib\overtime\overtime_new_page\overtime_new_page_widget.dart:3887:40 - ambiguous_import
  error - 'Container' isn't a function - lib\overtime\overtime_new_page\overtime_new_page_widget.dart:3890:37 - invocation_of_non_function
  error - The name 'Container' is defined in the libraries 'package:flutter/src/widgets/container.dart (via package:flutter/material.dart)' and 'package:h_r_optimistic_mobile/overtime/edit_overtime_request/edit_overtime_request_widget.dart' - lib\overtime\overtime_new_page\overtime_new_page_widget.dart:3890:37 - ambiguous_import
  error - 'Row' isn't a function - lib\overtime\overtime_new_page\overtime_new_page_widget.dart:3966:48 - invocation_of_non_function
  error - The name 'Row' is defined in the libraries 'package:flutter/src/widgets/basic.dart (via package:flutter/material.dart)' and 'package:h_r_optimistic_mobile/overtime/edit_overtime_request/edit_overtime_request_widget.dart' - lib\overtime\overtime_new_page\overtime_new_page_widget.dart:3966:48 - ambiguous_import
  error - 'Padding' isn't a function - lib\overtime\overtime_new_page\overtime_new_page_widget.dart:3969:45 - invocation_of_non_function
  error - The name 'Padding' is defined in the libraries 'package:flutter/src/widgets/basic.dart (via package:flutter/material.dart)' and 'package:h_r_optimistic_mobile/overtime/edit_overtime_request/edit_overtime_request_widget.dart' - lib\overtime\overtime_new_page\overtime_new_page_widget.dart:3969:45 - ambiguous_import
  error - The getter 'fontFamily' isn't defined for the type 'ThemeData' - lib\overtime\overtime_new_page\overtime_new_page_widget.dart:3983:79 - undefined_getter
  error - The getter 'fontFamily' isn't defined for the type 'ThemeData' - lib\overtime\overtime_new_page\overtime_new_page_widget.dart:4025:77 - undefined_getter
  error - The getter 'fontFamily' isn't defined for the type 'ThemeData' - lib\overtime\overtime_new_page\overtime_new_page_widget.dart:4062:77 - undefined_getter
  error - The getter 'fontFamily' isn't defined for the type 'ThemeData' - lib\overtime\overtime_new_page\overtime_new_page_widget.dart:4102:77 - undefined_getter
  error - 'Padding' isn't a function - lib\overtime\overtime_new_page\overtime_new_page_widget.dart:4128:45 - invocation_of_non_function
  error - The name 'Padding' is defined in the libraries 'package:flutter/src/widgets/basic.dart (via package:flutter/material.dart)' and 'package:h_r_optimistic_mobile/overtime/edit_overtime_request/edit_overtime_request_widget.dart' - lib\overtime\overtime_new_page\overtime_new_page_widget.dart:4128:45 - ambiguous_import
  error - 'Align' isn't a function - lib\overtime\overtime_new_page\overtime_new_page_widget.dart:4144:37 - invocation_of_non_function
  error - The name 'Align' is defined in the libraries 'package:flutter/src/widgets/basic.dart (via package:flutter/material.dart)' and 'package:h_r_optimistic_mobile/overtime/edit_overtime_request/edit_overtime_request_widget.dart' - lib\overtime\overtime_new_page\overtime_new_page_widget.dart:4144:37 - ambiguous_import
  error - 'Padding' isn't a function - lib\overtime\overtime_new_page\overtime_new_page_widget.dart:4147:46 - invocation_of_non_function
  error - The name 'Padding' is defined in the libraries 'package:flutter/src/widgets/basic.dart (via package:flutter/material.dart)' and 'package:h_r_optimistic_mobile/overtime/edit_overtime_request/edit_overtime_request_widget.dart' - lib\overtime\overtime_new_page\overtime_new_page_widget.dart:4147:46 - ambiguous_import
  error - The getter 'fontFamily' isn't defined for the type 'ThemeData' - lib\overtime\overtime_new_page\overtime_new_page_widget.dart:4184:81 - undefined_getter
  error - 'Align' isn't a function - lib\overtime\overtime_new_page\overtime_new_page_widget.dart:4254:48 - invocation_of_non_function
  error - The name 'Align' is defined in the libraries 'package:flutter/src/widgets/basic.dart (via package:flutter/material.dart)' and 'package:h_r_optimistic_mobile/overtime/edit_overtime_request/edit_overtime_request_widget.dart' - lib\overtime\overtime_new_page\overtime_new_page_widget.dart:4254:48 - ambiguous_import
  error - 'Padding' isn't a function - lib\overtime\overtime_new_page\overtime_new_page_widget.dart:4257:50 - invocation_of_non_function
  error - The name 'Padding' is defined in the libraries 'package:flutter/src/widgets/basic.dart (via package:flutter/material.dart)' and 'package:h_r_optimistic_mobile/overtime/edit_overtime_request/edit_overtime_request_widget.dart' - lib\overtime\overtime_new_page\overtime_new_page_widget.dart:4257:50 - ambiguous_import
  error - 'Container' isn't a function - lib\overtime\overtime_new_page\overtime_new_page_widget.dart:4261:52 - invocation_of_non_function
  error - The name 'Container' is defined in the libraries 'package:flutter/src/widgets/container.dart (via package:flutter/material.dart)' and 'package:h_r_optimistic_mobile/overtime/edit_overtime_request/edit_overtime_request_widget.dart' - lib\overtime\overtime_new_page\overtime_new_page_widget.dart:4261:52 - ambiguous_import
  error - 'Row' isn't a function - lib\overtime\overtime_new_page\overtime_new_page_widget.dart:4284:53 - invocation_of_non_function
  error - The name 'Row' is defined in the libraries 'package:flutter/src/widgets/basic.dart (via package:flutter/material.dart)' and 'package:h_r_optimistic_mobile/overtime/edit_overtime_request/edit_overtime_request_widget.dart' - lib\overtime\overtime_new_page\overtime_new_page_widget.dart:4284:53 - ambiguous_import
  error - 'Padding' isn't a function - lib\overtime\overtime_new_page\overtime_new_page_widget.dart:4295:61 - invocation_of_non_function
  error - The name 'Padding' is defined in the libraries 'package:flutter/src/widgets/basic.dart (via package:flutter/material.dart)' and 'package:h_r_optimistic_mobile/overtime/edit_overtime_request/edit_overtime_request_widget.dart' - lib\overtime\overtime_new_page\overtime_new_page_widget.dart:4295:61 - ambiguous_import
  error - The argument type 'TextStyle' can't be assigned to the parameter type 'String?'.  - lib\overtime\overtime_new_page\overtime_new_page_widget.dart:4317:77 - argument_type_not_assignable
  error - 'Align' isn't a function - lib\overtime\overtime_new_page\overtime_new_page_widget.dart:4351:61 - invocation_of_non_function
  error - The name 'Align' is defined in the libraries 'package:flutter/src/widgets/basic.dart (via package:flutter/material.dart)' and 'package:h_r_optimistic_mobile/overtime/edit_overtime_request/edit_overtime_request_widget.dart' - lib\overtime\overtime_new_page\overtime_new_page_widget.dart:4351:61 - ambiguous_import
  error - 'Padding' isn't a function - lib\overtime\overtime_new_page\overtime_new_page_widget.dart:4355:70 - invocation_of_non_function
  error - The name 'Padding' is defined in the libraries 'package:flutter/src/widgets/basic.dart (via package:flutter/material.dart)' and 'package:h_r_optimistic_mobile/overtime/edit_overtime_request/edit_overtime_request_widget.dart' - lib\overtime\overtime_new_page\overtime_new_page_widget.dart:4355:70 - ambiguous_import
  error - 'Row' isn't a function - lib\overtime\overtime_new_page\overtime_new_page_widget.dart:4436:53 - invocation_of_non_function
  error - The name 'Row' is defined in the libraries 'package:flutter/src/widgets/basic.dart (via package:flutter/material.dart)' and 'package:h_r_optimistic_mobile/overtime/edit_overtime_request/edit_overtime_request_widget.dart' - lib\overtime\overtime_new_page\overtime_new_page_widget.dart:4436:53 - ambiguous_import
  error - 'Padding' isn't a function - lib\overtime\overtime_new_page\overtime_new_page_widget.dart:4440:57 - invocation_of_non_function
  error - The name 'Padding' is defined in the libraries 'package:flutter/src/widgets/basic.dart (via package:flutter/material.dart)' and 'package:h_r_optimistic_mobile/overtime/edit_overtime_request/edit_overtime_request_widget.dart' - lib\overtime\overtime_new_page\overtime_new_page_widget.dart:4440:57 - ambiguous_import
  error - The argument type 'TextStyle' can't be assigned to the parameter type 'String?'.  - lib\overtime\overtime_new_page\overtime_new_page_widget.dart:4460:77 - argument_type_not_assignable
  error - 'Align' isn't a function - lib\overtime\overtime_new_page\overtime_new_page_widget.dart:4493:57 - invocation_of_non_function
  error - The name 'Align' is defined in the libraries 'package:flutter/src/widgets/basic.dart (via package:flutter/material.dart)' and 'package:h_r_optimistic_mobile/overtime/edit_overtime_request/edit_overtime_request_widget.dart' - lib\overtime\overtime_new_page\overtime_new_page_widget.dart:4493:57 - ambiguous_import
  error - 'Padding' isn't a function - lib\overtime\overtime_new_page\overtime_new_page_widget.dart:4497:66 - invocation_of_non_function
  error - The name 'Padding' is defined in the libraries 'package:flutter/src/widgets/basic.dart (via package:flutter/material.dart)' and 'package:h_r_optimistic_mobile/overtime/edit_overtime_request/edit_overtime_request_widget.dart' - lib\overtime\overtime_new_page\overtime_new_page_widget.dart:4497:66 - ambiguous_import
  error - The argument type 'TextStyle' can't be assigned to the parameter type 'String?'.  - lib\overtime\overtime_new_page\overtime_new_page_widget.dart:4515:77 - argument_type_not_assignable
  error - 'Row' isn't a function - lib\overtime\overtime_new_page\overtime_new_page_widget.dart:4553:53 - invocation_of_non_function
  error - The name 'Row' is defined in the libraries 'package:flutter/src/widgets/basic.dart (via package:flutter/material.dart)' and 'package:h_r_optimistic_mobile/overtime/edit_overtime_request/edit_overtime_request_widget.dart' - lib\overtime\overtime_new_page\overtime_new_page_widget.dart:4553:53 - ambiguous_import
  error - 'Align' isn't a function - lib\overtime\overtime_new_page\overtime_new_page_widget.dart:4557:57 - invocation_of_non_function
  error - The name 'Align' is defined in the libraries 'package:flutter/src/widgets/basic.dart (via package:flutter/material.dart)' and 'package:h_r_optimistic_mobile/overtime/edit_overtime_request/edit_overtime_request_widget.dart' - lib\overtime\overtime_new_page\overtime_new_page_widget.dart:4557:57 - ambiguous_import
  error - 'Padding' isn't a function - lib\overtime\overtime_new_page\overtime_new_page_widget.dart:4561:66 - invocation_of_non_function
  error - The name 'Padding' is defined in the libraries 'package:flutter/src/widgets/basic.dart (via package:flutter/material.dart)' and 'package:h_r_optimistic_mobile/overtime/edit_overtime_request/edit_overtime_request_widget.dart' - lib\overtime\overtime_new_page\overtime_new_page_widget.dart:4561:66 - ambiguous_import
  error - The argument type 'TextStyle' can't be assigned to the parameter type 'String?'.  - lib\overtime\overtime_new_page\overtime_new_page_widget.dart:4580:77 - argument_type_not_assignable
  error - 'Align' isn't a function - lib\overtime\overtime_new_page\overtime_new_page_widget.dart:4614:57 - invocation_of_non_function
  error - The name 'Align' is defined in the libraries 'package:flutter/src/widgets/basic.dart (via package:flutter/material.dart)' and 'package:h_r_optimistic_mobile/overtime/edit_overtime_request/edit_overtime_request_widget.dart' - lib\overtime\overtime_new_page\overtime_new_page_widget.dart:4614:57 - ambiguous_import
  error - 'Padding' isn't a function - lib\overtime\overtime_new_page\overtime_new_page_widget.dart:4618:66 - invocation_of_non_function
  error - The name 'Padding' is defined in the libraries 'package:flutter/src/widgets/basic.dart (via package:flutter/material.dart)' and 'package:h_r_optimistic_mobile/overtime/edit_overtime_request/edit_overtime_request_widget.dart' - lib\overtime\overtime_new_page\overtime_new_page_widget.dart:4618:66 - ambiguous_import
  error - The argument type 'TextStyle' can't be assigned to the parameter type 'String?'.  - lib\overtime\overtime_new_page\overtime_new_page_widget.dart:4642:77 - argument_type_not_assignable
  error - 'Padding' isn't a function - lib\overtime\overtime_new_page\overtime_new_page_widget.dart:4671:57 - invocation_of_non_function
  error - The name 'Padding' is defined in the libraries 'package:flutter/src/widgets/basic.dart (via package:flutter/material.dart)' and 'package:h_r_optimistic_mobile/overtime/edit_overtime_request/edit_overtime_request_widget.dart' - lib\overtime\overtime_new_page\overtime_new_page_widget.dart:4671:57 - ambiguous_import
  error - The argument type 'TextStyle' can't be assigned to the parameter type 'String?'.  - lib\overtime\overtime_new_page\overtime_new_page_widget.dart:4691:77 - argument_type_not_assignable
  error - 'Padding' isn't a function - lib\overtime\overtime_new_page\overtime_new_page_widget.dart:4717:57 - invocation_of_non_function
  error - The name 'Padding' is defined in the libraries 'package:flutter/src/widgets/basic.dart (via package:flutter/material.dart)' and 'package:h_r_optimistic_mobile/overtime/edit_overtime_request/edit_overtime_request_widget.dart' - lib\overtime\overtime_new_page\overtime_new_page_widget.dart:4717:57 - ambiguous_import
  error - The argument type 'TextStyle' can't be assigned to the parameter type 'String?'.  - lib\overtime\overtime_new_page\overtime_new_page_widget.dart:4745:77 - argument_type_not_assignable
  error - 'Row' isn't a function - lib\overtime\overtime_new_page\overtime_new_page_widget.dart:4773:53 - invocation_of_non_function
  error - The name 'Row' is defined in the libraries 'package:flutter/src/widgets/basic.dart (via package:flutter/material.dart)' and 'package:h_r_optimistic_mobile/overtime/edit_overtime_request/edit_overtime_request_widget.dart' - lib\overtime\overtime_new_page\overtime_new_page_widget.dart:4773:53 - ambiguous_import
  error - 'Align' isn't a function - lib\overtime\overtime_new_page\overtime_new_page_widget.dart:4777:57 - invocation_of_non_function
  error - The name 'Align' is defined in the libraries 'package:flutter/src/widgets/basic.dart (via package:flutter/material.dart)' and 'package:h_r_optimistic_mobile/overtime/edit_overtime_request/edit_overtime_request_widget.dart' - lib\overtime\overtime_new_page\overtime_new_page_widget.dart:4777:57 - ambiguous_import
  error - 'Padding' isn't a function - lib\overtime\overtime_new_page\overtime_new_page_widget.dart:4781:66 - invocation_of_non_function
  error - The name 'Padding' is defined in the libraries 'package:flutter/src/widgets/basic.dart (via package:flutter/material.dart)' and 'package:h_r_optimistic_mobile/overtime/edit_overtime_request/edit_overtime_request_widget.dart' - lib\overtime\overtime_new_page\overtime_new_page_widget.dart:4781:66 - ambiguous_import
  error - The argument type 'TextStyle' can't be assigned to the parameter type 'String?'.  - lib\overtime\overtime_new_page\overtime_new_page_widget.dart:4800:77 - argument_type_not_assignable
  error - The argument type 'TextStyle' can't be assigned to the parameter type 'String?'.  - lib\overtime\overtime_new_page\overtime_new_page_widget.dart:4841:77 - argument_type_not_assignable
  error - 'Padding' isn't a function - lib\overtime\overtime_new_page\overtime_new_page_widget.dart:4872:59 - invocation_of_non_function
  error - The name 'Padding' is defined in the libraries 'package:flutter/src/widgets/basic.dart (via package:flutter/material.dart)' and 'package:h_r_optimistic_mobile/overtime/edit_overtime_request/edit_overtime_request_widget.dart' - lib\overtime\overtime_new_page\overtime_new_page_widget.dart:4872:59 - ambiguous_import
  error - 'Row' isn't a function - lib\overtime\overtime_new_page\overtime_new_page_widget.dart:4951:66 - invocation_of_non_function
  error - The name 'Row' is defined in the libraries 'package:flutter/src/widgets/basic.dart (via package:flutter/material.dart)' and 'package:h_r_optimistic_mobile/overtime/edit_overtime_request/edit_overtime_request_widget.dart' - lib\overtime\overtime_new_page\overtime_new_page_widget.dart:4951:66 - ambiguous_import
  error - 'Padding' isn't a function - lib\overtime\overtime_new_page\overtime_new_page_widget.dart:4956:63 - invocation_of_non_function
  error - The name 'Padding' is defined in the libraries 'package:flutter/src/widgets/basic.dart (via package:flutter/material.dart)' and 'package:h_r_optimistic_mobile/overtime/edit_overtime_request/edit_overtime_request_widget.dart' - lib\overtime\overtime_new_page\overtime_new_page_widget.dart:4956:63 - ambiguous_import
  error - The argument type 'TextStyle' can't be assigned to the parameter type 'String?'.  - lib\overtime\overtime_new_page\overtime_new_page_widget.dart:4982:77 - argument_type_not_assignable
  error - 'Align' isn't a function - lib\overtime\overtime_new_page\overtime_new_page_widget.dart:5011:63 - invocation_of_non_function
  error - The name 'Align' is defined in the libraries 'package:flutter/src/widgets/basic.dart (via package:flutter/material.dart)' and 'package:h_r_optimistic_mobile/overtime/edit_overtime_request/edit_overtime_request_widget.dart' - lib\overtime\overtime_new_page\overtime_new_page_widget.dart:5011:63 - ambiguous_import
  error - 'Padding' isn't a function - lib\overtime\overtime_new_page\overtime_new_page_widget.dart:5016:72 - invocation_of_non_function
  error - The name 'Padding' is defined in the libraries 'package:flutter/src/widgets/basic.dart (via package:flutter/material.dart)' and 'package:h_r_optimistic_mobile/overtime/edit_overtime_request/edit_overtime_request_widget.dart' - lib\overtime\overtime_new_page\overtime_new_page_widget.dart:5016:72 - ambiguous_import
  error - 'Row' isn't a function - lib\overtime\overtime_new_page\overtime_new_page_widget.dart:5051:53 - invocation_of_non_function
  error - The name 'Row' is defined in the libraries 'package:flutter/src/widgets/basic.dart (via package:flutter/material.dart)' and 'package:h_r_optimistic_mobile/overtime/edit_overtime_request/edit_overtime_request_widget.dart' - lib\overtime\overtime_new_page\overtime_new_page_widget.dart:5051:53 - ambiguous_import
  error - 'Align' isn't a function - lib\overtime\overtime_new_page\overtime_new_page_widget.dart:5055:57 - invocation_of_non_function
  error - The name 'Align' is defined in the libraries 'package:flutter/src/widgets/basic.dart (via package:flutter/material.dart)' and 'package:h_r_optimistic_mobile/overtime/edit_overtime_request/edit_overtime_request_widget.dart' - lib\overtime\overtime_new_page\overtime_new_page_widget.dart:5055:57 - ambiguous_import
  error - 'Padding' isn't a function - lib\overtime\overtime_new_page\overtime_new_page_widget.dart:5059:66 - invocation_of_non_function
  error - The name 'Padding' is defined in the libraries 'package:flutter/src/widgets/basic.dart (via package:flutter/material.dart)' and 'package:h_r_optimistic_mobile/overtime/edit_overtime_request/edit_overtime_request_widget.dart' - lib\overtime\overtime_new_page\overtime_new_page_widget.dart:5059:66 - ambiguous_import
  error - The argument type 'TextStyle' can't be assigned to the parameter type 'String?'.  - lib\overtime\overtime_new_page\overtime_new_page_widget.dart:5078:77 - argument_type_not_assignable
  error - 'Padding' isn't a function - lib\overtime\overtime_new_page\overtime_new_page_widget.dart:5112:57 - invocation_of_non_function
  error - The name 'Padding' is defined in the libraries 'package:flutter/src/widgets/basic.dart (via package:flutter/material.dart)' and 'package:h_r_optimistic_mobile/overtime/edit_overtime_request/edit_overtime_request_widget.dart' - lib\overtime\overtime_new_page\overtime_new_page_widget.dart:5112:57 - ambiguous_import
  error - The argument type 'TextStyle' can't be assigned to the parameter type 'String?'.  - lib\overtime\overtime_new_page\overtime_new_page_widget.dart:5137:77 - argument_type_not_assignable
  error - 'Row' isn't a function - lib\overtime\overtime_new_page\overtime_new_page_widget.dart:5170:53 - invocation_of_non_function
  error - The name 'Row' is defined in the libraries 'package:flutter/src/widgets/basic.dart (via package:flutter/material.dart)' and 'package:h_r_optimistic_mobile/overtime/edit_overtime_request/edit_overtime_request_widget.dart' - lib\overtime\overtime_new_page\overtime_new_page_widget.dart:5170:53 - ambiguous_import
  error - 'Row' isn't a function - lib\overtime\overtime_new_page\overtime_new_page_widget.dart:5177:57 - invocation_of_non_function
  error - The name 'Row' is defined in the libraries 'package:flutter/src/widgets/basic.dart (via package:flutter/material.dart)' and 'package:h_r_optimistic_mobile/overtime/edit_overtime_request/edit_overtime_request_widget.dart' - lib\overtime\overtime_new_page\overtime_new_page_widget.dart:5177:57 - ambiguous_import
  error - 'Padding' isn't a function - lib\overtime\overtime_new_page\overtime_new_page_widget.dart:5181:61 - invocation_of_non_function
  error - The name 'Padding' is defined in the libraries 'package:flutter/src/widgets/basic.dart (via package:flutter/material.dart)' and 'package:h_r_optimistic_mobile/overtime/edit_overtime_request/edit_overtime_request_widget.dart' - lib\overtime\overtime_new_page\overtime_new_page_widget.dart:5181:61 - ambiguous_import
  error - The argument type 'TextStyle' can't be assigned to the parameter type 'String?'.  - lib\overtime\overtime_new_page\overtime_new_page_widget.dart:5200:77 - argument_type_not_assignable
  error - The argument type 'TextStyle' can't be assigned to the parameter type 'String?'.  - lib\overtime\overtime_new_page\overtime_new_page_widget.dart:5238:77 - argument_type_not_assignable
warning - The value of the local variable 'appState' isn't used - lib\pages\contact_staff\contact_staff_widget.dart:64:11 - unused_local_variable
warning - The value of the local variable 'staff' isn't used - lib\pages\contact_staff\contact_staff_widget.dart:103:33 - unused_local_variable
warning - The value of the local variable 'appState' isn't used - lib\pages\my_approval\my_approval_widget.dart:43:13 - unused_local_variable
  error - The setter 'CalendarList' isn't defined for the type 'AppState' - lib\time_attandance\time_attendance\time_attendance_widget.dart:48:20 - undefined_setter
  error - The getter 'CalendarList' isn't defined for the type 'AppState' - lib\time_attandance\time_attendance\time_attendance_widget.dart:54:35 - undefined_getter
  error - Expected an identifier - lib\time_attandance\time_attendance\time_attendance_widget.dart:89:46 - missing_identifier
  error - Undefined name 'TimeAttendanceListWidget' - lib\time_attandance\time_attendance\time_attendance_widget.dart:98:62 - undefined_identifier
  error - The getter 'CalendarList' isn't defined for the type 'AppState' - lib\time_attandance\time_attendance\time_attendance_widget.dart:126:48 - undefined_getter
  error - The body might complete normally, causing 'null' to be returned, but the return type, 'Future<dynamic>', is a potentially non-nullable type - lib\time_attandance\time_attendance\time_attendance_widget.dart:127:58 - body_might_complete_normally
  error - The function 'changeTimeEntriesDateFormate' isn't defined - lib\time_attandance\time_attendance\time_attendance_widget.dart:142:33 - undefined_function
  error - The getter 'selectedDate' isn't defined for the type 'AppState' - lib\time_attandance\time_attendance\time_attendance_widget.dart:143:38 - undefined_getter
  error - The named parameter 'clockInTime' is required, but there's no corresponding argument - lib\time_attandance\time_attendance\time_attendance_widget.dart:166:34 - missing_required_argument
  error - The named parameter 'clockOutTime' is required, but there's no corresponding argument - lib\time_attandance\time_attendance\time_attendance_widget.dart:166:34 - missing_required_argument
  error - The named parameter 'location' isn't defined - lib\time_attandance\time_attendance\time_attendance_widget.dart:168:29 - undefined_named_parameter
  error - The named parameter 'checkIn' isn't defined - lib\time_attandance\time_attendance\time_attendance_widget.dart:169:29 - undefined_named_parameter
  error - The named parameter 'checkOut' isn't defined - lib\time_attandance\time_attendance\time_attendance_widget.dart:170:29 - undefined_named_parameter

flutter : 2371 issues found. (ran in 743.4s)
At line:1 char:1
+ flutter analyze --no-pub 2>&1 | Out-File -FilePath "errors.txt" -Enco ...
+ ~~~~~~~~~~~~~~~~~~~~~~~~~~~~~
    + CategoryInfo          : NotSpecified: (2371 issues found. (ran in 743.4s):String) [], Remot 
   eException
    + FullyQualifiedErrorId : NativeCommandError
 
